#
# There is insufficient memory for the Java Runtime Environment to continue.
# Native memory allocation (malloc) failed to allocate 1048576 bytes. Error detail: AllocateHeap
# Possible reasons:
#   The system is out of physical RAM or swap space
#   This process is running with CompressedOops enabled, and the Java Heap may be blocking the growth of the native heap
# Possible solutions:
#   Reduce memory load on the system
#   Increase physical memory or swap space
#   Check if swap backing store is full
#   Decrease Java heap size (-Xmx/-Xms)
#   Decrease number of Java threads
#   Decrease Java thread stack sizes (-Xss)
#   Set larger code cache with -XX:ReservedCodeCacheSize=
#   JVM is running with Unscaled Compressed Oops mode in which the Java heap is
#     placed in the first 4GB address space. The Java Heap base address is the
#     maximum limit for the native heap growth. Please use -XX:HeapBaseMinAddress
#     to set the Java Heap base and to place the Java Heap above 4GB virtual address.
# This output file may be truncated or incomplete.
#
#  Out of Memory Error (allocation.cpp:44), pid=9196, tid=21728
#
# JRE version: OpenJDK Runtime Environment Temurin-21.0.12.1+1 (21.0.12.1+1) (build 21.0.12.1+1-LTS)
# Java VM: OpenJDK 64-Bit Server VM Temurin-21.0.12.1+1 (21.0.12.1+1-LTS, mixed mode, sharing, tiered, compressed oops, compressed class ptrs, parallel gc, windows-amd64)
# No core dump will be written. Minidumps are not enabled by default on client versions of Windows
#

---------------  S U M M A R Y ------------

Command Line: --add-modules=ALL-SYSTEM --add-opens=java.base/java.util=ALL-UNNAMED --add-opens=java.base/java.lang=ALL-UNNAMED --add-opens=java.base/sun.nio.fs=ALL-UNNAMED -Declipse.application=org.eclipse.jdt.ls.core.id1 -Dosgi.bundles.defaultStartLevel=4 -Declipse.product=org.eclipse.jdt.ls.core.product -Djava.import.generatesMetadataFilesAtProjectRoot=false -Dm2e.project.cache.size=50 -DDetectVMInstallationsJob.disabled=true -Dfile.encoding=utf8 -XX:+UseParallelGC -XX:GCTimeRatio=4 -XX:AdaptiveSizePolicyWeight=90 -Dsun.zip.disableMemoryMapping=true -Xmx2G -Xms100m -Xlog:disable -javaagent:c:\Users\ASUS\.vscode\extensions\redhat.java-1.56.0-win32-x64\lombok\lombok-1.18.39-4050.jar -XX:+HeapDumpOnOutOfMemoryError -XX:HeapDumpPath=c:\Users\ASUS\AppData\Roaming\Code\User\workspaceStorage\6b988b4ae5291dc7fb49e8522e53fd87\redhat.java -Daether.dependencyCollector.impl=bf c:\Users\ASUS\.vscode\extensions\redhat.java-1.56.0-win32-x64\server\plugins\org.eclipse.equinox.launcher_1.8.0.v20260804-1928.jar -configuration c:\Users\ASUS\AppData\Roaming\Code\User\globalStorage\redhat.java\1.56.0\config_win -data c:\Users\ASUS\AppData\Roaming\Code\User\workspaceStorage\6b988b4ae5291dc7fb49e8522e53fd87\redhat.java\jdt_ws --pipe=\\.\pipe\lsp-1a0216011346410f3ab7fcfe44ab858b-sock

Host: 13th Gen Intel(R) Core(TM) i5-1335U, 12 cores, 7G,  Windows 11 , 64 bit Build 26100 (10.0.26100.9444)
Time: Wed Sep 23 15:09:15 2026 India Standard Time elapsed time: 2862.316263 seconds (0d 0h 47m 42s)

---------------  T H R E A D  ---------------

Current thread (0x000001eb5c4d7eb0):  JavaThread "Attach Listener" daemon [_thread_in_vm, id=21728, stack(0x0000009405300000,0x0000009405400000) (1024K)]

Stack: [0x0000009405300000,0x0000009405400000]
Native frames: (J=compiled Java code, j=interpreted, Vv=VM code, C=native code)
V  [jvm.dll+0x6d83e9]
V  [jvm.dll+0x8b5736]
V  [jvm.dll+0x8b7cee]
V  [jvm.dll+0x8b83d3]
V  [jvm.dll+0x284596]
V  [jvm.dll+0xc13c7]
V  [jvm.dll+0x6d8c99]
V  [jvm.dll+0x133616]
V  [jvm.dll+0x3f8aae]
V  [jvm.dll+0x8600cd]
V  [jvm.dll+0x6d6c1d]
C  [ucrtbase.dll+0x2cd30]
C  [KERNEL32.DLL+0x2cd87]
C  [ntdll.dll+0xacaec]


---------------  P R O C E S S  ---------------

Threads class SMR info:
_java_thread_list=0x000001eb6216e4b0, length=42, elements={
0x000001eb43c2d2d0, 0x000001eb5c4d44b0, 0x000001eb43bddea0, 0x000001eb5c4d5ef0,
0x000001eb5c4d7eb0, 0x000001eb5c4d9120, 0x000001eb5c503dd0, 0x000001eb5c504c10,
0x000001eb5c53aa40, 0x000001eb5c714550, 0x000001eb5c837f10, 0x000001eb6162b480,
0x000001eb61458a80, 0x000001eb6125aae0, 0x000001eb61260940, 0x000001eb61b33dc0,
0x000001eb5c632bb0, 0x000001eb617c64f0, 0x000001eb61cb3780, 0x000001eb61cb2a60,
0x000001eb61cb30f0, 0x000001eb61cb1020, 0x000001eb61cb3e10, 0x000001eb61cb4b30,
0x000001eb61cb44a0, 0x000001eb61cb51c0, 0x000001eb61cb1d40, 0x000001eb61cb5850,
0x000001eb61cb23d0, 0x000001eb61cb7290, 0x000001eb61cb7920, 0x000001eb61cb5ee0,
0x000001eb61cb7fb0, 0x000001eb61cb8640, 0x000001eb61cb6570, 0x000001eb61cb6c00,
0x000001eb63c722e0, 0x000001eb63c72970, 0x000001eb63c76480, 0x000001eb63c771a0,
0x000001eb62cac470, 0x000001eb62caaa30
}

Java Threads: ( => current thread )
  0x000001eb43c2d2d0 JavaThread "main"                              [_thread_blocked, id=4696, stack(0x0000009404c00000,0x0000009404d00000) (1024K)]
  0x000001eb5c4d44b0 JavaThread "Reference Handler"          daemon [_thread_blocked, id=2500, stack(0x0000009405000000,0x0000009405100000) (1024K)]
  0x000001eb43bddea0 JavaThread "Finalizer"                  daemon [_thread_blocked, id=20908, stack(0x0000009405100000,0x0000009405200000) (1024K)]
  0x000001eb5c4d5ef0 JavaThread "Signal Dispatcher"          daemon [_thread_blocked, id=17596, stack(0x0000009405200000,0x0000009405300000) (1024K)]
=>0x000001eb5c4d7eb0 JavaThread "Attach Listener"            daemon [_thread_in_vm, id=21728, stack(0x0000009405300000,0x0000009405400000) (1024K)]
  0x000001eb5c4d9120 JavaThread "Service Thread"             daemon [_thread_blocked, id=10344, stack(0x0000009405400000,0x0000009405500000) (1024K)]
  0x000001eb5c503dd0 JavaThread "Monitor Deflation Thread"   daemon [_thread_blocked, id=12372, stack(0x0000009405500000,0x0000009405600000) (1024K)]
  0x000001eb5c504c10 JavaThread "C2 CompilerThread0"         daemon [_thread_blocked, id=12272, stack(0x0000009405600000,0x0000009405700000) (1024K)]
  0x000001eb5c53aa40 JavaThread "C1 CompilerThread0"         daemon [_thread_blocked, id=17068, stack(0x0000009405700000,0x0000009405800000) (1024K)]
  0x000001eb5c714550 JavaThread "Common-Cleaner"             daemon [_thread_blocked, id=5368, stack(0x0000009405800000,0x0000009405900000) (1024K)]
  0x000001eb5c837f10 JavaThread "Notification Thread"        daemon [_thread_blocked, id=14284, stack(0x0000009405900000,0x0000009405a00000) (1024K)]
  0x000001eb6162b480 JavaThread "Active Thread: Equinox Container: 4e45b5f9-4249-4ad4-add7-aa1b85b7eaed"        [_thread_blocked, id=9820, stack(0x0000009406000000,0x0000009406100000) (1024K)]
  0x000001eb61458a80 JavaThread "Refresh Thread: Equinox Container: 4e45b5f9-4249-4ad4-add7-aa1b85b7eaed" daemon [_thread_blocked, id=22104, stack(0x0000009406200000,0x0000009406300000) (1024K)]
  0x000001eb6125aae0 JavaThread "Framework Event Dispatcher: Equinox Container: 4e45b5f9-4249-4ad4-add7-aa1b85b7eaed" daemon [_thread_blocked, id=2972, stack(0x0000009406300000,0x0000009406400000) (1024K)]
  0x000001eb61260940 JavaThread "Start Level: Equinox Container: 4e45b5f9-4249-4ad4-add7-aa1b85b7eaed" daemon [_thread_blocked, id=17196, stack(0x0000009406400000,0x0000009406500000) (1024K)]
  0x000001eb61b33dc0 JavaThread "Bundle File Closer"         daemon [_thread_blocked, id=3608, stack(0x0000009406800000,0x0000009406900000) (1024K)]
  0x000001eb5c632bb0 JavaThread "SCR Component Actor"        daemon [_thread_blocked, id=1780, stack(0x0000009406700000,0x0000009406800000) (1024K)]
  0x000001eb617c64f0 JavaThread "Worker-JM"                         [_thread_blocked, id=10916, stack(0x0000009406a00000,0x0000009406b00000) (1024K)]
  0x000001eb61cb3780 JavaThread "Java indexing"              daemon [_thread_blocked, id=9860, stack(0x0000009406e00000,0x0000009406f00000) (1024K)]
  0x000001eb61cb2a60 JavaThread "JNA Cleaner"                daemon [_thread_blocked, id=17544, stack(0x0000009406f00000,0x0000009407000000) (1024K)]
  0x000001eb61cb30f0 JavaThread "Worker-4"                          [_thread_blocked, id=9964, stack(0x0000009407200000,0x0000009407300000) (1024K)]
  0x000001eb61cb1020 JavaThread "Thread-1"                   daemon [_thread_in_native, id=5008, stack(0x0000009407400000,0x0000009407500000) (1024K)]
  0x000001eb61cb3e10 JavaThread "Thread-2"                   daemon [_thread_in_native, id=21104, stack(0x0000009407500000,0x0000009407600000) (1024K)]
  0x000001eb61cb4b30 JavaThread "Thread-3"                   daemon [_thread_in_native, id=16140, stack(0x0000009407600000,0x0000009407700000) (1024K)]
  0x000001eb61cb44a0 JavaThread "Thread-4"                   daemon [_thread_in_native, id=18704, stack(0x0000009407700000,0x0000009407800000) (1024K)]
  0x000001eb61cb51c0 JavaThread "Thread-5"                   daemon [_thread_in_native, id=5928, stack(0x0000009407800000,0x0000009407900000) (1024K)]
  0x000001eb61cb1d40 JavaThread "Thread-6"                   daemon [_thread_in_native, id=11984, stack(0x0000009407900000,0x0000009407a00000) (1024K)]
  0x000001eb61cb5850 JavaThread "Thread-7"                   daemon [_thread_in_native, id=8380, stack(0x0000009407a00000,0x0000009407b00000) (1024K)]
  0x000001eb61cb23d0 JavaThread "Thread-8"                   daemon [_thread_in_native, id=16336, stack(0x0000009407b00000,0x0000009407c00000) (1024K)]
  0x000001eb61cb7290 JavaThread "Thread-9"                   daemon [_thread_in_native, id=10580, stack(0x0000009407c00000,0x0000009407d00000) (1024K)]
  0x000001eb61cb7920 JavaThread "Thread-10"                  daemon [_thread_in_native, id=17864, stack(0x0000009407d00000,0x0000009407e00000) (1024K)]
  0x000001eb61cb5ee0 JavaThread "Thread-11"                  daemon [_thread_in_native, id=11696, stack(0x0000009407e00000,0x0000009407f00000) (1024K)]
  0x000001eb61cb7fb0 JavaThread "Thread-12"                  daemon [_thread_in_native, id=17484, stack(0x0000009407f00000,0x0000009408000000) (1024K)]
  0x000001eb61cb8640 JavaThread "Thread-13"                  daemon [_thread_in_native, id=19068, stack(0x0000009408000000,0x0000009408100000) (1024K)]
  0x000001eb61cb6570 JavaThread "pool-2-thread-1"                   [_thread_blocked, id=16120, stack(0x0000009408100000,0x0000009408200000) (1024K)]
  0x000001eb61cb6c00 JavaThread "WorkspaceEventsHandler"            [_thread_blocked, id=10592, stack(0x0000009408300000,0x0000009408400000) (1024K)]
  0x000001eb63c722e0 JavaThread "pool-1-thread-1"                   [_thread_blocked, id=18028, stack(0x0000009408400000,0x0000009408500000) (1024K)]
  0x000001eb63c72970 JavaThread "pool-3-thread-1"                   [_thread_blocked, id=16076, stack(0x0000009408700000,0x0000009408800000) (1024K)]
  0x000001eb63c76480 JavaThread "Worker-6"                          [_thread_blocked, id=10320, stack(0x0000009408f00000,0x0000009409000000) (1024K)]
  0x000001eb63c771a0 JavaThread "PatternSearchJob-worker-3"  daemon [_thread_blocked, id=21212, stack(0x0000009409000000,0x0000009409100000) (1024K)]
  0x000001eb62cac470 JavaThread "PatternSearchJob-worker-2"  daemon [_thread_blocked, id=20304, stack(0x0000009409100000,0x0000009409200000) (1024K)]
  0x000001eb62caaa30 JavaThread "PatternSearchJob-worker-5"  daemon [_thread_blocked, id=9060, stack(0x0000009409300000,0x0000009409400000) (1024K)]
Total: 42

Other Threads:
  0x000001eb43cee670 VMThread "VM Thread"                           [id=4060, stack(0x0000009404f00000,0x0000009405000000) (1024K)]
  0x000001eb43abca00 WatcherThread "VM Periodic Task Thread"        [id=2040, stack(0x0000009404e00000,0x0000009404f00000) (1024K)]
  0x000001eb43c4b650 WorkerThread "GC Thread#0"                     [id=20424, stack(0x0000009404d00000,0x0000009404e00000) (1024K)]
  0x000001eb5c88e8a0 WorkerThread "GC Thread#1"                     [id=9968, stack(0x0000009405a00000,0x0000009405b00000) (1024K)]
  0x000001eb613898a0 WorkerThread "GC Thread#2"                     [id=11376, stack(0x0000009405b00000,0x0000009405c00000) (1024K)]
  0x000001eb61389c50 WorkerThread "GC Thread#3"                     [id=21560, stack(0x0000009405c00000,0x0000009405d00000) (1024K)]
  0x000001eb611d59f0 WorkerThread "GC Thread#4"                     [id=17584, stack(0x0000009405d00000,0x0000009405e00000) (1024K)]
  0x000001eb5c84bec0 WorkerThread "GC Thread#5"                     [id=12268, stack(0x0000009405e00000,0x0000009405f00000) (1024K)]
  0x000001eb5c84c270 WorkerThread "GC Thread#6"                     [id=16480, stack(0x0000009405f00000,0x0000009406000000) (1024K)]
  0x000001eb5c54cab0 WorkerThread "GC Thread#7"                     [id=10384, stack(0x0000009406100000,0x0000009406200000) (1024K)]
  0x000001eb61b4c640 WorkerThread "GC Thread#8"                     [id=20816, stack(0x0000009406500000,0x0000009406600000) (1024K)]
  0x000001eb61cea500 WorkerThread "GC Thread#9"                     [id=8148, stack(0x0000009406600000,0x0000009406700000) (1024K)]
Total: 12

Threads with active compile tasks:
Total: 0

VM state: not at safepoint (normal execution)

VM Mutex/Monitor currently owned by a thread: None

Heap address: 0x0000000080000000, size: 2048 MB, Compressed Oops mode: 32-bit

CDS archive(s) mapped at: [0x000001eb00000000-0x000001eb00ba0000-0x000001eb00ba0000), size 12189696, SharedBaseAddress: 0x000001eb00000000, ArchiveRelocationMode: 1.
Compressed class space mapped at: 0x000001eb01000000-0x000001eb41000000, reserved size: 1073741824
Narrow klass base: 0x000001eb00000000, Narrow klass shift: 0, Narrow klass range: 0x100000000

GC Precious Log:
 CardTable entry size: 512
 CPUs: 12 total, 12 available
 Memory: 7817M
 Large Page Support: Disabled
 NUMA Support: Disabled
 Compressed Oops: Enabled (32-bit)
 Alignments: Space 512K, Generation 512K, Heap 2M
 Heap Min Capacity: 100M
 Heap Initial Capacity: 100M
 Heap Max Capacity: 2G
 Pre-touch: Disabled
 Parallel Workers: 10

Heap:
 PSYoungGen      total 6656K, used 5787K [0x00000000d5580000, 0x00000000d6200000, 0x0000000100000000)
  eden space 4096K, 78% used [0x00000000d5580000,0x00000000d58a87d8,0x00000000d5980000)
  from space 2560K, 99% used [0x00000000d5f80000,0x00000000d61fe460,0x00000000d6200000)
  to   space 3584K, 0% used [0x00000000d5b00000,0x00000000d5b00000,0x00000000d5e80000)
 ParOldGen       total 734720K, used 734260K [0x0000000080000000, 0x00000000acd80000, 0x00000000d5580000)
  object space 734720K, 99% used [0x0000000080000000,0x00000000acd0d0a8,0x00000000acd80000)
 Metaspace       used 65879K, committed 67264K, reserved 1114112K
  class space    used 7158K, committed 7744K, reserved 1048576K

Card table byte_map: [0x000001eb435d0000,0x000001eb439e0000] _byte_map_base: 0x000001eb431d0000

Marking Bits: (ParMarkBitMap*) 0x00007ff9848444a0
 Begin Bits: [0x000001eb560e0000, 0x000001eb580e0000)
 End Bits:   [0x000001eb580e0000, 0x000001eb5a0e0000)

Polling page: 0x000001eb41a30000

Metaspace:

Usage:
  Non-class:     57.34 MB used.
      Class:      6.99 MB used.
       Both:     64.34 MB used.

Virtual space:
  Non-class space:       64.00 MB reserved,      58.12 MB ( 91%) committed,  1 nodes.
      Class space:        1.00 GB reserved,       7.56 MB ( <1%) committed,  1 nodes.
             Both:        1.06 GB reserved,      65.69 MB (  6%) committed. 

Chunk freelists:
   Non-Class:  5.12 MB
       Class:  8.44 MB
        Both:  13.57 MB

MaxMetaspaceSize: unlimited
CompressedClassSpaceSize: 1.00 GB
Initial GC threshold: 21.00 MB
Current GC threshold: 97.31 MB
CDS: on
 - commit_granule_bytes: 65536.
 - commit_granule_words: 8192.
 - virtual_space_node_default_size: 8388608.
 - enlarge_chunks_in_place: 1.
 - use_allocation_guard: 0.


Internal statistics:

num_allocs_failed_limit: 9.
num_arena_births: 1054.
num_arena_deaths: 14.
num_vsnodes_births: 2.
num_vsnodes_deaths: 0.
num_space_committed: 1051.
num_space_uncommitted: 0.
num_chunks_returned_to_freelist: 23.
num_chunks_taken_from_freelist: 3959.
num_chunk_merges: 12.
num_chunk_splits: 2402.
num_chunks_enlarged: 1335.
num_inconsistent_stats: 0.

CodeHeap 'non-profiled nmethods': size=120000Kb used=7381Kb max_used=7381Kb free=112618Kb
 bounds [0x000001eb4e900000, 0x000001eb4f040000, 0x000001eb55e30000]
CodeHeap 'profiled nmethods': size=120000Kb used=21632Kb max_used=21632Kb free=98367Kb
 bounds [0x000001eb46e30000, 0x000001eb48360000, 0x000001eb4e360000]
CodeHeap 'non-nmethods': size=5760Kb used=1463Kb max_used=1533Kb free=4296Kb
 bounds [0x000001eb4e360000, 0x000001eb4e5d0000, 0x000001eb4e900000]
CodeCache: size=245760Kb, used=30476Kb, max_used=30546Kb, free=215281Kb
 total_blobs=10839, nmethods=10061, adapters=684, full_count=0
Compilation: enabled, stopped_count=0, restarted_count=0

Compilation events (20 events):
Event: 2421.032 Thread 0x000001eb5c504c10 10846       4       java.util.concurrent.locks.AbstractQueuedSynchronizer$ConditionObject::signal (34 bytes)
Event: 2421.041 Thread 0x000001eb5c504c10 nmethod 10846 0x000001eb4f035090 code [0x000001eb4f035240, 0x000001eb4f035378]
Event: 2581.155 Thread 0x000001eb5c53aa40 10847       3       org.eclipse.jdt.ls.core.internal.ParentProcessWatcher::run (83 bytes)
Event: 2581.206 Thread 0x000001eb5c53aa40 nmethod 10847 0x000001eb48347590 code [0x000001eb48347820, 0x000001eb483482b0]
Event: 2661.233 Thread 0x000001eb5c53aa40 10849       3       java.util.concurrent.ScheduledThreadPoolExecutor$DelayedWorkQueue::finishPoll (43 bytes)
Event: 2661.262 Thread 0x000001eb5c53aa40 nmethod 10849 0x000001eb48348610 code [0x000001eb483487e0, 0x000001eb48348d68]
Event: 2661.262 Thread 0x000001eb5c53aa40 10850   !   3       java.util.concurrent.ScheduledThreadPoolExecutor$DelayedWorkQueue::offer (123 bytes)
Event: 2661.271 Thread 0x000001eb5c53aa40 nmethod 10850 0x000001eb48348f10 code [0x000001eb48349220, 0x000001eb4834a5b0]
Event: 2671.230 Thread 0x000001eb5c53aa40 10851       3       java.util.Optional::get (22 bytes)
Event: 2671.243 Thread 0x000001eb5c53aa40 nmethod 10851 0x000001eb4834ae10 code [0x000001eb4834afc0, 0x000001eb4834b1e0]
Event: 2691.245 Thread 0x000001eb5c53aa40 10852   !   3       java.util.concurrent.FutureTask::runAndReset (125 bytes)
Event: 2691.297 Thread 0x000001eb5c53aa40 nmethod 10852 0x000001eb4834b310 code [0x000001eb4834b780, 0x000001eb4834de38]
Event: 2711.262 Thread 0x000001eb5c53aa40 10855       3       java.lang.ProcessHandleImpl::<init> (15 bytes)
Event: 2711.262 Thread 0x000001eb5c53aa40 nmethod 10855 0x000001eb4834e990 code [0x000001eb4834eb40, 0x000001eb4834ecb0]
Event: 2721.276 Thread 0x000001eb5c53aa40 10856       3       java.lang.ProcessHandleImpl::get (51 bytes)
Event: 2721.285 Thread 0x000001eb5c53aa40 nmethod 10856 0x000001eb4834ed90 code [0x000001eb4834efa0, 0x000001eb4834f5a8]
Event: 2741.285 Thread 0x000001eb5c53aa40 10857       3       java.lang.ProcessHandle::of (5 bytes)
Event: 2741.286 Thread 0x000001eb5c53aa40 nmethod 10857 0x000001eb4834f810 code [0x000001eb4834f9c0, 0x000001eb4834fad8]
Event: 2741.286 Thread 0x000001eb5c53aa40 10858       3       java.lang.ProcessHandleImpl::isAlive (44 bytes)
Event: 2741.287 Thread 0x000001eb5c53aa40 nmethod 10858 0x000001eb4834fb90 code [0x000001eb4834fd40, 0x000001eb4834ffa0]

GC Heap History (20 events):
Event: 94.641 GC heap before
{Heap before GC invocations=1026 (full 3):
 PSYoungGen      total 5120K, used 5120K [0x00000000d5580000, 0x00000000d6200000, 0x0000000100000000)
  eden space 3584K, 100% used [0x00000000d5580000,0x00000000d5900000,0x00000000d5900000)
  from space 1536K, 100% used [0x00000000d5c80000,0x00000000d5e00000,0x00000000d5e00000)
  to   space 3584K, 0% used [0x00000000d5900000,0x00000000d5900000,0x00000000d5c80000)
 ParOldGen       total 714752K, used 714698K [0x0000000080000000, 0x00000000aba00000, 0x00000000d5580000)
  object space 714752K, 99% used [0x0000000080000000,0x00000000ab9f2a28,0x00000000aba00000)
 Metaspace       used 65726K, committed 67136K, reserved 1114112K
  class space    used 7146K, committed 7744K, reserved 1048576K
}
Event: 94.649 GC heap after
{Heap after GC invocations=1026 (full 3):
 PSYoungGen      total 5632K, used 1618K [0x00000000d5580000, 0x00000000d5e00000, 0x0000000100000000)
  eden space 3584K, 0% used [0x00000000d5580000,0x00000000d5580000,0x00000000d5900000)
  from space 2048K, 79% used [0x00000000d5900000,0x00000000d5a94808,0x00000000d5b00000)
  to   space 2560K, 0% used [0x00000000d5b80000,0x00000000d5b80000,0x00000000d5e00000)
 ParOldGen       total 716288K, used 716175K [0x0000000080000000, 0x00000000abb80000, 0x00000000d5580000)
  object space 716288K, 99% used [0x0000000080000000,0x00000000abb63ee8,0x00000000abb80000)
 Metaspace       used 65726K, committed 67136K, reserved 1114112K
  class space    used 7146K, committed 7744K, reserved 1048576K
}
Event: 94.692 GC heap before
{Heap before GC invocations=1027 (full 3):
 PSYoungGen      total 5632K, used 5202K [0x00000000d5580000, 0x00000000d5e00000, 0x0000000100000000)
  eden space 3584K, 100% used [0x00000000d5580000,0x00000000d5900000,0x00000000d5900000)
  from space 2048K, 79% used [0x00000000d5900000,0x00000000d5a94808,0x00000000d5b00000)
  to   space 2560K, 0% used [0x00000000d5b80000,0x00000000d5b80000,0x00000000d5e00000)
 ParOldGen       total 716288K, used 716175K [0x0000000080000000, 0x00000000abb80000, 0x00000000d5580000)
  object space 716288K, 99% used [0x0000000080000000,0x00000000abb63ee8,0x00000000abb80000)
 Metaspace       used 65726K, committed 67136K, reserved 1114112K
  class space    used 7146K, committed 7744K, reserved 1048576K
}
Event: 94.704 GC heap after
{Heap after GC invocations=1027 (full 3):
 PSYoungGen      total 5632K, used 1760K [0x00000000d5580000, 0x00000000d5d80000, 0x0000000100000000)
  eden space 3584K, 0% used [0x00000000d5580000,0x00000000d5580000,0x00000000d5900000)
  from space 2048K, 85% used [0x00000000d5b80000,0x00000000d5d38008,0x00000000d5d80000)
  to   space 2048K, 0% used [0x00000000d5900000,0x00000000d5900000,0x00000000d5b00000)
 ParOldGen       total 717312K, used 717285K [0x0000000080000000, 0x00000000abc80000, 0x00000000d5580000)
  object space 717312K, 99% used [0x0000000080000000,0x00000000abc79460,0x00000000abc80000)
 Metaspace       used 65726K, committed 67136K, reserved 1114112K
  class space    used 7146K, committed 7744K, reserved 1048576K
}
Event: 94.739 GC heap before
{Heap before GC invocations=1028 (full 3):
 PSYoungGen      total 5632K, used 5344K [0x00000000d5580000, 0x00000000d5d80000, 0x0000000100000000)
  eden space 3584K, 100% used [0x00000000d5580000,0x00000000d5900000,0x00000000d5900000)
  from space 2048K, 85% used [0x00000000d5b80000,0x00000000d5d38008,0x00000000d5d80000)
  to   space 2048K, 0% used [0x00000000d5900000,0x00000000d5900000,0x00000000d5b00000)
 ParOldGen       total 717312K, used 717285K [0x0000000080000000, 0x00000000abc80000, 0x00000000d5580000)
  object space 717312K, 99% used [0x0000000080000000,0x00000000abc79460,0x00000000abc80000)
 Metaspace       used 65726K, committed 67136K, reserved 1114112K
  class space    used 7146K, committed 7744K, reserved 1048576K
}
Event: 94.746 GC heap after
{Heap after GC invocations=1028 (full 3):
 PSYoungGen      total 5120K, used 1280K [0x00000000d5580000, 0x00000000d5c00000, 0x0000000100000000)
  eden space 3584K, 0% used [0x00000000d5580000,0x00000000d5580000,0x00000000d5900000)
  from space 1536K, 83% used [0x00000000d5900000,0x00000000d5a40000,0x00000000d5a80000)
  to   space 1536K, 0% used [0x00000000d5a80000,0x00000000d5a80000,0x00000000d5c00000)
 ParOldGen       total 719360K, used 718953K [0x0000000080000000, 0x00000000abe80000, 0x00000000d5580000)
  object space 719360K, 99% used [0x0000000080000000,0x00000000abe1a670,0x00000000abe80000)
 Metaspace       used 65726K, committed 67136K, reserved 1114112K
  class space    used 7146K, committed 7744K, reserved 1048576K
}
Event: 94.803 GC heap before
{Heap before GC invocations=1029 (full 3):
 PSYoungGen      total 5120K, used 4864K [0x00000000d5580000, 0x00000000d5c00000, 0x0000000100000000)
  eden space 3584K, 100% used [0x00000000d5580000,0x00000000d5900000,0x00000000d5900000)
  from space 1536K, 83% used [0x00000000d5900000,0x00000000d5a40000,0x00000000d5a80000)
  to   space 1536K, 0% used [0x00000000d5a80000,0x00000000d5a80000,0x00000000d5c00000)
 ParOldGen       total 719360K, used 718953K [0x0000000080000000, 0x00000000abe80000, 0x00000000d5580000)
  object space 719360K, 99% used [0x0000000080000000,0x00000000abe1a670,0x00000000abe80000)
 Metaspace       used 65726K, committed 67136K, reserved 1114112K
  class space    used 7146K, committed 7744K, reserved 1048576K
}
Event: 94.812 GC heap after
{Heap after GC invocations=1029 (full 3):
 PSYoungGen      total 5120K, used 1106K [0x00000000d5580000, 0x00000000d5c00000, 0x0000000100000000)
  eden space 3584K, 0% used [0x00000000d5580000,0x00000000d5580000,0x00000000d5900000)
  from space 1536K, 72% used [0x00000000d5a80000,0x00000000d5b94808,0x00000000d5c00000)
  to   space 1536K, 0% used [0x00000000d5900000,0x00000000d5900000,0x00000000d5a80000)
 ParOldGen       total 720384K, used 719873K [0x0000000080000000, 0x00000000abf80000, 0x00000000d5580000)
  object space 720384K, 99% used [0x0000000080000000,0x00000000abf00498,0x00000000abf80000)
 Metaspace       used 65726K, committed 67136K, reserved 1114112K
  class space    used 7146K, committed 7744K, reserved 1048576K
}
Event: 94.881 GC heap before
{Heap before GC invocations=1030 (full 3):
 PSYoungGen      total 5120K, used 4689K [0x00000000d5580000, 0x00000000d5c00000, 0x0000000100000000)
  eden space 3584K, 99% used [0x00000000d5580000,0x00000000d58fffd0,0x00000000d5900000)
  from space 1536K, 72% used [0x00000000d5a80000,0x00000000d5b94808,0x00000000d5c00000)
  to   space 1536K, 0% used [0x00000000d5900000,0x00000000d5900000,0x00000000d5a80000)
 ParOldGen       total 720384K, used 719873K [0x0000000080000000, 0x00000000abf80000, 0x00000000d5580000)
  object space 720384K, 99% used [0x0000000080000000,0x00000000abf00498,0x00000000abf80000)
 Metaspace       used 65727K, committed 67136K, reserved 1114112K
  class space    used 7146K, committed 7744K, reserved 1048576K
}
Event: 94.888 GC heap after
{Heap after GC invocations=1030 (full 3):
 PSYoungGen      total 5120K, used 1506K [0x00000000d5580000, 0x00000000d6100000, 0x0000000100000000)
  eden space 3584K, 0% used [0x00000000d5580000,0x00000000d5580000,0x00000000d5900000)
  from space 1536K, 98% used [0x00000000d5900000,0x00000000d5a78900,0x00000000d5a80000)
  to   space 4096K, 0% used [0x00000000d5d00000,0x00000000d5d00000,0x00000000d6100000)
 ParOldGen       total 721920K, used 721677K [0x0000000080000000, 0x00000000ac100000, 0x00000000d5580000)
  object space 721920K, 99% used [0x0000000080000000,0x00000000ac0c34c0,0x00000000ac100000)
 Metaspace       used 65727K, committed 67136K, reserved 1114112K
  class space    used 7146K, committed 7744K, reserved 1048576K
}
Event: 94.933 GC heap before
{Heap before GC invocations=1031 (full 3):
 PSYoungGen      total 5120K, used 5090K [0x00000000d5580000, 0x00000000d6100000, 0x0000000100000000)
  eden space 3584K, 100% used [0x00000000d5580000,0x00000000d5900000,0x00000000d5900000)
  from space 1536K, 98% used [0x00000000d5900000,0x00000000d5a78900,0x00000000d5a80000)
  to   space 4096K, 0% used [0x00000000d5d00000,0x00000000d5d00000,0x00000000d6100000)
 ParOldGen       total 721920K, used 721677K [0x0000000080000000, 0x00000000ac100000, 0x00000000d5580000)
  object space 721920K, 99% used [0x0000000080000000,0x00000000ac0c34c0,0x00000000ac100000)
 Metaspace       used 65750K, committed 67136K, reserved 1114112K
  class space    used 7151K, committed 7744K, reserved 1048576K
}
Event: 94.938 GC heap after
{Heap after GC invocations=1031 (full 3):
 PSYoungGen      total 6144K, used 2496K [0x00000000d5580000, 0x00000000d5f80000, 0x0000000100000000)
  eden space 3584K, 0% used [0x00000000d5580000,0x00000000d5580000,0x00000000d5900000)
  from space 2560K, 97% used [0x00000000d5d00000,0x00000000d5f70000,0x00000000d5f80000)
  to   space 3072K, 0% used [0x00000000d5980000,0x00000000d5980000,0x00000000d5c80000)
 ParOldGen       total 723456K, used 723209K [0x0000000080000000, 0x00000000ac280000, 0x00000000d5580000)
  object space 723456K, 99% used [0x0000000080000000,0x00000000ac242558,0x00000000ac280000)
 Metaspace       used 65750K, committed 67136K, reserved 1114112K
  class space    used 7151K, committed 7744K, reserved 1048576K
}
Event: 94.945 GC heap before
{Heap before GC invocations=1032 (full 3):
 PSYoungGen      total 6144K, used 6080K [0x00000000d5580000, 0x00000000d5f80000, 0x0000000100000000)
  eden space 3584K, 100% used [0x00000000d5580000,0x00000000d5900000,0x00000000d5900000)
  from space 2560K, 97% used [0x00000000d5d00000,0x00000000d5f70000,0x00000000d5f80000)
  to   space 3072K, 0% used [0x00000000d5980000,0x00000000d5980000,0x00000000d5c80000)
 ParOldGen       total 723456K, used 723209K [0x0000000080000000, 0x00000000ac280000, 0x00000000d5580000)
  object space 723456K, 99% used [0x0000000080000000,0x00000000ac242558,0x00000000ac280000)
 Metaspace       used 65750K, committed 67136K, reserved 1114112K
  class space    used 7151K, committed 7744K, reserved 1048576K
}
Event: 94.952 GC heap after
{Heap after GC invocations=1032 (full 3):
 PSYoungGen      total 7168K, used 3047K [0x00000000d5580000, 0x00000000d6700000, 0x0000000100000000)
  eden space 4096K, 0% used [0x00000000d5580000,0x00000000d5580000,0x00000000d5980000)
  from space 3072K, 99% used [0x00000000d5980000,0x00000000d5c79f20,0x00000000d5c80000)
  to   space 6656K, 0% used [0x00000000d6080000,0x00000000d6080000,0x00000000d6700000)
 ParOldGen       total 726016K, used 725979K [0x0000000080000000, 0x00000000ac500000, 0x00000000d5580000)
  object space 726016K, 99% used [0x0000000080000000,0x00000000ac4f6f40,0x00000000ac500000)
 Metaspace       used 65750K, committed 67136K, reserved 1114112K
  class space    used 7151K, committed 7744K, reserved 1048576K
}
Event: 1207.133 GC heap before
{Heap before GC invocations=1033 (full 3):
 PSYoungGen      total 7168K, used 7143K [0x00000000d5580000, 0x00000000d6700000, 0x0000000100000000)
  eden space 4096K, 100% used [0x00000000d5580000,0x00000000d5980000,0x00000000d5980000)
  from space 3072K, 99% used [0x00000000d5980000,0x00000000d5c79f20,0x00000000d5c80000)
  to   space 6656K, 0% used [0x00000000d6080000,0x00000000d6080000,0x00000000d6700000)
 ParOldGen       total 726016K, used 725979K [0x0000000080000000, 0x00000000ac500000, 0x00000000d5580000)
  object space 726016K, 99% used [0x0000000080000000,0x00000000ac4f6f40,0x00000000ac500000)
 Metaspace       used 65781K, committed 67136K, reserved 1114112K
  class space    used 7154K, committed 7744K, reserved 1048576K
}
Event: 1208.259 GC heap after
{Heap after GC invocations=1033 (full 3):
 PSYoungGen      total 6144K, used 1899K [0x00000000d5580000, 0x00000000d6280000, 0x0000000100000000)
  eden space 4096K, 0% used [0x00000000d5580000,0x00000000d5580000,0x00000000d5980000)
  from space 2048K, 92% used [0x00000000d6080000,0x00000000d625ae48,0x00000000d6280000)
  to   space 3584K, 0% used [0x00000000d5b80000,0x00000000d5b80000,0x00000000d5f00000)
 ParOldGen       total 729088K, used 729048K [0x0000000080000000, 0x00000000ac800000, 0x00000000d5580000)
  object space 729088K, 99% used [0x0000000080000000,0x00000000ac7f61b0,0x00000000ac800000)
 Metaspace       used 65781K, committed 67136K, reserved 1114112K
  class space    used 7154K, committed 7744K, reserved 1048576K
}
Event: 1208.554 GC heap before
{Heap before GC invocations=1034 (full 3):
 PSYoungGen      total 6144K, used 5958K [0x00000000d5580000, 0x00000000d6280000, 0x0000000100000000)
  eden space 4096K, 99% used [0x00000000d5580000,0x00000000d5976a48,0x00000000d5980000)
  from space 2048K, 92% used [0x00000000d6080000,0x00000000d625ae48,0x00000000d6280000)
  to   space 3584K, 0% used [0x00000000d5b80000,0x00000000d5b80000,0x00000000d5f00000)
 ParOldGen       total 729088K, used 729048K [0x0000000080000000, 0x00000000ac800000, 0x00000000d5580000)
  object space 729088K, 99% used [0x0000000080000000,0x00000000ac7f61b0,0x00000000ac800000)
 Metaspace       used 65789K, committed 67136K, reserved 1114112K
  class space    used 7154K, committed 7744K, reserved 1048576K
}
Event: 1208.564 GC heap after
{Heap after GC invocations=1034 (full 3):
 PSYoungGen      total 7680K, used 3570K [0x00000000d5580000, 0x00000000d6580000, 0x0000000100000000)
  eden space 4096K, 0% used [0x00000000d5580000,0x00000000d5580000,0x00000000d5980000)
  from space 3584K, 99% used [0x00000000d5b80000,0x00000000d5efc840,0x00000000d5f00000)
  to   space 6144K, 0% used [0x00000000d5f80000,0x00000000d5f80000,0x00000000d6580000)
 ParOldGen       total 731136K, used 730849K [0x0000000080000000, 0x00000000aca00000, 0x00000000d5580000)
  object space 731136K, 99% used [0x0000000080000000,0x00000000ac9b86f0,0x00000000aca00000)
 Metaspace       used 65789K, committed 67136K, reserved 1114112K
  class space    used 7154K, committed 7744K, reserved 1048576K
}
Event: 1209.202 GC heap before
{Heap before GC invocations=1035 (full 3):
 PSYoungGen      total 7680K, used 7666K [0x00000000d5580000, 0x00000000d6580000, 0x0000000100000000)
  eden space 4096K, 100% used [0x00000000d5580000,0x00000000d5980000,0x00000000d5980000)
  from space 3584K, 99% used [0x00000000d5b80000,0x00000000d5efc840,0x00000000d5f00000)
  to   space 6144K, 0% used [0x00000000d5f80000,0x00000000d5f80000,0x00000000d6580000)
 ParOldGen       total 731136K, used 730849K [0x0000000080000000, 0x00000000aca00000, 0x00000000d5580000)
  object space 731136K, 99% used [0x0000000080000000,0x00000000ac9b86f0,0x00000000aca00000)
 Metaspace       used 65799K, committed 67136K, reserved 1114112K
  class space    used 7154K, committed 7744K, reserved 1048576K
}
Event: 1209.213 GC heap after
{Heap after GC invocations=1035 (full 3):
 PSYoungGen      total 6656K, used 2553K [0x00000000d5580000, 0x00000000d6200000, 0x0000000100000000)
  eden space 4096K, 0% used [0x00000000d5580000,0x00000000d5580000,0x00000000d5980000)
  from space 2560K, 99% used [0x00000000d5f80000,0x00000000d61fe460,0x00000000d6200000)
  to   space 3584K, 0% used [0x00000000d5b00000,0x00000000d5b00000,0x00000000d5e80000)
 ParOldGen       total 734720K, used 734260K [0x0000000080000000, 0x00000000acd80000, 0x00000000d5580000)
  object space 734720K, 99% used [0x0000000080000000,0x00000000acd0d0a8,0x00000000acd80000)
 Metaspace       used 65799K, committed 67136K, reserved 1114112K
  class space    used 7154K, committed 7744K, reserved 1048576K
}

Dll operation events (20 events):
Event: 0.303 Attempting to load shared library C:\Users\ASUS\.vscode\extensions\redhat.java-1.56.0-win32-x64\jre\21.0.12.1-win32-x86_64\bin\nio.dll
Event: 0.304 Loaded shared library C:\Users\ASUS\.vscode\extensions\redhat.java-1.56.0-win32-x64\jre\21.0.12.1-win32-x86_64\bin\nio.dll
Event: 0.312 Attempting to load shared library C:\Users\ASUS\.vscode\extensions\redhat.java-1.56.0-win32-x64\jre\21.0.12.1-win32-x86_64\bin\zip.dll
Event: 0.312 Loaded shared library C:\Users\ASUS\.vscode\extensions\redhat.java-1.56.0-win32-x64\jre\21.0.12.1-win32-x86_64\bin\zip.dll
Event: 0.353 Attempting to load shared library C:\Users\ASUS\.vscode\extensions\redhat.java-1.56.0-win32-x64\jre\21.0.12.1-win32-x86_64\bin\jimage.dll
Event: 0.353 Loaded shared library C:\Users\ASUS\.vscode\extensions\redhat.java-1.56.0-win32-x64\jre\21.0.12.1-win32-x86_64\bin\jimage.dll
Event: 0.527 Attempting to load shared library c:\Users\ASUS\.vscode\extensions\redhat.java-1.56.0-win32-x64\jre\21.0.12.1-win32-x86_64\bin\verify.dll
Event: 0.529 Loaded shared library c:\Users\ASUS\.vscode\extensions\redhat.java-1.56.0-win32-x64\jre\21.0.12.1-win32-x86_64\bin\verify.dll
Event: 6.557 Attempting to load shared library C:\Users\ASUS\AppData\Roaming\Code\User\globalStorage\redhat.java\1.56.0\config_win\org.eclipse.equinox.launcher\org.eclipse.equinox.launcher.win32.win32.x86_64_1.3.100.v20260804-1928\eclipse_11924.dll
Event: 6.567 Loaded shared library C:\Users\ASUS\AppData\Roaming\Code\User\globalStorage\redhat.java\1.56.0\config_win\org.eclipse.equinox.launcher\org.eclipse.equinox.launcher.win32.win32.x86_64_1.3.100.v20260804-1928\eclipse_11924.dll
Event: 14.805 Attempting to load shared library C:\Users\ASUS\.vscode\extensions\redhat.java-1.56.0-win32-x64\jre\21.0.12.1-win32-x86_64\bin\management.dll
Event: 14.806 Loaded shared library C:\Users\ASUS\.vscode\extensions\redhat.java-1.56.0-win32-x64\jre\21.0.12.1-win32-x86_64\bin\management.dll
Event: 14.810 Attempting to load shared library C:\Users\ASUS\.vscode\extensions\redhat.java-1.56.0-win32-x64\jre\21.0.12.1-win32-x86_64\bin\management_ext.dll
Event: 14.811 Loaded shared library C:\Users\ASUS\.vscode\extensions\redhat.java-1.56.0-win32-x64\jre\21.0.12.1-win32-x86_64\bin\management_ext.dll
Event: 17.699 Attempting to load shared library C:\Users\ASUS\AppData\Local\Temp\jna-2018896\jna489174347630385525.dll
Event: 17.706 Loaded shared library C:\Users\ASUS\AppData\Local\Temp\jna-2018896\jna489174347630385525.dll
Event: 18.336 Attempting to load shared library C:\Users\ASUS\.vscode\extensions\redhat.java-1.56.0-win32-x64\jre\21.0.12.1-win32-x86_64\bin\sunmscapi.dll
Event: 18.344 Loaded shared library C:\Users\ASUS\.vscode\extensions\redhat.java-1.56.0-win32-x64\jre\21.0.12.1-win32-x86_64\bin\sunmscapi.dll
Event: 18.464 Attempting to load shared library C:\Users\ASUS\.vscode\extensions\redhat.java-1.56.0-win32-x64\jre\21.0.12.1-win32-x86_64\bin\extnet.dll
Event: 18.464 Loaded shared library C:\Users\ASUS\.vscode\extensions\redhat.java-1.56.0-win32-x64\jre\21.0.12.1-win32-x86_64\bin\extnet.dll

Deoptimization events (20 events):
Event: 1209.264 Thread 0x000001eb62cacb00 DEOPT PACKING pc=0x000001eb47f002a2 sp=0x00000094049fd070
Event: 1209.264 Thread 0x000001eb62cacb00 DEOPT UNPACKING pc=0x000001eb4e3b4242 sp=0x00000094049fc498 mode 0
Event: 1209.299 Thread 0x000001eb62cacb00 Uncommon trap: trap_request=0xffffff45 fr.pc=0x000001eb4ee5a614 relative=0x0000000000000174
Event: 1209.299 Thread 0x000001eb62cacb00 Uncommon trap: reason=unstable_if action=reinterpret pc=0x000001eb4ee5a614 method=org.eclipse.jdt.core.Signature.checkArrayDimension([CII)I @ 8 c2
Event: 1209.299 Thread 0x000001eb62cacb00 DEOPT PACKING pc=0x000001eb4ee5a614 sp=0x00000094049fde70
Event: 1209.299 Thread 0x000001eb62cacb00 DEOPT UNPACKING pc=0x000001eb4e3b3aa2 sp=0x00000094049fde08 mode 2
Event: 1209.307 Thread 0x000001eb62cacb00 Uncommon trap: trap_request=0xffffff45 fr.pc=0x000001eb4ee9f5ec relative=0x00000000000000ac
Event: 1209.308 Thread 0x000001eb62cacb00 Uncommon trap: reason=unstable_if action=reinterpret pc=0x000001eb4ee9f5ec method=org.eclipse.jdt.core.Signature.appendTypeSignature([CIZLjava/lang/StringBuilder;Z)I @ 197 c2
Event: 1209.308 Thread 0x000001eb62cacb00 DEOPT PACKING pc=0x000001eb4ee9f5ec sp=0x00000094049fddb0
Event: 1209.308 Thread 0x000001eb62cacb00 DEOPT UNPACKING pc=0x000001eb4e3b3aa2 sp=0x00000094049fdd28 mode 2
Event: 1209.308 Thread 0x000001eb62cacb00 Uncommon trap: trap_request=0xffffff45 fr.pc=0x000001eb4edb8008 relative=0x0000000000000de8
Event: 1209.308 Thread 0x000001eb62cacb00 Uncommon trap: reason=unstable_if action=reinterpret pc=0x000001eb4edb8008 method=org.eclipse.jdt.core.Signature.appendClassTypeSignature([CIZLjava/lang/StringBuilder;)I @ 23 c2
Event: 1209.308 Thread 0x000001eb62cacb00 DEOPT PACKING pc=0x000001eb4edb8008 sp=0x00000094049fda80
Event: 1209.308 Thread 0x000001eb62cacb00 DEOPT UNPACKING pc=0x000001eb4e3b3aa2 sp=0x00000094049fda38 mode 2
Event: 1443.584 Thread 0x000001eb61cb6c00 Uncommon trap: trap_request=0xffffff45 fr.pc=0x000001eb4ea0cd80 relative=0x00000000000002c0
Event: 1443.584 Thread 0x000001eb61cb6c00 Uncommon trap: reason=unstable_if action=reinterpret pc=0x000001eb4ea0cd80 method=org.eclipse.core.runtime.Path.equals(Ljava/lang/Object;)Z @ 120 c2
Event: 1443.584 Thread 0x000001eb61cb6c00 DEOPT PACKING pc=0x000001eb4ea0cd80 sp=0x00000094083febd0
Event: 1443.584 Thread 0x000001eb61cb6c00 DEOPT UNPACKING pc=0x000001eb4e3b3aa2 sp=0x00000094083feb60 mode 2
Event: 2115.111 Thread 0x000001eb61cb30f0 DEOPT PACKING pc=0x000001eb4790521a sp=0x00000094072fed60
Event: 2115.111 Thread 0x000001eb61cb30f0 DEOPT UNPACKING pc=0x000001eb4e3b4242 sp=0x00000094072fe1c8 mode 0

Classes loaded (20 events):
Event: 58.573 Loading class java/util/stream/Nodes$ConcNode
Event: 58.573 Loading class java/util/stream/Nodes$AbstractConcNode
Event: 58.573 Loading class java/util/stream/Nodes$AbstractConcNode done
Event: 58.573 Loading class java/util/stream/Nodes$ConcNode done
Event: 62.282 Loading class java/util/stream/ReduceOps$4
Event: 62.283 Loading class java/util/stream/ReduceOps$4 done
Event: 62.283 Loading class java/util/stream/ReduceOps$4ReducingSink
Event: 62.283 Loading class java/util/stream/ReduceOps$4ReducingSink done
Event: 62.569 Loading class java/util/concurrent/ArrayBlockingQueue
Event: 62.569 Loading class java/util/concurrent/ArrayBlockingQueue done
Event: 62.746 Loading class java/util/Hashtable$ValueCollection
Event: 62.746 Loading class java/util/Hashtable$ValueCollection done
Event: 62.961 Loading class java/util/stream/DistinctOps
Event: 62.961 Loading class java/util/stream/DistinctOps done
Event: 62.961 Loading class java/util/stream/DistinctOps$1
Event: 62.962 Loading class java/util/stream/DistinctOps$1 done
Event: 62.963 Loading class java/util/stream/DistinctOps$1$2
Event: 62.963 Loading class java/util/stream/DistinctOps$1$2 done
Event: 62.969 Loading class java/nio/file/Files$2
Event: 62.969 Loading class java/nio/file/Files$2 done

Classes unloaded (7 events):
Event: 16.250 Thread 0x000001eb43cee670 Unloading class 0x000001eb011adc00 'java/lang/invoke/LambdaForm$MH+0x000001eb011adc00'
Event: 16.250 Thread 0x000001eb43cee670 Unloading class 0x000001eb011ad800 'java/lang/invoke/LambdaForm$MH+0x000001eb011ad800'
Event: 16.250 Thread 0x000001eb43cee670 Unloading class 0x000001eb011ad400 'java/lang/invoke/LambdaForm$MH+0x000001eb011ad400'
Event: 16.250 Thread 0x000001eb43cee670 Unloading class 0x000001eb011ad000 'java/lang/invoke/LambdaForm$MH+0x000001eb011ad000'
Event: 16.250 Thread 0x000001eb43cee670 Unloading class 0x000001eb011acc00 'java/lang/invoke/LambdaForm$BMH+0x000001eb011acc00'
Event: 16.250 Thread 0x000001eb43cee670 Unloading class 0x000001eb011ac800 'java/lang/invoke/LambdaForm$DMH+0x000001eb011ac800'
Event: 16.250 Thread 0x000001eb43cee670 Unloading class 0x000001eb011ab400 'java/lang/invoke/LambdaForm$DMH+0x000001eb011ab400'

Classes redefined (0 events):
No events

Internal exceptions (20 events):
Event: 93.110 Thread 0x000001eb61cb3780 Exception <a 'sun/nio/fs/WindowsException'{0x00000000d5a220d0}> (0x00000000d5a220d0) 
thrown [s\src\hotspot\share\prims\jni.cpp, line 520]
Event: 93.166 Thread 0x000001eb61cb3780 Exception <a 'sun/nio/fs/WindowsException'{0x00000000d5699e88}> (0x00000000d5699e88) 
thrown [s\src\hotspot\share\prims\jni.cpp, line 520]
Event: 93.213 Thread 0x000001eb61cb3780 Exception <a 'sun/nio/fs/WindowsException'{0x00000000d5748e50}> (0x00000000d5748e50) 
thrown [s\src\hotspot\share\prims\jni.cpp, line 520]
Event: 93.243 Thread 0x000001eb61cb3780 Exception <a 'sun/nio/fs/WindowsException'{0x00000000d577bcf0}> (0x00000000d577bcf0) 
thrown [s\src\hotspot\share\prims\jni.cpp, line 520]
Event: 93.256 Thread 0x000001eb61cb3780 Exception <a 'sun/nio/fs/WindowsException'{0x00000000d5797ab8}> (0x00000000d5797ab8) 
thrown [s\src\hotspot\share\prims\jni.cpp, line 520]
Event: 93.273 Thread 0x000001eb61cb3780 Exception <a 'sun/nio/fs/WindowsException'{0x00000000d57b5058}> (0x00000000d57b5058) 
thrown [s\src\hotspot\share\prims\jni.cpp, line 520]
Event: 93.292 Thread 0x000001eb61cb3780 Exception <a 'sun/nio/fs/WindowsException'{0x00000000d5827858}> (0x00000000d5827858) 
thrown [s\src\hotspot\share\prims\jni.cpp, line 520]
Event: 93.366 Thread 0x000001eb61cb3780 Exception <a 'sun/nio/fs/WindowsException'{0x00000000d589e160}> (0x00000000d589e160) 
thrown [s\src\hotspot\share\prims\jni.cpp, line 520]
Event: 93.387 Thread 0x000001eb61cb3780 Exception <a 'sun/nio/fs/WindowsException'{0x00000000d5975e90}> (0x00000000d5975e90) 
thrown [s\src\hotspot\share\prims\jni.cpp, line 520]
Event: 93.473 Thread 0x000001eb61cb3780 Exception <a 'sun/nio/fs/WindowsException'{0x00000000d5628ae8}> (0x00000000d5628ae8) 
thrown [s\src\hotspot\share\prims\jni.cpp, line 520]
Event: 93.658 Thread 0x000001eb61cb3780 Exception <a 'sun/nio/fs/WindowsException'{0x00000000d5649968}> (0x00000000d5649968) 
thrown [s\src\hotspot\share\prims\jni.cpp, line 520]
Event: 93.721 Thread 0x000001eb61cb3780 Exception <a 'sun/nio/fs/WindowsException'{0x00000000d58ba978}> (0x00000000d58ba978) 
thrown [s\src\hotspot\share\prims\jni.cpp, line 520]
Event: 93.742 Thread 0x000001eb61cb3780 Exception <a 'sun/nio/fs/WindowsException'{0x00000000d590c770}> (0x00000000d590c770) 
thrown [s\src\hotspot\share\prims\jni.cpp, line 520]
Event: 93.778 Thread 0x000001eb61cb3780 Exception <a 'sun/nio/fs/WindowsException'{0x00000000d55e3180}> (0x00000000d55e3180) 
thrown [s\src\hotspot\share\prims\jni.cpp, line 520]
Event: 94.014 Thread 0x000001eb61cb3780 Exception <a 'sun/nio/fs/WindowsException'{0x00000000d5911010}> (0x00000000d5911010) 
thrown [s\src\hotspot\share\prims\jni.cpp, line 520]
Event: 94.872 Thread 0x000001eb61cb30f0 Exception <a 'sun/nio/fs/WindowsException'{0x00000000d582f1f8}> (0x00000000d582f1f8) 
thrown [s\src\hotspot\share\prims\jni.cpp, line 520]
Event: 94.873 Thread 0x000001eb61cb30f0 Exception <a 'sun/nio/fs/WindowsException'{0x00000000d583a9e8}> (0x00000000d583a9e8) 
thrown [s\src\hotspot\share\prims\jni.cpp, line 520]
Event: 94.903 Thread 0x000001eb61cb30f0 Exception <a 'sun/nio/fs/WindowsException'{0x00000000d56c0c28}> (0x00000000d56c0c28) 
thrown [s\src\hotspot\share\prims\jni.cpp, line 520]
Event: 94.904 Thread 0x000001eb61cb30f0 Exception <a 'sun/nio/fs/WindowsException'{0x00000000d56c15b8}> (0x00000000d56c15b8) 
thrown [s\src\hotspot\share\prims\jni.cpp, line 520]
Event: 1209.173 Thread 0x000001eb62cacb00 Implicit null exception at 0x000001eb4ee83b63 to 0x000001eb4ee84214

ZGC Phase Switch (0 events):
No events

VM Operations (20 events):
Event: 2405.977 Executing non-safepoint VM operation: HandshakeAllThreads (HandshakeForDeflation)
Event: 2405.980 Executing non-safepoint VM operation: HandshakeAllThreads (HandshakeForDeflation) done
Event: 2405.981 Executing non-safepoint VM operation: RendezvousGCThreads
Event: 2405.981 Executing non-safepoint VM operation: RendezvousGCThreads done
Event: 2466.212 Executing non-safepoint VM operation: HandshakeAllThreads (HandshakeForDeflation)
Event: 2466.212 Executing non-safepoint VM operation: HandshakeAllThreads (HandshakeForDeflation) done
Event: 2466.212 Executing non-safepoint VM operation: RendezvousGCThreads
Event: 2466.212 Executing non-safepoint VM operation: RendezvousGCThreads done
Event: 2586.295 Executing non-safepoint VM operation: HandshakeAllThreads (HandshakeForDeflation)
Event: 2586.298 Executing non-safepoint VM operation: HandshakeAllThreads (HandshakeForDeflation) done
Event: 2586.298 Executing non-safepoint VM operation: RendezvousGCThreads
Event: 2586.298 Executing non-safepoint VM operation: RendezvousGCThreads done
Event: 2646.376 Executing non-safepoint VM operation: HandshakeAllThreads (HandshakeForDeflation)
Event: 2646.376 Executing non-safepoint VM operation: HandshakeAllThreads (HandshakeForDeflation) done
Event: 2646.376 Executing non-safepoint VM operation: RendezvousGCThreads
Event: 2646.376 Executing non-safepoint VM operation: RendezvousGCThreads done
Event: 2706.429 Executing non-safepoint VM operation: HandshakeAllThreads (HandshakeForDeflation)
Event: 2706.429 Executing non-safepoint VM operation: HandshakeAllThreads (HandshakeForDeflation) done
Event: 2706.429 Executing non-safepoint VM operation: RendezvousGCThreads
Event: 2706.429 Executing non-safepoint VM operation: RendezvousGCThreads done

Memory protections (0 events):
No events

Nmethod flushes (20 events):
Event: 57.239 Thread 0x000001eb43cee670 flushing  nmethod 0x000001eb4769d510
Event: 57.239 Thread 0x000001eb43cee670 flushing  nmethod 0x000001eb4769dc10
Event: 57.239 Thread 0x000001eb43cee670 flushing  nmethod 0x000001eb476a4b10
Event: 57.239 Thread 0x000001eb43cee670 flushing  nmethod 0x000001eb476a5110
Event: 57.239 Thread 0x000001eb43cee670 flushing  nmethod 0x000001eb476a5510
Event: 57.239 Thread 0x000001eb43cee670 flushing  nmethod 0x000001eb476a5890
Event: 57.239 Thread 0x000001eb43cee670 flushing  nmethod 0x000001eb476a6390
Event: 57.239 Thread 0x000001eb43cee670 flushing  nmethod 0x000001eb476a6b90
Event: 57.239 Thread 0x000001eb43cee670 flushing  nmethod 0x000001eb476a6f90
Event: 57.239 Thread 0x000001eb43cee670 flushing  nmethod 0x000001eb476a7310
Event: 57.239 Thread 0x000001eb43cee670 flushing  nmethod 0x000001eb476a9d90
Event: 57.239 Thread 0x000001eb43cee670 flushing  nmethod 0x000001eb476aa190
Event: 57.239 Thread 0x000001eb43cee670 flushing  nmethod 0x000001eb476aa590
Event: 57.239 Thread 0x000001eb43cee670 flushing  nmethod 0x000001eb476ab090
Event: 57.239 Thread 0x000001eb43cee670 flushing  nmethod 0x000001eb476aba10
Event: 57.239 Thread 0x000001eb43cee670 flushing  nmethod 0x000001eb476add10
Event: 57.239 Thread 0x000001eb43cee670 flushing  nmethod 0x000001eb476ae310
Event: 57.239 Thread 0x000001eb43cee670 flushing  nmethod 0x000001eb476e8e10
Event: 57.239 Thread 0x000001eb43cee670 flushing  nmethod 0x000001eb476f2790
Event: 57.239 Thread 0x000001eb43cee670 flushing  nmethod 0x000001eb476f8510

Events (20 events):
Event: 334.989 Thread 0x000001eb63c6fb80 Thread exited: 0x000001eb63c6fb80
Event: 362.012 Thread 0x000001eb63c743b0 Thread exited: 0x000001eb63c743b0
Event: 362.012 Thread 0x000001eb63c73690 Thread exited: 0x000001eb63c73690
Event: 362.012 Thread 0x000001eb63c715c0 Thread exited: 0x000001eb63c715c0
Event: 362.012 Thread 0x000001eb63c73d20 Thread exited: 0x000001eb63c73d20
Event: 362.945 Thread 0x000001eb63c75760 Thread exited: 0x000001eb63c75760
Event: 395.050 Thread 0x000001eb63c74a40 Thread exited: 0x000001eb63c74a40
Event: 695.068 Thread 0x000001eb62cacb00 Thread exited: 0x000001eb62cacb00
Event: 995.077 Thread 0x000001eb62cabde0 Thread exited: 0x000001eb62cabde0
Event: 1205.856 Thread 0x000001eb63c722e0 Thread added: 0x000001eb62cacb00
Event: 1206.689 Thread 0x000001eb62cacb00 Thread added: 0x000001eb62cae540
Event: 1209.968 Thread 0x000001eb5c504c10 Thread added: 0x000001eb63ea85b0
Event: 1214.986 Thread 0x000001eb63ea85b0 Thread exited: 0x000001eb63ea85b0
Event: 1269.371 Thread 0x000001eb62cacb00 Thread exited: 0x000001eb62cacb00
Event: 1329.380 Thread 0x000001eb62cae540 Thread exited: 0x000001eb62cae540
Event: 1506.740 Thread 0x000001eb62ca9d10 Thread exited: 0x000001eb62ca9d10
Event: 1806.747 Thread 0x000001eb62cab0c0 Thread exited: 0x000001eb62cab0c0
Event: 2106.792 Thread 0x000001eb62cad190 Thread exited: 0x000001eb62cad190
Event: 2406.869 Thread 0x000001eb62cab750 Thread exited: 0x000001eb62cab750
Event: 2706.826 Thread 0x000001eb62caa3a0 Thread exited: 0x000001eb62caa3a0


Dynamic libraries:
0x00007ff6f5990000 - 0x00007ff6f599e000 	c:\Users\ASUS\.vscode\extensions\redhat.java-1.56.0-win32-x64\jre\21.0.12.1-win32-x86_64\bin\java.exe
0x00007ffa47f60000 - 0x00007ffa481c7000 	C:\WINDOWS\SYSTEM32\ntdll.dll
0x00007ffa47da0000 - 0x00007ffa47e6b000 	C:\WINDOWS\System32\KERNEL32.DLL
0x00007ffa45550000 - 0x00007ffa45952000 	C:\WINDOWS\System32\KERNELBASE.dll
0x00007ffa45960000 - 0x00007ffa45aac000 	C:\WINDOWS\System32\ucrtbase.dll
0x00007ffa01da0000 - 0x00007ffa01db8000 	c:\Users\ASUS\.vscode\extensions\redhat.java-1.56.0-win32-x64\jre\21.0.12.1-win32-x86_64\bin\jli.dll
0x00007ffa01e70000 - 0x00007ffa01e8e000 	c:\Users\ASUS\.vscode\extensions\redhat.java-1.56.0-win32-x64\jre\21.0.12.1-win32-x86_64\bin\VCRUNTIME140.dll
0x00007ffa45de0000 - 0x00007ffa45faf000 	C:\WINDOWS\System32\USER32.dll
0x00007ffa45ac0000 - 0x00007ffa45ae7000 	C:\WINDOWS\System32\win32u.dll
0x00007ffa233a0000 - 0x00007ffa23630000 	C:\WINDOWS\WinSxS\amd64_microsoft.windows.common-controls_6595b64144ccf1df_6.0.26100.9278_none_3e0d1ba8e3303201\COMCTL32.dll
0x00007ffa47930000 - 0x00007ffa4795b000 	C:\WINDOWS\System32\GDI32.dll
0x00007ffa47e70000 - 0x00007ffa47f19000 	C:\WINDOWS\System32\msvcrt.dll
0x00007ffa45160000 - 0x00007ffa45289000 	C:\WINDOWS\System32\gdi32full.dll
0x00007ffa45290000 - 0x00007ffa45333000 	C:\WINDOWS\System32\msvcp_win.dll
0x00007ffa478f0000 - 0x00007ffa47921000 	C:\WINDOWS\System32\IMM32.DLL
0x00007ffa15ba0000 - 0x00007ffa15bac000 	c:\Users\ASUS\.vscode\extensions\redhat.java-1.56.0-win32-x64\jre\21.0.12.1-win32-x86_64\bin\vcruntime140_1.dll
0x00007ff9ea4d0000 - 0x00007ff9ea55d000 	c:\Users\ASUS\.vscode\extensions\redhat.java-1.56.0-win32-x64\jre\21.0.12.1-win32-x86_64\bin\msvcp140.dll
0x00007ff983b80000 - 0x00007ff984922000 	c:\Users\ASUS\.vscode\extensions\redhat.java-1.56.0-win32-x64\jre\21.0.12.1-win32-x86_64\bin\server\jvm.dll
0x00007ffa46140000 - 0x00007ffa461fc000 	C:\WINDOWS\System32\ADVAPI32.dll
0x00007ffa463b0000 - 0x00007ffa46459000 	C:\WINDOWS\System32\sechost.dll
0x00007ffa46000000 - 0x00007ffa46118000 	C:\WINDOWS\System32\RPCRT4.dll
0x00007ffa46460000 - 0x00007ffa464e0000 	C:\WINDOWS\System32\WS2_32.dll
0x00007ffa44fc0000 - 0x00007ffa4501e000 	C:\WINDOWS\SYSTEM32\POWRPROF.dll
0x00007ffa3a580000 - 0x00007ffa3a5b6000 	C:\WINDOWS\SYSTEM32\WINMM.dll
0x00007ffa32f70000 - 0x00007ffa32f7b000 	C:\WINDOWS\SYSTEM32\VERSION.dll
0x00007ffa44fa0000 - 0x00007ffa44fb5000 	C:\WINDOWS\SYSTEM32\UMPDC.dll
0x00007ffa43e30000 - 0x00007ffa43e4b000 	C:\WINDOWS\SYSTEM32\kernel.appcore.dll
0x00007ffa15020000 - 0x00007ffa1502a000 	c:\Users\ASUS\.vscode\extensions\redhat.java-1.56.0-win32-x64\jre\21.0.12.1-win32-x86_64\bin\jimage.dll
0x00007ffa42590000 - 0x00007ffa427dc000 	C:\WINDOWS\SYSTEM32\DBGHELP.DLL
0x00007ffa46590000 - 0x00007ffa46915000 	C:\WINDOWS\System32\combase.dll
0x00007ffa46970000 - 0x00007ffa46a49000 	C:\WINDOWS\System32\OLEAUT32.dll
0x00007ffa178f0000 - 0x00007ffa1792b000 	C:\WINDOWS\SYSTEM32\dbgcore.DLL
0x00007ffa453d0000 - 0x00007ffa4547c000 	C:\WINDOWS\System32\bcryptPrimitives.dll
0x00007ffa127a0000 - 0x00007ffa127af000 	c:\Users\ASUS\.vscode\extensions\redhat.java-1.56.0-win32-x64\jre\21.0.12.1-win32-x86_64\bin\instrument.dll
0x00007ffa01390000 - 0x00007ffa013b0000 	c:\Users\ASUS\.vscode\extensions\redhat.java-1.56.0-win32-x64\jre\21.0.12.1-win32-x86_64\bin\java.dll
0x00007ffa470f0000 - 0x00007ffa47888000 	C:\WINDOWS\System32\SHELL32.dll
0x00007ffa42b60000 - 0x00007ffa4340e000 	C:\WINDOWS\SYSTEM32\windows.storage.dll
0x00007ffa47ca0000 - 0x00007ffa47d9b000 	C:\WINDOWS\System32\SHCORE.dll
0x00007ffa46520000 - 0x00007ffa46586000 	C:\WINDOWS\System32\shlwapi.dll
0x00007ffa45080000 - 0x00007ffa450a9000 	C:\WINDOWS\SYSTEM32\profapi.dll
0x00007ffa00d20000 - 0x00007ffa00d38000 	c:\Users\ASUS\.vscode\extensions\redhat.java-1.56.0-win32-x64\jre\21.0.12.1-win32-x86_64\bin\zip.dll
0x00007ffa14fe0000 - 0x00007ffa14ff0000 	C:\Users\ASUS\.vscode\extensions\redhat.java-1.56.0-win32-x64\jre\21.0.12.1-win32-x86_64\bin\net.dll
0x00007ffa34480000 - 0x00007ffa345aa000 	C:\WINDOWS\SYSTEM32\WINHTTP.dll
0x00007ffa443f0000 - 0x00007ffa4445c000 	C:\WINDOWS\system32\mswsock.dll
0x00007ff9fa200000 - 0x00007ff9fa216000 	C:\Users\ASUS\.vscode\extensions\redhat.java-1.56.0-win32-x64\jre\21.0.12.1-win32-x86_64\bin\nio.dll
0x00007ffa3cd90000 - 0x00007ffa3cda0000 	c:\Users\ASUS\.vscode\extensions\redhat.java-1.56.0-win32-x64\jre\21.0.12.1-win32-x86_64\bin\verify.dll
0x00007ff994040000 - 0x00007ff994085000 	C:\Users\ASUS\AppData\Roaming\Code\User\globalStorage\redhat.java\1.56.0\config_win\org.eclipse.equinox.launcher\org.eclipse.equinox.launcher.win32.win32.x86_64_1.3.100.v20260804-1928\eclipse_11924.dll
0x00007ffa46210000 - 0x00007ffa463aa000 	C:\WINDOWS\System32\ole32.dll
0x00007ffa039c0000 - 0x00007ffa039ca000 	C:\Users\ASUS\.vscode\extensions\redhat.java-1.56.0-win32-x64\jre\21.0.12.1-win32-x86_64\bin\management.dll
0x00007ffa034a0000 - 0x00007ffa034ac000 	C:\Users\ASUS\.vscode\extensions\redhat.java-1.56.0-win32-x64\jre\21.0.12.1-win32-x86_64\bin\management_ext.dll
0x00007ffa45fe0000 - 0x00007ffa45fe8000 	C:\WINDOWS\System32\PSAPI.DLL
0x00007ffa446e0000 - 0x00007ffa446fb000 	C:\WINDOWS\SYSTEM32\CRYPTSP.dll
0x00007ffa43d90000 - 0x00007ffa43dc9000 	C:\WINDOWS\system32\rsaenh.dll
0x00007ffa444a0000 - 0x00007ffa444d4000 	C:\WINDOWS\SYSTEM32\USERENV.dll
0x00007ffa45050000 - 0x00007ffa4507a000 	C:\WINDOWS\SYSTEM32\bcrypt.dll
0x00007ffa44700000 - 0x00007ffa4470c000 	C:\WINDOWS\SYSTEM32\CRYPTBASE.dll
0x00007ffa436f0000 - 0x00007ffa43723000 	C:\WINDOWS\SYSTEM32\IPHLPAPI.DLL
0x00007ffa45d10000 - 0x00007ffa45d1a000 	C:\WINDOWS\System32\NSI.dll
0x00007ff992810000 - 0x00007ff992859000 	C:\Users\ASUS\AppData\Local\Temp\jna-2018896\jna489174347630385525.dll
0x00007ffa3bd50000 - 0x00007ffa3bd6d000 	C:\WINDOWS\SYSTEM32\dhcpcsvc6.DLL
0x00007ffa3bd20000 - 0x00007ffa3bd45000 	C:\WINDOWS\SYSTEM32\dhcpcsvc.DLL
0x00007ff9f9760000 - 0x00007ff9f976e000 	C:\Users\ASUS\.vscode\extensions\redhat.java-1.56.0-win32-x64\jre\21.0.12.1-win32-x86_64\bin\sunmscapi.dll
0x00007ffa45af0000 - 0x00007ffa45c6e000 	C:\WINDOWS\System32\CRYPT32.dll
0x00007ffa44920000 - 0x00007ffa44950000 	C:\WINDOWS\SYSTEM32\ncrypt.dll
0x00007ffa448d0000 - 0x00007ffa4490f000 	C:\WINDOWS\SYSTEM32\NTASN1.dll
0x00007ffa43730000 - 0x00007ffa43888000 	C:\WINDOWS\SYSTEM32\DNSAPI.dll
0x00007ffa44180000 - 0x00007ffa4418d000 	C:\WINDOWS\SYSTEM32\DSPARSE.dll
0x00007ffa33930000 - 0x00007ffa3393b000 	C:\Windows\System32\rasadhlp.dll
0x00007ffa3c2e0000 - 0x00007ffa3c366000 	C:\WINDOWS\System32\fwpuclnt.dll
0x00007ff9fa1f0000 - 0x00007ff9fa1f9000 	C:\Users\ASUS\.vscode\extensions\redhat.java-1.56.0-win32-x64\jre\21.0.12.1-win32-x86_64\bin\extnet.dll

JVMTI agents:
c:\Users\ASUS\.vscode\extensions\redhat.java-1.56.0-win32-x64\lombok\lombok-1.18.39-4050.jar path:c:\Users\ASUS\.vscode\extensions\redhat.java-1.56.0-win32-x64\jre\21.0.12.1-win32-x86_64\bin\instrument.dll, loaded, initialized, instrumentlib options:none

dbghelp: loaded successfully - version: 4.0.5 - missing functions: none
symbol engine: initialized successfully - sym options: 0x614 - pdb path: .;c:\Users\ASUS\.vscode\extensions\redhat.java-1.56.0-win32-x64\jre\21.0.12.1-win32-x86_64\bin;C:\WINDOWS\SYSTEM32;C:\WINDOWS\WinSxS\amd64_microsoft.windows.common-controls_6595b64144ccf1df_6.0.26100.9278_none_3e0d1ba8e3303201;c:\Users\ASUS\.vscode\extensions\redhat.java-1.56.0-win32-x64\jre\21.0.12.1-win32-x86_64\bin\server;C:\Users\ASUS\AppData\Roaming\Code\User\globalStorage\redhat.java\1.56.0\config_win\org.eclipse.equinox.launcher\org.eclipse.equinox.launcher.win32.win32.x86_64_1.3.100.v20260804-1928;C:\Users\ASUS\AppData\Local\Temp\jna-2018896

VM Arguments:
jvm_args: --add-modules=ALL-SYSTEM --add-opens=java.base/java.util=ALL-UNNAMED --add-opens=java.base/java.lang=ALL-UNNAMED --add-opens=java.base/sun.nio.fs=ALL-UNNAMED -Declipse.application=org.eclipse.jdt.ls.core.id1 -Dosgi.bundles.defaultStartLevel=4 -Declipse.product=org.eclipse.jdt.ls.core.product -Djava.import.generatesMetadataFilesAtProjectRoot=false -Dm2e.project.cache.size=50 -DDetectVMInstallationsJob.disabled=true -Dfile.encoding=utf8 -XX:+UseParallelGC -XX:GCTimeRatio=4 -XX:AdaptiveSizePolicyWeight=90 -Dsun.zip.disableMemoryMapping=true -Xmx2G -Xms100m -Xlog:disable -javaagent:c:\Users\ASUS\.vscode\extensions\redhat.java-1.56.0-win32-x64\lombok\lombok-1.18.39-4050.jar -XX:+HeapDumpOnOutOfMemoryError -XX:HeapDumpPath=c:\Users\ASUS\AppData\Roaming\Code\User\workspaceStorage\6b988b4ae5291dc7fb49e8522e53fd87\redhat.java -Daether.dependencyCollector.impl=bf 
java_command: c:\Users\ASUS\.vscode\extensions\redhat.java-1.56.0-win32-x64\server\plugins\org.eclipse.equinox.launcher_1.8.0.v20260804-1928.jar -configuration c:\Users\ASUS\AppData\Roaming\Code\User\globalStorage\redhat.java\1.56.0\config_win -data c:\Users\ASUS\AppData\Roaming\Code\User\workspaceStorage\6b988b4ae5291dc7fb49e8522e53fd87\redhat.java\jdt_ws --pipe=\\.\pipe\lsp-1a0216011346410f3ab7fcfe44ab858b-sock
java_class_path (initial): c:\Users\ASUS\.vscode\extensions\redhat.java-1.56.0-win32-x64\server\plugins\org.eclipse.equinox.launcher_1.8.0.v20260804-1928.jar
Launcher Type: SUN_STANDARD

[Global flags]
    uintx AdaptiveSizePolicyWeight                 = 90                                        {product} {command line}
     intx CICompilerCount                          = 4                                         {product} {ergonomic}
    uintx GCTimeRatio                              = 4                                         {product} {command line}
     bool HeapDumpOnOutOfMemoryError               = true                                   {manageable} {command line}
    ccstr HeapDumpPath                             = c:\Users\ASUS\AppData\Roaming\Code\User\workspaceStorage\6b988b4ae5291dc7fb49e8522e53fd87\redhat.java         {manageable} {command line}
   size_t InitialHeapSize                          = 104857600                                 {product} {command line}
   size_t MaxHeapSize                              = 2147483648                                {product} {command line}
   size_t MaxNewSize                               = 715653120                                 {product} {ergonomic}
   size_t MinHeapDeltaBytes                        = 524288                                    {product} {ergonomic}
   size_t MinHeapSize                              = 104857600                                 {product} {command line}
   size_t NewSize                                  = 34603008                                  {product} {ergonomic}
    uintx NonNMethodCodeHeapSize                   = 5839372                                {pd product} {ergonomic}
    uintx NonProfiledCodeHeapSize                  = 122909434                              {pd product} {ergonomic}
   size_t OldSize                                  = 70254592                                  {product} {ergonomic}
    uintx ProfiledCodeHeapSize                     = 122909434                              {pd product} {ergonomic}
    uintx ReservedCodeCacheSize                    = 251658240                              {pd product} {ergonomic}
     bool SegmentedCodeCache                       = true                                      {product} {ergonomic}
   size_t SoftMaxHeapSize                          = 2147483648                             {manageable} {ergonomic}
     bool UseCompressedOops                        = true                           {product lp64_product} {ergonomic}
     bool UseLargePagesIndividualAllocation        = false                                  {pd product} {ergonomic}
     bool UseParallelGC                            = true                                      {product} {command line}

Logging:
Log output configuration:
 #0: stdout all=off uptime,level,tags foldmultilines=false
 #1: stderr all=off uptime,level,tags foldmultilines=false

Release file:
JAVA_VERSION="21.0.12.1" 
MODULES="java.base java.compiler java.datatransfer java.xml java.prefs java.desktop java.instrument java.logging java.management java.security.sasl java.naming java.rmi java.management.rmi java.net.http java.scripting java.security.jgss java.transaction.xa java.sql java.sql.rowset java.xml.crypto java.se java.smartcardio jdk.accessibility jdk.internal.jvmstat jdk.attach jdk.charsets jdk.internal.opt jdk.zipfs jdk.compiler jdk.crypto.ec jdk.crypto.cryptoki jdk.crypto.mscapi jdk.dynalink jdk.internal.ed jdk.editpad jdk.hotspot.agent jdk.httpserver jdk.internal.le jdk.internal.vm.ci jdk.internal.vm.compiler jdk.internal.vm.compiler.management jdk.jartool jdk.javadoc jdk.jcmd jdk.management jdk.management.agent jdk.jconsole jdk.jdeps jdk.jdwp.agent jdk.jdi jdk.jfr jdk.jshell jdk.jsobject jdk.jstatd jdk.localedata jdk.management.jfr jdk.naming.dns jdk.naming.rmi jdk.net jdk.nio.mapmode jdk.random jdk.sctp jdk.security.auth jdk.security.jgss jdk.unsupported jdk.unsupported.desktop jdk.xml.dom" 

Environment Variables:
PATH=C:\Program Files\Eclipse Adoptium\jdk-17.0.20.101-hotspot\bin;C:\Python314\Scripts\;C:\Python314\;C:\WINDOWS\system32;C:\WINDOWS;C:\WINDOWS\System32\Wbem;C:\WINDOWS\System32\WindowsPowerShell\v1.0\;C:\WINDOWS\System32\OpenSSH\;C:\MinGW\bin;C:\Program Files (x86)\Windows Kits\10\Windows Performance Toolkit\;C:\Program Files\dotnet\;C:\Program Files\nodejs\;C:\ProgramData\chocolatey\bin;C:\Program Files\Git\cmd;E:\Microsoft VS Code\bin;C:\Program Files\MySQL\MySQL Shell 8.0\bin\;C:\Users\ASUS\AppData\Local\Microsoft\WindowsApps;C:\MinGW\bin;C:\Users\ASUS\AppData\Roaming\npm;C:\ProgramData\ASUS\GitHubDesktop\bin;C:\Users\ASUS\AppData\Local\GitHubDesktop\bin;C:\Users\ASUS\.bun\bin;E:\Development\maven\apache-maven-3.9.16\bin;
USERNAME=ASUS
OS=Windows_NT
PROCESSOR_IDENTIFIER=Intel64 Family 6 Model 186 Stepping 3, GenuineIntel
TMP=C:\Users\ASUS\AppData\Local\Temp
TEMP=C:\Users\ASUS\AppData\Local\Temp




Periodic native trim disabled

---------------  S Y S T E M  ---------------

OS:
 Windows 11 , 64 bit Build 26100 (10.0.26100.9444)
OS uptime: 0 days 1:03 hours
Hyper-V role detected

CPU: total 12 (initial active 12) (6 cores per cpu, 2 threads per core) family 6 model 186 stepping 3 microcode 0x4129, cx8, cmov, fxsr, ht, mmx, 3dnowpref, sse, sse2, sse3, ssse3, sse4.1, sse4.2, popcnt, lzcnt, tsc, tscinvbit, avx, avx2, aes, erms, clmul, bmi1, bmi2, adx, sha, fma, vzeroupper, clflush, clflushopt, clwb, hv, serialize, rdtscp, rdpid, fsrm, f16c, cet_ibt, cet_ss
Processor Information for processor 0
  Max Mhz: 1300, Current Mhz: 1300, Mhz Limit: 1300
Processor Information for processor 1
  Max Mhz: 1300, Current Mhz: 1300, Mhz Limit: 1300
Processor Information for processor 2
  Max Mhz: 1300, Current Mhz: 1300, Mhz Limit: 1300
Processor Information for processor 3
  Max Mhz: 1300, Current Mhz: 1300, Mhz Limit: 1300
Processor Information for processor 4
  Max Mhz: 1300, Current Mhz: 900, Mhz Limit: 897
Processor Information for processor 5
  Max Mhz: 1300, Current Mhz: 900, Mhz Limit: 897
Processor Information for processor 6
  Max Mhz: 1300, Current Mhz: 900, Mhz Limit: 897
Processor Information for processor 7
  Max Mhz: 1300, Current Mhz: 900, Mhz Limit: 897
Processor Information for processor 8
  Max Mhz: 1300, Current Mhz: 900, Mhz Limit: 897
Processor Information for processor 9
  Max Mhz: 1300, Current Mhz: 900, Mhz Limit: 897
Processor Information for processor 10
  Max Mhz: 1300, Current Mhz: 900, Mhz Limit: 897
Processor Information for processor 11
  Max Mhz: 1300, Current Mhz: 900, Mhz Limit: 897

Memory: 4k page, system-wide physical 7817M (433M free)
TotalPageFile size 18353M (AvailPageFile size 91M)
current process WorkingSet (physical memory assigned to process): 12M, peak: 873M
current process commit charge ("private bytes"): 997M, peak: 1021M

vm_info: OpenJDK 64-Bit Server VM (21.0.12.1+1-LTS) for windows-amd64 JRE (21.0.12.1+1-LTS), built on 2026-08-18T00:00:00Z by "admin" with MS VC++ 17.12 (VS2022)

END.
