#
# There is insufficient memory for the Java Runtime Environment to continue.
# Native memory allocation (malloc) failed to allocate 32784 bytes. Error detail: Chunk::new
# Possible reasons:
#   The system is out of physical RAM or swap space
#   This process is running with CompressedOops enabled, and the Java Heap may be blocking the growth of the native heap
# Possible solutions:
#   Reduce memory load on the system
#   Increase physical memory or swap space
#   Check if swap backing store is full
#   Decrease Java heap size (-Xmx/-Xms)
#   Decrease number of Java threads
#   Decrease Java thread stack sizes (-Xss)
#   Set larger code cache with -XX:ReservedCodeCacheSize=
#   JVM is running with Unscaled Compressed Oops mode in which the Java heap is
#     placed in the first 4GB address space. The Java Heap base address is the
#     maximum limit for the native heap growth. Please use -XX:HeapBaseMinAddress
#     to set the Java Heap base and to place the Java Heap above 4GB virtual address.
# This output file may be truncated or incomplete.
#
#  Out of Memory Error (arena.cpp:191), pid=3556, tid=2520
#
# JRE version: OpenJDK Runtime Environment Temurin-17.0.20.1+1 (17.0.20.1+1) (build 17.0.20.1+1)
# Java VM: OpenJDK 64-Bit Server VM Temurin-17.0.20.1+1 (17.0.20.1+1, mixed mode, sharing, tiered, compressed oops, compressed class ptrs, g1 gc, windows-amd64)
# No core dump will be written. Minidumps are not enabled by default on client versions of Windows
#

---------------  S U M M A R Y ------------

Command Line: --add-opens=java.base/java.lang=ALL-UNNAMED --add-opens=java.base/java.lang.invoke=ALL-UNNAMED --add-opens=java.base/java.util=ALL-UNNAMED --add-opens=java.prefs/java.util.prefs=ALL-UNNAMED --add-exports=jdk.compiler/com.sun.tools.javac.api=ALL-UNNAMED --add-exports=jdk.compiler/com.sun.tools.javac.util=ALL-UNNAMED --add-opens=java.base/java.nio.charset=ALL-UNNAMED --add-opens=java.base/java.net=ALL-UNNAMED --add-opens=java.base/java.util.concurrent=ALL-UNNAMED --add-opens=java.base/java.util.concurrent.atomic=ALL-UNNAMED --add-opens=java.xml/javax.xml.namespace=ALL-UNNAMED --add-opens=java.base/java.time=ALL-UNNAMED -XX:MaxMetaspaceSize=384m -XX:+HeapDumpOnOutOfMemoryError -Xms256m -Xmx512m -Dfile.encoding=UTF-8 -Duser.country=IN -Duser.language=en -Duser.variant -javaagent:C:\Users\ASUS\.gradle\wrapper\dists\gradle-9.7.1-bin\1w1c7tv4s851m17nbqdsro2tv\gradle-9.7.1\lib\agents\gradle-instrumentation-agent-9.7.1.jar org.gradle.launcher.daemon.bootstrap.GradleDaemon 9.7.1

Host: 13th Gen Intel(R) Core(TM) i5-1335U, 12 cores, 7G,  Windows 11 , 64 bit Build 26100 (10.0.26100.9444)
Time: Wed Sep 23 15:11:27 2026 India Standard Time elapsed time: 40.111324 seconds (0d 0h 0m 40s)

---------------  T H R E A D  ---------------

Current thread (0x000001e7fd3d5720):  JavaThread "C2 CompilerThread0" daemon [_thread_in_native, id=2520, stack(0x000000df01e00000,0x000000df01f00000)]


Current CompileTask:
C2:40111 11591   !   4       io.spring.gradle.dependencymanagement.org.codehaus.plexus.interpolation.StringSearchInterpolator::interpolate (668 bytes)

Stack: [0x000000df01e00000,0x000000df01f00000]
Native frames: (J=compiled Java code, j=interpreted, Vv=VM code, C=native code)
V  [jvm.dll+0x684d39]
V  [jvm.dll+0x83a565]
V  [jvm.dll+0x83bfde]
V  [jvm.dll+0x83c663]
V  [jvm.dll+0x2490cf]
V  [jvm.dll+0xad536]
V  [jvm.dll+0xadbdc]
V  [jvm.dll+0xad644]
V  [jvm.dll+0x66283c]
V  [jvm.dll+0x577bce]
V  [jvm.dll+0x576da3]
V  [jvm.dll+0x576d58]
V  [jvm.dll+0x57a567]
V  [jvm.dll+0x57a1e6]
V  [jvm.dll+0x57981e]
V  [jvm.dll+0x579831]
V  [jvm.dll+0x579831]
V  [jvm.dll+0x579831]
V  [jvm.dll+0x579831]
V  [jvm.dll+0x579831]
V  [jvm.dll+0x579831]
V  [jvm.dll+0x579831]
V  [jvm.dll+0x5797e5]
V  [jvm.dll+0x58b86c]
V  [jvm.dll+0x223054]
V  [jvm.dll+0x21baaf]
V  [jvm.dll+0x219212]
V  [jvm.dll+0x1a49e0]
V  [jvm.dll+0x229a6a]
V  [jvm.dll+0x227c1b]
V  [jvm.dll+0x7f0d18]
V  [jvm.dll+0x7eb17c]
V  [jvm.dll+0x683c07]
C  [ucrtbase.dll+0x2cd30]
C  [KERNEL32.DLL+0x2cd87]
C  [ntdll.dll+0xacaec]


---------------  P R O C E S S  ---------------

Threads class SMR info:
_java_thread_list=0x000001e7b387fe50, length=58, elements={
0x000001e7f8e3b1f0, 0x000001e7fd3b7000, 0x000001e7fd3b7ad0, 0x000001e7fd3c9c60,
0x000001e7fd3ce550, 0x000001e7fd3cf5c0, 0x000001e7fd3d3b30, 0x000001e7fd3d5720,
0x000001e7fd3dd060, 0x000001e7fd3de8f0, 0x000001e7fd3a1bb0, 0x000001e796e5d8f0,
0x000001e7b11fb580, 0x000001e7b1726710, 0x000001e7b18751e0, 0x000001e7b241a840,
0x000001e7b241f590, 0x000001e7b22d5060, 0x000001e7b22d69b0, 0x000001e7b22d73d0,
0x000001e7b22d78e0, 0x000001e7b22d4130, 0x000001e7b22d5570, 0x000001e7b22d64a0,
0x000001e7b22d6ec0, 0x000001e7b22d4640, 0x000001e7b22d4b50, 0x000001e7b22d5f90,
0x000001e7b33b0300, 0x000001e7b33b0810, 0x000001e7b33ad060, 0x000001e7b33adf90,
0x000001e7b33ae4a0, 0x000001e7b33ae9b0, 0x000001e7b33aeec0, 0x000001e7b33af3d0,
0x000001e7b33ada80, 0x000001e7b33b0d20, 0x000001e7b33ad570, 0x000001e7b33b3ab0,
0x000001e7b33b35a0, 0x000001e7b33b3fc0, 0x000001e7b33b1230, 0x000001e7b33b2b80,
0x000001e7b33b1c50, 0x000001e7b33b49e0, 0x000001e7b33b3090, 0x000001e7b33b1740,
0x000001e7b33b2160, 0x000001e7b33b2670, 0x000001e7b515f370, 0x000001e7b515f880,
0x000001e7b51616e0, 0x000001e7b5161bf0, 0x000001e7b51607b0, 0x000001e7b5160cc0,
0x000001e7b5162100, 0x000001e7b5162610
}

Java Threads: ( => current thread )
  0x000001e7f8e3b1f0 JavaThread "main" [_thread_blocked, id=15680, stack(0x000000df01100000,0x000000df01200000)]
  0x000001e7fd3b7000 JavaThread "Reference Handler" daemon [_thread_blocked, id=20104, stack(0x000000df01800000,0x000000df01900000)]
  0x000001e7fd3b7ad0 JavaThread "Finalizer" daemon [_thread_blocked, id=23008, stack(0x000000df01900000,0x000000df01a00000)]
  0x000001e7fd3c9c60 JavaThread "Signal Dispatcher" daemon [_thread_blocked, id=23696, stack(0x000000df01a00000,0x000000df01b00000)]
  0x000001e7fd3ce550 JavaThread "Attach Listener" daemon [_thread_blocked, id=5224, stack(0x000000df01b00000,0x000000df01c00000)]
  0x000001e7fd3cf5c0 JavaThread "Service Thread" daemon [_thread_blocked, id=24220, stack(0x000000df01c00000,0x000000df01d00000)]
  0x000001e7fd3d3b30 JavaThread "Monitor Deflation Thread" daemon [_thread_blocked, id=22236, stack(0x000000df01d00000,0x000000df01e00000)]
=>0x000001e7fd3d5720 JavaThread "C2 CompilerThread0" daemon [_thread_in_native, id=2520, stack(0x000000df01e00000,0x000000df01f00000)]
  0x000001e7fd3dd060 JavaThread "C1 CompilerThread0" daemon [_thread_blocked, id=4256, stack(0x000000df01f00000,0x000000df02000000)]
  0x000001e7fd3de8f0 JavaThread "Sweeper thread" daemon [_thread_blocked, id=23760, stack(0x000000df02000000,0x000000df02100000)]
  0x000001e7fd3a1bb0 JavaThread "Common-Cleaner" daemon [_thread_blocked, id=15004, stack(0x000000df02100000,0x000000df02200000)]
  0x000001e796e5d8f0 JavaThread "Notification Thread" daemon [_thread_blocked, id=8284, stack(0x000000df02200000,0x000000df02300000)]
  0x000001e7b11fb580 JavaThread "Daemon health stats" [_thread_blocked, id=10644, stack(0x000000df02a00000,0x000000df02b00000)]
  0x000001e7b1726710 JavaThread "Incoming local TCP Connector on port 52905" [_thread_in_native, id=11612, stack(0x000000df02400000,0x000000df02500000)]
  0x000001e7b18751e0 JavaThread "Daemon periodic checks" [_thread_blocked, id=860, stack(0x000000df02b00000,0x000000df02c00000)]
  0x000001e7b241a840 JavaThread "Daemon" [_thread_blocked, id=7880, stack(0x000000df02c00000,0x000000df02d00000)]
  0x000001e7b241f590 JavaThread "Handler for socket connection from /127.0.0.1:52905 to /127.0.0.1:52906" [_thread_in_native, id=10588, stack(0x000000df02d00000,0x000000df02e00000)]
  0x000001e7b22d5060 JavaThread "Cancel handler" [_thread_blocked, id=9160, stack(0x000000df02e00000,0x000000df02f00000)]
  0x000001e7b22d69b0 JavaThread "Daemon worker" [_thread_in_Java, id=18144, stack(0x000000df02f00000,0x000000df03000000)]
  0x000001e7b22d73d0 JavaThread "Asynchronous log dispatcher for DefaultDaemonConnection: socket connection from /127.0.0.1:52905 to /127.0.0.1:52906" [_thread_blocked, id=132, stack(0x000000df03000000,0x000000df03100000)]
  0x000001e7b22d78e0 JavaThread "Stdin handler" [_thread_blocked, id=22556, stack(0x000000df03100000,0x000000df03200000)]
  0x000001e7b22d4130 JavaThread "Daemon client event forwarder" [_thread_blocked, id=14252, stack(0x000000df03200000,0x000000df03300000)]
  0x000001e7b22d5570 JavaThread "Cache worker for journal cache (C:\Users\ASUS\.gradle\caches\journal-1)" [_thread_blocked, id=4832, stack(0x000000df03300000,0x000000df03400000)]
  0x000001e7b22d64a0 JavaThread "File lock request listener" [_thread_in_native, id=10620, stack(0x000000df03400000,0x000000df03500000)]
  0x000001e7b22d6ec0 JavaThread "Cache worker for file hash cache (C:\Users\ASUS\.gradle\caches\9.7.1\fileHashes)" [_thread_blocked, id=16784, stack(0x000000df03500000,0x000000df03600000)]
  0x000001e7b22d4640 JavaThread "Cache worker for file hash cache (E:\FullStack\exp 5\exp 5\exp_5_code\backend\.gradle\9.7.1\fileHashes)" [_thread_blocked, id=9040, stack(0x000000df03c00000,0x000000df03d00000)]
  0x000001e7b22d4b50 JavaThread "Cache worker for Build Output Cleanup Cache (E:\FullStack\exp 5\exp 5\exp_5_code\backend\.gradle\buildOutputCleanup)" [_thread_blocked, id=9052, stack(0x000000df03d00000,0x000000df03e00000)]
  0x000001e7b22d5f90 JavaThread "File watcher server" daemon [_thread_in_native, id=4704, stack(0x000000df03e00000,0x000000df03f00000)]
  0x000001e7b33b0300 JavaThread "File watcher consumer" daemon [_thread_blocked, id=13268, stack(0x000000df03f00000,0x000000df04000000)]
  0x000001e7b33b0810 JavaThread "jar transforms" [_thread_blocked, id=18244, stack(0x000000df04000000,0x000000df04100000)]
  0x000001e7b33ad060 JavaThread "jar transforms Thread 2" [_thread_blocked, id=19072, stack(0x000000df04100000,0x000000df04200000)]
  0x000001e7b33adf90 JavaThread "jar transforms Thread 3" [_thread_blocked, id=9196, stack(0x000000df04200000,0x000000df04300000)]
  0x000001e7b33ae4a0 JavaThread "Cache worker for file content cache (C:\Users\ASUS\.gradle\caches\9.7.1\fileContent)" [_thread_blocked, id=9260, stack(0x000000df04300000,0x000000df04400000)]
  0x000001e7b33ae9b0 JavaThread "Cache worker for checksums cache (E:\FullStack\exp 5\exp 5\exp_5_code\backend\.gradle\9.7.1\checksums)" [_thread_blocked, id=23116, stack(0x000000df04400000,0x000000df04500000)]
  0x000001e7b33aeec0 JavaThread "Cache worker for cache directory md-supplier (C:\Users\ASUS\.gradle\caches\9.7.1\md-supplier)" [_thread_blocked, id=21048, stack(0x000000df04500000,0x000000df04600000)]
  0x000001e7b33af3d0 JavaThread "Cache worker for cache directory md-rule (C:\Users\ASUS\.gradle\caches\9.7.1\md-rule)" [_thread_blocked, id=22600, stack(0x000000df04600000,0x000000df04700000)]
  0x000001e7b33ada80 JavaThread "jar transforms Thread 4" [_thread_blocked, id=22748, stack(0x000000df04700000,0x000000df04800000)]
  0x000001e7b33b0d20 JavaThread "jar transforms Thread 5" [_thread_blocked, id=23996, stack(0x000000df04800000,0x000000df04900000)]
  0x000001e7b33ad570 JavaThread "jar transforms Thread 6" [_thread_blocked, id=8096, stack(0x000000df04900000,0x000000df04a00000)]
  0x000001e7b33b3ab0 JavaThread "jar transforms Thread 7" [_thread_blocked, id=14024, stack(0x000000df04a00000,0x000000df04b00000)]
  0x000001e7b33b35a0 JavaThread "jar transforms Thread 8" [_thread_blocked, id=17352, stack(0x000000df04c00000,0x000000df04d00000)]
  0x000001e7b33b3fc0 JavaThread "jar transforms Thread 9" [_thread_blocked, id=12840, stack(0x000000df04d00000,0x000000df04e00000)]
  0x000001e7b33b1230 JavaThread "jar transforms Thread 10" [_thread_blocked, id=13784, stack(0x000000df04e00000,0x000000df04f00000)]
  0x000001e7b33b2b80 JavaThread "jar transforms Thread 11" [_thread_blocked, id=6340, stack(0x000000df04f00000,0x000000df05000000)]
  0x000001e7b33b1c50 JavaThread "jar transforms Thread 12" [_thread_blocked, id=11164, stack(0x000000df05000000,0x000000df05100000)]
  0x000001e7b33b49e0 JavaThread "Build operations" [_thread_blocked, id=13820, stack(0x000000df05400000,0x000000df05500000)]
  0x000001e7b33b3090 JavaThread "Build operations Thread 2" [_thread_blocked, id=24508, stack(0x000000df05500000,0x000000df05600000)]
  0x000001e7b33b1740 JavaThread "Build operations Thread 3" [_thread_blocked, id=3712, stack(0x000000df05600000,0x000000df05700000)]
  0x000001e7b33b2160 JavaThread "Build operations Thread 4" [_thread_blocked, id=14284, stack(0x000000df05700000,0x000000df05800000)]
  0x000001e7b33b2670 JavaThread "Build operations Thread 5" [_thread_blocked, id=22984, stack(0x000000df05800000,0x000000df05900000)]
  0x000001e7b515f370 JavaThread "Build operations Thread 6" [_thread_blocked, id=11912, stack(0x000000df05900000,0x000000df05a00000)]
  0x000001e7b515f880 JavaThread "Build operations Thread 7" [_thread_blocked, id=1104, stack(0x000000df05a00000,0x000000df05b00000)]
  0x000001e7b51616e0 JavaThread "Build operations Thread 8" [_thread_blocked, id=20264, stack(0x000000df05b00000,0x000000df05c00000)]
  0x000001e7b5161bf0 JavaThread "Build operations Thread 9" [_thread_blocked, id=21712, stack(0x000000df05c00000,0x000000df05d00000)]
  0x000001e7b51607b0 JavaThread "Build operations Thread 10" [_thread_blocked, id=21872, stack(0x000000df05d00000,0x000000df05e00000)]
  0x000001e7b5160cc0 JavaThread "Build operations Thread 11" [_thread_blocked, id=22504, stack(0x000000df05e00000,0x000000df05f00000)]
  0x000001e7b5162100 JavaThread "Build operations Thread 12" [_thread_blocked, id=14468, stack(0x000000df05f00000,0x000000df06000000)]
  0x000001e7b5162610 JavaThread "Memory manager" [_thread_blocked, id=22500, stack(0x000000df06000000,0x000000df06100000)]

Other Threads:
  0x000001e7fd3ae860 VMThread "VM Thread" [stack: 0x000000df01700000,0x000000df01800000] [id=18848]
  0x000001e796d84e40 WatcherThread [stack: 0x000000df02300000,0x000000df02400000] [id=14128]
  0x000001e7f8e6bcf0 GCTaskThread "GC Thread#0" [stack: 0x000000df01200000,0x000000df01300000] [id=19792]
  0x000001e7b0bf9d10 GCTaskThread "GC Thread#1" [stack: 0x000000df02500000,0x000000df02600000] [id=21852]
  0x000001e7b0a0deb0 GCTaskThread "GC Thread#2" [stack: 0x000000df02600000,0x000000df02700000] [id=8660]
  0x000001e7b0bcc820 GCTaskThread "GC Thread#3" [stack: 0x000000df02700000,0x000000df02800000] [id=9020]
  0x000001e7b0e2fcc0 GCTaskThread "GC Thread#4" [stack: 0x000000df02800000,0x000000df02900000] [id=4064]
  0x000001e7b0b30900 GCTaskThread "GC Thread#5" [stack: 0x000000df02900000,0x000000df02a00000] [id=3896]
  0x000001e7b1aabd10 GCTaskThread "GC Thread#6" [stack: 0x000000df03600000,0x000000df03700000] [id=10236]
  0x000001e7b1aad050 GCTaskThread "GC Thread#7" [stack: 0x000000df03700000,0x000000df03800000] [id=10772]
  0x000001e7b1aad310 GCTaskThread "GC Thread#8" [stack: 0x000000df03800000,0x000000df03900000] [id=21492]
  0x000001e7b1aad5d0 GCTaskThread "GC Thread#9" [stack: 0x000000df03900000,0x000000df03a00000] [id=19680]
  0x000001e7f8e70b50 ConcurrentGCThread "G1 Main Marker" [stack: 0x000000df01300000,0x000000df01400000] [id=2296]
  0x000001e7f8e728f0 ConcurrentGCThread "G1 Conc#0" [stack: 0x000000df01400000,0x000000df01500000] [id=17964]
  0x000001e7b1aac290 ConcurrentGCThread "G1 Conc#1" [stack: 0x000000df03a00000,0x000000df03b00000] [id=9340]
  0x000001e7b1aac810 ConcurrentGCThread "G1 Conc#2" [stack: 0x000000df03b00000,0x000000df03c00000] [id=4652]
  0x000001e7f8eedd30 ConcurrentGCThread "G1 Refine#0" [stack: 0x000000df01500000,0x000000df01600000] [id=11200]
  0x000001e7b3c766b0 ConcurrentGCThread "G1 Refine#1" [stack: 0x000000df05100000,0x000000df05200000] [id=7732]
  0x000001e7b3c77560 ConcurrentGCThread "G1 Refine#2" [stack: 0x000000df05200000,0x000000df05300000] [id=12584]
  0x000001e7b3c76c90 ConcurrentGCThread "G1 Refine#3" [stack: 0x000000df05300000,0x000000df05400000] [id=21584]
  0x000001e7b4a7cfe0 ConcurrentGCThread "G1 Refine#4" [stack: 0x000000df06100000,0x000000df06200000] [id=18976]
  0x000001e7f8eee670 ConcurrentGCThread "G1 Service" [stack: 0x000000df01600000,0x000000df01700000] [id=7752]

Threads with active compile tasks:
C2 CompilerThread0  40230 11591   !   4       io.spring.gradle.dependencymanagement.org.codehaus.plexus.interpolation.StringSearchInterpolator::interpolate (668 bytes)

VM state: not at safepoint (normal execution)

VM Mutex/Monitor currently owned by a thread: None

Heap address: 0x00000000e0000000, size: 512 MB, Compressed Oops mode: 32-bit

CDS archive(s) mapped at: [0x000001e797000000-0x000001e797bb0000-0x000001e797bb0000), size 12255232, SharedBaseAddress: 0x000001e797000000, ArchiveRelocationMode: 1.
Compressed class space mapped at: 0x000001e798000000-0x000001e7ac000000, reserved size: 335544320
Narrow klass base: 0x000001e797000000, Narrow klass shift: 0, Narrow klass range: 0x100000000

GC Precious Log:
 CPUs: 12 total, 12 available
 Memory: 7817M
 Large Page Support: Disabled
 NUMA Support: Disabled
 Compressed Oops: Enabled (32-bit)
 Heap Region Size: 1M
 Heap Min Capacity: 256M
 Heap Initial Capacity: 256M
 Heap Max Capacity: 512M
 Pre-touch: Disabled
 Parallel Workers: 10
 Concurrent Workers: 3
 Concurrent Refinement Workers: 10
 Periodic GC: Disabled

Heap:
 garbage-first heap   total 262144K, used 186547K [0x00000000e0000000, 0x0000000100000000)
  region size 1024K, 137 young (140288K), 13 survivors (13312K)
 Metaspace       used 65080K, committed 65984K, reserved 393216K
  class space    used 9117K, committed 9536K, reserved 327680K

Heap Regions: E=young(eden), S=young(survivor), O=old, HS=humongous(starts), HC=humongous(continues), CS=collection set, F=free, OA=open archive, CA=closed archive, TAMS=top-at-mark-start (previous, next)
|   0|0x00000000e0000000, 0x00000000e0100000, 0x00000000e0100000|100%|HS|  |TAMS 0x00000000e0100000, 0x00000000e0000000| Complete 
|   1|0x00000000e0100000, 0x00000000e0200000, 0x00000000e0200000|100%|HC|  |TAMS 0x00000000e0200000, 0x00000000e0100000| Complete 
|   2|0x00000000e0200000, 0x00000000e0300000, 0x00000000e0300000|100%|HC|  |TAMS 0x00000000e0300000, 0x00000000e0200000| Complete 
|   3|0x00000000e0300000, 0x00000000e0400000, 0x00000000e0400000|100%|HC|  |TAMS 0x00000000e0400000, 0x00000000e0300000| Complete 
|   4|0x00000000e0400000, 0x00000000e0500000, 0x00000000e0500000|100%| O|  |TAMS 0x00000000e0500000, 0x00000000e0400000| Untracked 
|   5|0x00000000e0500000, 0x00000000e0600000, 0x00000000e0600000|100%| O|  |TAMS 0x00000000e0600000, 0x00000000e0500000| Untracked 
|   6|0x00000000e0600000, 0x00000000e0700000, 0x00000000e0700000|100%| O|  |TAMS 0x00000000e0700000, 0x00000000e0600000| Untracked 
|   7|0x00000000e0700000, 0x00000000e0800000, 0x00000000e0800000|100%| O|  |TAMS 0x00000000e0800000, 0x00000000e0700000| Untracked 
|   8|0x00000000e0800000, 0x00000000e0900000, 0x00000000e0900000|100%| O|  |TAMS 0x00000000e0900000, 0x00000000e0800000| Untracked 
|   9|0x00000000e0900000, 0x00000000e0a00000, 0x00000000e0a00000|100%| O|  |TAMS 0x00000000e0a00000, 0x00000000e0900000| Untracked 
|  10|0x00000000e0a00000, 0x00000000e0b00000, 0x00000000e0b00000|100%| O|  |TAMS 0x00000000e0b00000, 0x00000000e0a00000| Untracked 
|  11|0x00000000e0b00000, 0x00000000e0c00000, 0x00000000e0c00000|100%|HS|  |TAMS 0x00000000e0c00000, 0x00000000e0b00000| Complete 
|  12|0x00000000e0c00000, 0x00000000e0d00000, 0x00000000e0d00000|100%| O|  |TAMS 0x00000000e0d00000, 0x00000000e0c00000| Untracked 
|  13|0x00000000e0d00000, 0x00000000e0e00000, 0x00000000e0e00000|100%| O|  |TAMS 0x00000000e0e00000, 0x00000000e0d00000| Untracked 
|  14|0x00000000e0e00000, 0x00000000e0f00000, 0x00000000e0f00000|100%| O|  |TAMS 0x00000000e0f00000, 0x00000000e0e00000| Untracked 
|  15|0x00000000e0f00000, 0x00000000e1000000, 0x00000000e1000000|100%| O|  |TAMS 0x00000000e1000000, 0x00000000e0f00000| Untracked 
|  16|0x00000000e1000000, 0x00000000e1100000, 0x00000000e1100000|100%| O|  |TAMS 0x00000000e1100000, 0x00000000e1000000| Untracked 
|  17|0x00000000e1100000, 0x00000000e1200000, 0x00000000e1200000|100%| O|  |TAMS 0x00000000e1200000, 0x00000000e1100000| Untracked 
|  18|0x00000000e1200000, 0x00000000e1300000, 0x00000000e1300000|100%| O|  |TAMS 0x00000000e1300000, 0x00000000e1200000| Untracked 
|  19|0x00000000e1300000, 0x00000000e1400000, 0x00000000e1400000|100%| O|  |TAMS 0x00000000e1400000, 0x00000000e1300000| Untracked 
|  20|0x00000000e1400000, 0x00000000e1500000, 0x00000000e1500000|100%| O|  |TAMS 0x00000000e1500000, 0x00000000e1400000| Untracked 
|  21|0x00000000e1500000, 0x00000000e1600000, 0x00000000e1600000|100%| O|  |TAMS 0x00000000e1600000, 0x00000000e1500000| Untracked 
|  22|0x00000000e1600000, 0x00000000e1700000, 0x00000000e1700000|100%| O|  |TAMS 0x00000000e1700000, 0x00000000e1600000| Untracked 
|  23|0x00000000e1700000, 0x00000000e1800000, 0x00000000e1800000|100%| O|  |TAMS 0x00000000e1800000, 0x00000000e1700000| Untracked 
|  24|0x00000000e1800000, 0x00000000e1900000, 0x00000000e1900000|100%| O|  |TAMS 0x00000000e1900000, 0x00000000e1800000| Untracked 
|  25|0x00000000e1900000, 0x00000000e1a00000, 0x00000000e1a00000|100%| O|  |TAMS 0x00000000e1a00000, 0x00000000e1900000| Untracked 
|  26|0x00000000e1a00000, 0x00000000e1b00000, 0x00000000e1b00000|100%| O|  |TAMS 0x00000000e1b00000, 0x00000000e1a00000| Untracked 
|  27|0x00000000e1b00000, 0x00000000e1c00000, 0x00000000e1c00000|100%| O|  |TAMS 0x00000000e1c00000, 0x00000000e1b00000| Untracked 
|  28|0x00000000e1c00000, 0x00000000e1d00000, 0x00000000e1d00000|100%| O|  |TAMS 0x00000000e1d00000, 0x00000000e1c00000| Untracked 
|  29|0x00000000e1d00000, 0x00000000e1e00000, 0x00000000e1e00000|100%| O|  |TAMS 0x00000000e1e00000, 0x00000000e1d00000| Untracked 
|  30|0x00000000e1e00000, 0x00000000e1f00000, 0x00000000e1f00000|100%| O|  |TAMS 0x00000000e1f00000, 0x00000000e1e00000| Untracked 
|  31|0x00000000e1f00000, 0x00000000e2000000, 0x00000000e2000000|100%|HS|  |TAMS 0x00000000e2000000, 0x00000000e1f00000| Complete 
|  32|0x00000000e2000000, 0x00000000e2100000, 0x00000000e2100000|100%| O|  |TAMS 0x00000000e2100000, 0x00000000e2000000| Untracked 
|  33|0x00000000e2100000, 0x00000000e2200000, 0x00000000e2200000|100%| O|  |TAMS 0x00000000e2200000, 0x00000000e2100000| Untracked 
|  34|0x00000000e2200000, 0x00000000e2300000, 0x00000000e2300000|100%| O|  |TAMS 0x00000000e2300000, 0x00000000e2200000| Untracked 
|  35|0x00000000e2300000, 0x00000000e2400000, 0x00000000e2400000|100%| O|  |TAMS 0x00000000e2400000, 0x00000000e2300000| Untracked 
|  36|0x00000000e2400000, 0x00000000e2500000, 0x00000000e2500000|100%| O|  |TAMS 0x00000000e2500000, 0x00000000e2400000| Untracked 
|  37|0x00000000e2500000, 0x00000000e2600000, 0x00000000e2600000|100%| O|  |TAMS 0x00000000e2600000, 0x00000000e2500000| Untracked 
|  38|0x00000000e2600000, 0x00000000e2700000, 0x00000000e2700000|100%| O|  |TAMS 0x00000000e2700000, 0x00000000e2600000| Untracked 
|  39|0x00000000e2700000, 0x00000000e2800000, 0x00000000e2800000|100%| O|  |TAMS 0x00000000e2800000, 0x00000000e2700000| Untracked 
|  40|0x00000000e2800000, 0x00000000e2900000, 0x00000000e2900000|100%| O|  |TAMS 0x00000000e285f800, 0x00000000e2800000| Untracked 
|  41|0x00000000e2900000, 0x00000000e2a00000, 0x00000000e2a00000|100%| O|  |TAMS 0x00000000e2900000, 0x00000000e2900000| Untracked 
|  42|0x00000000e2a00000, 0x00000000e2b00000, 0x00000000e2b00000|100%| O|  |TAMS 0x00000000e2a00000, 0x00000000e2a00000| Untracked 
|  43|0x00000000e2b00000, 0x00000000e2c00000, 0x00000000e2c00000|100%| O|  |TAMS 0x00000000e2b00000, 0x00000000e2b00000| Untracked 
|  44|0x00000000e2c00000, 0x00000000e2d00000, 0x00000000e2d00000|100%| O|  |TAMS 0x00000000e2c00000, 0x00000000e2c00000| Untracked 
|  45|0x00000000e2d00000, 0x00000000e2e00000, 0x00000000e2e00000|100%| O|  |TAMS 0x00000000e2d00000, 0x00000000e2d00000| Untracked 
|  46|0x00000000e2e00000, 0x00000000e2e9f800, 0x00000000e2f00000| 62%| O|  |TAMS 0x00000000e2e00000, 0x00000000e2e00000| Untracked 
|  47|0x00000000e2f00000, 0x00000000e2f00000, 0x00000000e3000000|  0%| F|  |TAMS 0x00000000e2f00000, 0x00000000e2f00000| Untracked 
|  48|0x00000000e3000000, 0x00000000e3000000, 0x00000000e3100000|  0%| F|  |TAMS 0x00000000e3000000, 0x00000000e3000000| Untracked 
|  49|0x00000000e3100000, 0x00000000e3100000, 0x00000000e3200000|  0%| F|  |TAMS 0x00000000e3100000, 0x00000000e3100000| Untracked 
|  50|0x00000000e3200000, 0x00000000e3200000, 0x00000000e3300000|  0%| F|  |TAMS 0x00000000e3200000, 0x00000000e3200000| Untracked 
|  51|0x00000000e3300000, 0x00000000e3300000, 0x00000000e3400000|  0%| F|  |TAMS 0x00000000e3300000, 0x00000000e3300000| Untracked 
|  52|0x00000000e3400000, 0x00000000e3400000, 0x00000000e3500000|  0%| F|  |TAMS 0x00000000e3400000, 0x00000000e3400000| Untracked 
|  53|0x00000000e3500000, 0x00000000e3500000, 0x00000000e3600000|  0%| F|  |TAMS 0x00000000e3500000, 0x00000000e3500000| Untracked 
|  54|0x00000000e3600000, 0x00000000e3600000, 0x00000000e3700000|  0%| F|  |TAMS 0x00000000e3600000, 0x00000000e3600000| Untracked 
|  55|0x00000000e3700000, 0x00000000e3700000, 0x00000000e3800000|  0%| F|  |TAMS 0x00000000e3700000, 0x00000000e3700000| Untracked 
|  56|0x00000000e3800000, 0x00000000e3800000, 0x00000000e3900000|  0%| F|  |TAMS 0x00000000e3800000, 0x00000000e3800000| Untracked 
|  57|0x00000000e3900000, 0x00000000e3900000, 0x00000000e3a00000|  0%| F|  |TAMS 0x00000000e3900000, 0x00000000e3900000| Untracked 
|  58|0x00000000e3a00000, 0x00000000e3a00000, 0x00000000e3b00000|  0%| F|  |TAMS 0x00000000e3a00000, 0x00000000e3a00000| Untracked 
|  59|0x00000000e3b00000, 0x00000000e3b00000, 0x00000000e3c00000|  0%| F|  |TAMS 0x00000000e3b00000, 0x00000000e3b00000| Untracked 
|  60|0x00000000e3c00000, 0x00000000e3c00000, 0x00000000e3d00000|  0%| F|  |TAMS 0x00000000e3c00000, 0x00000000e3c00000| Untracked 
|  61|0x00000000e3d00000, 0x00000000e3d00000, 0x00000000e3e00000|  0%| F|  |TAMS 0x00000000e3d00000, 0x00000000e3d00000| Untracked 
|  62|0x00000000e3e00000, 0x00000000e3e00000, 0x00000000e3f00000|  0%| F|  |TAMS 0x00000000e3e00000, 0x00000000e3e00000| Untracked 
|  63|0x00000000e3f00000, 0x00000000e3f00000, 0x00000000e4000000|  0%| F|  |TAMS 0x00000000e3f00000, 0x00000000e3f00000| Untracked 
|  64|0x00000000e4000000, 0x00000000e4000000, 0x00000000e4100000|  0%| F|  |TAMS 0x00000000e4000000, 0x00000000e4000000| Untracked 
|  65|0x00000000e4100000, 0x00000000e4100000, 0x00000000e4200000|  0%| F|  |TAMS 0x00000000e4100000, 0x00000000e4100000| Untracked 
|  66|0x00000000e4200000, 0x00000000e4200000, 0x00000000e4300000|  0%| F|  |TAMS 0x00000000e4200000, 0x00000000e4200000| Untracked 
|  67|0x00000000e4300000, 0x00000000e4300000, 0x00000000e4400000|  0%| F|  |TAMS 0x00000000e4300000, 0x00000000e4300000| Untracked 
|  68|0x00000000e4400000, 0x00000000e4400000, 0x00000000e4500000|  0%| F|  |TAMS 0x00000000e4400000, 0x00000000e4400000| Untracked 
|  69|0x00000000e4500000, 0x00000000e4500000, 0x00000000e4600000|  0%| F|  |TAMS 0x00000000e4500000, 0x00000000e4500000| Untracked 
|  70|0x00000000e4600000, 0x00000000e4600000, 0x00000000e4700000|  0%| F|  |TAMS 0x00000000e4600000, 0x00000000e4600000| Untracked 
|  71|0x00000000e4700000, 0x00000000e4700000, 0x00000000e4800000|  0%| F|  |TAMS 0x00000000e4700000, 0x00000000e4700000| Untracked 
|  72|0x00000000e4800000, 0x00000000e4800000, 0x00000000e4900000|  0%| F|  |TAMS 0x00000000e4800000, 0x00000000e4800000| Untracked 
|  73|0x00000000e4900000, 0x00000000e4900000, 0x00000000e4a00000|  0%| F|  |TAMS 0x00000000e4900000, 0x00000000e4900000| Untracked 
|  74|0x00000000e4a00000, 0x00000000e4a00000, 0x00000000e4b00000|  0%| F|  |TAMS 0x00000000e4a00000, 0x00000000e4a00000| Untracked 
|  75|0x00000000e4b00000, 0x00000000e4b00000, 0x00000000e4c00000|  0%| F|  |TAMS 0x00000000e4b00000, 0x00000000e4b00000| Untracked 
|  76|0x00000000e4c00000, 0x00000000e4c00000, 0x00000000e4d00000|  0%| F|  |TAMS 0x00000000e4c00000, 0x00000000e4c00000| Untracked 
|  77|0x00000000e4d00000, 0x00000000e4d00000, 0x00000000e4e00000|  0%| F|  |TAMS 0x00000000e4d00000, 0x00000000e4d00000| Untracked 
|  78|0x00000000e4e00000, 0x00000000e4e00000, 0x00000000e4f00000|  0%| F|  |TAMS 0x00000000e4e00000, 0x00000000e4e00000| Untracked 
|  79|0x00000000e4f00000, 0x00000000e4f00000, 0x00000000e5000000|  0%| F|  |TAMS 0x00000000e4f00000, 0x00000000e4f00000| Untracked 
|  80|0x00000000e5000000, 0x00000000e5000000, 0x00000000e5100000|  0%| F|  |TAMS 0x00000000e5000000, 0x00000000e5000000| Untracked 
|  81|0x00000000e5100000, 0x00000000e5100000, 0x00000000e5200000|  0%| F|  |TAMS 0x00000000e5100000, 0x00000000e5100000| Untracked 
|  82|0x00000000e5200000, 0x00000000e5200000, 0x00000000e5300000|  0%| F|  |TAMS 0x00000000e5200000, 0x00000000e5200000| Untracked 
|  83|0x00000000e5300000, 0x00000000e5300000, 0x00000000e5400000|  0%| F|  |TAMS 0x00000000e5300000, 0x00000000e5300000| Untracked 
|  84|0x00000000e5400000, 0x00000000e5400000, 0x00000000e5500000|  0%| F|  |TAMS 0x00000000e5400000, 0x00000000e5400000| Untracked 
|  85|0x00000000e5500000, 0x00000000e5500000, 0x00000000e5600000|  0%| F|  |TAMS 0x00000000e5500000, 0x00000000e5500000| Untracked 
|  86|0x00000000e5600000, 0x00000000e5600000, 0x00000000e5700000|  0%| F|  |TAMS 0x00000000e5600000, 0x00000000e5600000| Untracked 
|  87|0x00000000e5700000, 0x00000000e5700000, 0x00000000e5800000|  0%| F|  |TAMS 0x00000000e5700000, 0x00000000e5700000| Untracked 
|  88|0x00000000e5800000, 0x00000000e5800000, 0x00000000e5900000|  0%| F|  |TAMS 0x00000000e5800000, 0x00000000e5800000| Untracked 
|  89|0x00000000e5900000, 0x00000000e5900000, 0x00000000e5a00000|  0%| F|  |TAMS 0x00000000e5900000, 0x00000000e5900000| Untracked 
|  90|0x00000000e5a00000, 0x00000000e5a00000, 0x00000000e5b00000|  0%| F|  |TAMS 0x00000000e5a00000, 0x00000000e5a00000| Untracked 
|  91|0x00000000e5b00000, 0x00000000e5b00000, 0x00000000e5c00000|  0%| F|  |TAMS 0x00000000e5b00000, 0x00000000e5b00000| Untracked 
|  92|0x00000000e5c00000, 0x00000000e5c00000, 0x00000000e5d00000|  0%| F|  |TAMS 0x00000000e5c00000, 0x00000000e5c00000| Untracked 
|  93|0x00000000e5d00000, 0x00000000e5d00000, 0x00000000e5e00000|  0%| F|  |TAMS 0x00000000e5d00000, 0x00000000e5d00000| Untracked 
|  94|0x00000000e5e00000, 0x00000000e5e00000, 0x00000000e5f00000|  0%| F|  |TAMS 0x00000000e5e00000, 0x00000000e5e00000| Untracked 
|  95|0x00000000e5f00000, 0x00000000e5f00000, 0x00000000e6000000|  0%| F|  |TAMS 0x00000000e5f00000, 0x00000000e5f00000| Untracked 
|  96|0x00000000e6000000, 0x00000000e6000000, 0x00000000e6100000|  0%| F|  |TAMS 0x00000000e6000000, 0x00000000e6000000| Untracked 
|  97|0x00000000e6100000, 0x00000000e6100000, 0x00000000e6200000|  0%| F|  |TAMS 0x00000000e6100000, 0x00000000e6100000| Untracked 
|  98|0x00000000e6200000, 0x00000000e6200000, 0x00000000e6300000|  0%| F|  |TAMS 0x00000000e6200000, 0x00000000e6200000| Untracked 
|  99|0x00000000e6300000, 0x00000000e6300000, 0x00000000e6400000|  0%| F|  |TAMS 0x00000000e6300000, 0x00000000e6300000| Untracked 
| 100|0x00000000e6400000, 0x00000000e6400000, 0x00000000e6500000|  0%| F|  |TAMS 0x00000000e6400000, 0x00000000e6400000| Untracked 
| 101|0x00000000e6500000, 0x00000000e6500000, 0x00000000e6600000|  0%| F|  |TAMS 0x00000000e6500000, 0x00000000e6500000| Untracked 
| 102|0x00000000e6600000, 0x00000000e6600000, 0x00000000e6700000|  0%| F|  |TAMS 0x00000000e6600000, 0x00000000e6600000| Untracked 
| 103|0x00000000e6700000, 0x00000000e6700000, 0x00000000e6800000|  0%| F|  |TAMS 0x00000000e6700000, 0x00000000e6700000| Untracked 
| 104|0x00000000e6800000, 0x00000000e6800000, 0x00000000e6900000|  0%| F|  |TAMS 0x00000000e6800000, 0x00000000e6800000| Untracked 
| 105|0x00000000e6900000, 0x00000000e6900000, 0x00000000e6a00000|  0%| F|  |TAMS 0x00000000e6900000, 0x00000000e6900000| Untracked 
| 106|0x00000000e6a00000, 0x00000000e6a00000, 0x00000000e6b00000|  0%| F|  |TAMS 0x00000000e6a00000, 0x00000000e6a00000| Untracked 
| 107|0x00000000e6b00000, 0x00000000e6b00000, 0x00000000e6c00000|  0%| F|  |TAMS 0x00000000e6b00000, 0x00000000e6b00000| Untracked 
| 108|0x00000000e6c00000, 0x00000000e6c00000, 0x00000000e6d00000|  0%| F|  |TAMS 0x00000000e6c00000, 0x00000000e6c00000| Untracked 
| 109|0x00000000e6d00000, 0x00000000e6d00000, 0x00000000e6e00000|  0%| F|  |TAMS 0x00000000e6d00000, 0x00000000e6d00000| Untracked 
| 110|0x00000000e6e00000, 0x00000000e6e00000, 0x00000000e6f00000|  0%| F|  |TAMS 0x00000000e6e00000, 0x00000000e6e00000| Untracked 
| 111|0x00000000e6f00000, 0x00000000e6f00000, 0x00000000e7000000|  0%| F|  |TAMS 0x00000000e6f00000, 0x00000000e6f00000| Untracked 
| 112|0x00000000e7000000, 0x00000000e7000000, 0x00000000e7100000|  0%| F|  |TAMS 0x00000000e7000000, 0x00000000e7000000| Untracked 
| 113|0x00000000e7100000, 0x00000000e7100000, 0x00000000e7200000|  0%| F|  |TAMS 0x00000000e7100000, 0x00000000e7100000| Untracked 
| 114|0x00000000e7200000, 0x00000000e7200000, 0x00000000e7300000|  0%| F|  |TAMS 0x00000000e7200000, 0x00000000e7200000| Untracked 
| 115|0x00000000e7300000, 0x00000000e7300000, 0x00000000e7400000|  0%| F|  |TAMS 0x00000000e7300000, 0x00000000e7300000| Untracked 
| 116|0x00000000e7400000, 0x00000000e7400000, 0x00000000e7500000|  0%| F|  |TAMS 0x00000000e7400000, 0x00000000e7400000| Untracked 
| 117|0x00000000e7500000, 0x00000000e7500000, 0x00000000e7600000|  0%| F|  |TAMS 0x00000000e7500000, 0x00000000e7500000| Untracked 
| 118|0x00000000e7600000, 0x00000000e7600000, 0x00000000e7700000|  0%| F|  |TAMS 0x00000000e7600000, 0x00000000e7600000| Untracked 
| 119|0x00000000e7700000, 0x00000000e7800000, 0x00000000e7800000|100%| E|  |TAMS 0x00000000e7700000, 0x00000000e7700000| Complete 
| 120|0x00000000e7800000, 0x00000000e7900000, 0x00000000e7900000|100%| E|CS|TAMS 0x00000000e7800000, 0x00000000e7800000| Complete 
| 121|0x00000000e7900000, 0x00000000e7a00000, 0x00000000e7a00000|100%| E|CS|TAMS 0x00000000e7900000, 0x00000000e7900000| Complete 
| 122|0x00000000e7a00000, 0x00000000e7b00000, 0x00000000e7b00000|100%| E|CS|TAMS 0x00000000e7a00000, 0x00000000e7a00000| Complete 
| 123|0x00000000e7b00000, 0x00000000e7c00000, 0x00000000e7c00000|100%| E|CS|TAMS 0x00000000e7b00000, 0x00000000e7b00000| Complete 
| 124|0x00000000e7c00000, 0x00000000e7d00000, 0x00000000e7d00000|100%| E|CS|TAMS 0x00000000e7c00000, 0x00000000e7c00000| Complete 
| 125|0x00000000e7d00000, 0x00000000e7e00000, 0x00000000e7e00000|100%| E|CS|TAMS 0x00000000e7d00000, 0x00000000e7d00000| Complete 
| 126|0x00000000e7e00000, 0x00000000e7f00000, 0x00000000e7f00000|100%| E|CS|TAMS 0x00000000e7e00000, 0x00000000e7e00000| Complete 
| 127|0x00000000e7f00000, 0x00000000e8000000, 0x00000000e8000000|100%| E|CS|TAMS 0x00000000e7f00000, 0x00000000e7f00000| Complete 
| 128|0x00000000e8000000, 0x00000000e8100000, 0x00000000e8100000|100%| E|CS|TAMS 0x00000000e8000000, 0x00000000e8000000| Complete 
| 129|0x00000000e8100000, 0x00000000e8200000, 0x00000000e8200000|100%| E|CS|TAMS 0x00000000e8100000, 0x00000000e8100000| Complete 
| 130|0x00000000e8200000, 0x00000000e8300000, 0x00000000e8300000|100%| E|CS|TAMS 0x00000000e8200000, 0x00000000e8200000| Complete 
| 131|0x00000000e8300000, 0x00000000e8400000, 0x00000000e8400000|100%| E|CS|TAMS 0x00000000e8300000, 0x00000000e8300000| Complete 
| 132|0x00000000e8400000, 0x00000000e8500000, 0x00000000e8500000|100%| E|CS|TAMS 0x00000000e8400000, 0x00000000e8400000| Complete 
| 133|0x00000000e8500000, 0x00000000e8600000, 0x00000000e8600000|100%| E|CS|TAMS 0x00000000e8500000, 0x00000000e8500000| Complete 
| 134|0x00000000e8600000, 0x00000000e8700000, 0x00000000e8700000|100%| E|CS|TAMS 0x00000000e8600000, 0x00000000e8600000| Complete 
| 135|0x00000000e8700000, 0x00000000e8800000, 0x00000000e8800000|100%| E|CS|TAMS 0x00000000e8700000, 0x00000000e8700000| Complete 
| 136|0x00000000e8800000, 0x00000000e8900000, 0x00000000e8900000|100%| E|CS|TAMS 0x00000000e8800000, 0x00000000e8800000| Complete 
| 137|0x00000000e8900000, 0x00000000e8a00000, 0x00000000e8a00000|100%| E|CS|TAMS 0x00000000e8900000, 0x00000000e8900000| Complete 
| 138|0x00000000e8a00000, 0x00000000e8b00000, 0x00000000e8b00000|100%| E|CS|TAMS 0x00000000e8a00000, 0x00000000e8a00000| Complete 
| 139|0x00000000e8b00000, 0x00000000e8c00000, 0x00000000e8c00000|100%| E|CS|TAMS 0x00000000e8b00000, 0x00000000e8b00000| Complete 
| 140|0x00000000e8c00000, 0x00000000e8d00000, 0x00000000e8d00000|100%| E|CS|TAMS 0x00000000e8c00000, 0x00000000e8c00000| Complete 
| 141|0x00000000e8d00000, 0x00000000e8d8d750, 0x00000000e8e00000| 55%| S|CS|TAMS 0x00000000e8d00000, 0x00000000e8d00000| Complete 
| 142|0x00000000e8e00000, 0x00000000e8f00000, 0x00000000e8f00000|100%| S|CS|TAMS 0x00000000e8e00000, 0x00000000e8e00000| Complete 
| 143|0x00000000e8f00000, 0x00000000e9000000, 0x00000000e9000000|100%| S|CS|TAMS 0x00000000e8f00000, 0x00000000e8f00000| Complete 
| 144|0x00000000e9000000, 0x00000000e9100000, 0x00000000e9100000|100%| S|CS|TAMS 0x00000000e9000000, 0x00000000e9000000| Complete 
| 145|0x00000000e9100000, 0x00000000e9200000, 0x00000000e9200000|100%| S|CS|TAMS 0x00000000e9100000, 0x00000000e9100000| Complete 
| 146|0x00000000e9200000, 0x00000000e9300000, 0x00000000e9300000|100%| S|CS|TAMS 0x00000000e9200000, 0x00000000e9200000| Complete 
| 147|0x00000000e9300000, 0x00000000e9400000, 0x00000000e9400000|100%| S|CS|TAMS 0x00000000e9300000, 0x00000000e9300000| Complete 
| 148|0x00000000e9400000, 0x00000000e9500000, 0x00000000e9500000|100%| S|CS|TAMS 0x00000000e9400000, 0x00000000e9400000| Complete 
| 149|0x00000000e9500000, 0x00000000e9600000, 0x00000000e9600000|100%| S|CS|TAMS 0x00000000e9500000, 0x00000000e9500000| Complete 
| 150|0x00000000e9600000, 0x00000000e9700000, 0x00000000e9700000|100%| S|CS|TAMS 0x00000000e9600000, 0x00000000e9600000| Complete 
| 151|0x00000000e9700000, 0x00000000e9800000, 0x00000000e9800000|100%| S|CS|TAMS 0x00000000e9700000, 0x00000000e9700000| Complete 
| 152|0x00000000e9800000, 0x00000000e9900000, 0x00000000e9900000|100%| S|CS|TAMS 0x00000000e9800000, 0x00000000e9800000| Complete 
| 153|0x00000000e9900000, 0x00000000e9a00000, 0x00000000e9a00000|100%| S|CS|TAMS 0x00000000e9900000, 0x00000000e9900000| Complete 
| 154|0x00000000e9a00000, 0x00000000e9b00000, 0x00000000e9b00000|100%| E|CS|TAMS 0x00000000e9a00000, 0x00000000e9a00000| Complete 
| 155|0x00000000e9b00000, 0x00000000e9c00000, 0x00000000e9c00000|100%| E|CS|TAMS 0x00000000e9b00000, 0x00000000e9b00000| Complete 
| 156|0x00000000e9c00000, 0x00000000e9d00000, 0x00000000e9d00000|100%| E|CS|TAMS 0x00000000e9c00000, 0x00000000e9c00000| Complete 
| 157|0x00000000e9d00000, 0x00000000e9e00000, 0x00000000e9e00000|100%| E|CS|TAMS 0x00000000e9d00000, 0x00000000e9d00000| Complete 
| 158|0x00000000e9e00000, 0x00000000e9f00000, 0x00000000e9f00000|100%| E|CS|TAMS 0x00000000e9e00000, 0x00000000e9e00000| Complete 
| 159|0x00000000e9f00000, 0x00000000ea000000, 0x00000000ea000000|100%| E|CS|TAMS 0x00000000e9f00000, 0x00000000e9f00000| Complete 
| 160|0x00000000ea000000, 0x00000000ea100000, 0x00000000ea100000|100%| E|CS|TAMS 0x00000000ea000000, 0x00000000ea000000| Complete 
| 161|0x00000000ea100000, 0x00000000ea200000, 0x00000000ea200000|100%| E|CS|TAMS 0x00000000ea100000, 0x00000000ea100000| Complete 
| 162|0x00000000ea200000, 0x00000000ea300000, 0x00000000ea300000|100%| E|CS|TAMS 0x00000000ea200000, 0x00000000ea200000| Complete 
| 163|0x00000000ea300000, 0x00000000ea400000, 0x00000000ea400000|100%| E|CS|TAMS 0x00000000ea300000, 0x00000000ea300000| Complete 
| 164|0x00000000ea400000, 0x00000000ea500000, 0x00000000ea500000|100%| E|CS|TAMS 0x00000000ea400000, 0x00000000ea400000| Complete 
| 165|0x00000000ea500000, 0x00000000ea600000, 0x00000000ea600000|100%| E|CS|TAMS 0x00000000ea500000, 0x00000000ea500000| Complete 
| 166|0x00000000ea600000, 0x00000000ea700000, 0x00000000ea700000|100%| E|CS|TAMS 0x00000000ea600000, 0x00000000ea600000| Complete 
| 167|0x00000000ea700000, 0x00000000ea800000, 0x00000000ea800000|100%| E|CS|TAMS 0x00000000ea700000, 0x00000000ea700000| Complete 
| 168|0x00000000ea800000, 0x00000000ea900000, 0x00000000ea900000|100%| E|CS|TAMS 0x00000000ea800000, 0x00000000ea800000| Complete 
| 169|0x00000000ea900000, 0x00000000eaa00000, 0x00000000eaa00000|100%| E|CS|TAMS 0x00000000ea900000, 0x00000000ea900000| Complete 
| 170|0x00000000eaa00000, 0x00000000eab00000, 0x00000000eab00000|100%| E|CS|TAMS 0x00000000eaa00000, 0x00000000eaa00000| Complete 
| 171|0x00000000eab00000, 0x00000000eac00000, 0x00000000eac00000|100%| E|CS|TAMS 0x00000000eab00000, 0x00000000eab00000| Complete 
| 172|0x00000000eac00000, 0x00000000ead00000, 0x00000000ead00000|100%| E|CS|TAMS 0x00000000eac00000, 0x00000000eac00000| Complete 
| 173|0x00000000ead00000, 0x00000000eae00000, 0x00000000eae00000|100%| E|CS|TAMS 0x00000000ead00000, 0x00000000ead00000| Complete 
| 174|0x00000000eae00000, 0x00000000eaf00000, 0x00000000eaf00000|100%| E|CS|TAMS 0x00000000eae00000, 0x00000000eae00000| Complete 
| 175|0x00000000eaf00000, 0x00000000eb000000, 0x00000000eb000000|100%| E|CS|TAMS 0x00000000eaf00000, 0x00000000eaf00000| Complete 
| 176|0x00000000eb000000, 0x00000000eb100000, 0x00000000eb100000|100%| E|CS|TAMS 0x00000000eb000000, 0x00000000eb000000| Complete 
| 177|0x00000000eb100000, 0x00000000eb200000, 0x00000000eb200000|100%| E|CS|TAMS 0x00000000eb100000, 0x00000000eb100000| Complete 
| 178|0x00000000eb200000, 0x00000000eb300000, 0x00000000eb300000|100%| E|CS|TAMS 0x00000000eb200000, 0x00000000eb200000| Complete 
| 179|0x00000000eb300000, 0x00000000eb400000, 0x00000000eb400000|100%| E|CS|TAMS 0x00000000eb300000, 0x00000000eb300000| Complete 
| 180|0x00000000eb400000, 0x00000000eb500000, 0x00000000eb500000|100%| E|CS|TAMS 0x00000000eb400000, 0x00000000eb400000| Complete 
| 181|0x00000000eb500000, 0x00000000eb600000, 0x00000000eb600000|100%| E|CS|TAMS 0x00000000eb500000, 0x00000000eb500000| Complete 
| 182|0x00000000eb600000, 0x00000000eb700000, 0x00000000eb700000|100%| E|CS|TAMS 0x00000000eb600000, 0x00000000eb600000| Complete 
| 183|0x00000000eb700000, 0x00000000eb800000, 0x00000000eb800000|100%| E|CS|TAMS 0x00000000eb700000, 0x00000000eb700000| Complete 
| 184|0x00000000eb800000, 0x00000000eb900000, 0x00000000eb900000|100%| E|CS|TAMS 0x00000000eb800000, 0x00000000eb800000| Complete 
| 185|0x00000000eb900000, 0x00000000eba00000, 0x00000000eba00000|100%| E|CS|TAMS 0x00000000eb900000, 0x00000000eb900000| Complete 
| 186|0x00000000eba00000, 0x00000000ebb00000, 0x00000000ebb00000|100%| E|CS|TAMS 0x00000000eba00000, 0x00000000eba00000| Complete 
| 187|0x00000000ebb00000, 0x00000000ebc00000, 0x00000000ebc00000|100%| E|CS|TAMS 0x00000000ebb00000, 0x00000000ebb00000| Complete 
| 188|0x00000000ebc00000, 0x00000000ebd00000, 0x00000000ebd00000|100%| E|CS|TAMS 0x00000000ebc00000, 0x00000000ebc00000| Complete 
| 189|0x00000000ebd00000, 0x00000000ebe00000, 0x00000000ebe00000|100%| E|CS|TAMS 0x00000000ebd00000, 0x00000000ebd00000| Complete 
| 190|0x00000000ebe00000, 0x00000000ebf00000, 0x00000000ebf00000|100%| E|CS|TAMS 0x00000000ebe00000, 0x00000000ebe00000| Complete 
| 191|0x00000000ebf00000, 0x00000000ec000000, 0x00000000ec000000|100%| E|CS|TAMS 0x00000000ebf00000, 0x00000000ebf00000| Complete 
| 192|0x00000000ec000000, 0x00000000ec100000, 0x00000000ec100000|100%| E|CS|TAMS 0x00000000ec000000, 0x00000000ec000000| Complete 
| 193|0x00000000ec100000, 0x00000000ec200000, 0x00000000ec200000|100%| E|CS|TAMS 0x00000000ec100000, 0x00000000ec100000| Complete 
| 194|0x00000000ec200000, 0x00000000ec300000, 0x00000000ec300000|100%| E|CS|TAMS 0x00000000ec200000, 0x00000000ec200000| Complete 
| 195|0x00000000ec300000, 0x00000000ec400000, 0x00000000ec400000|100%| E|CS|TAMS 0x00000000ec300000, 0x00000000ec300000| Complete 
| 196|0x00000000ec400000, 0x00000000ec500000, 0x00000000ec500000|100%| E|CS|TAMS 0x00000000ec400000, 0x00000000ec400000| Complete 
| 197|0x00000000ec500000, 0x00000000ec600000, 0x00000000ec600000|100%| E|CS|TAMS 0x00000000ec500000, 0x00000000ec500000| Complete 
| 198|0x00000000ec600000, 0x00000000ec700000, 0x00000000ec700000|100%| E|CS|TAMS 0x00000000ec600000, 0x00000000ec600000| Complete 
| 199|0x00000000ec700000, 0x00000000ec800000, 0x00000000ec800000|100%| E|CS|TAMS 0x00000000ec700000, 0x00000000ec700000| Complete 
| 200|0x00000000ec800000, 0x00000000ec900000, 0x00000000ec900000|100%| E|CS|TAMS 0x00000000ec800000, 0x00000000ec800000| Complete 
| 201|0x00000000ec900000, 0x00000000eca00000, 0x00000000eca00000|100%| E|CS|TAMS 0x00000000ec900000, 0x00000000ec900000| Complete 
| 202|0x00000000eca00000, 0x00000000ecb00000, 0x00000000ecb00000|100%| E|CS|TAMS 0x00000000eca00000, 0x00000000eca00000| Complete 
| 203|0x00000000ecb00000, 0x00000000ecc00000, 0x00000000ecc00000|100%| E|CS|TAMS 0x00000000ecb00000, 0x00000000ecb00000| Complete 
| 204|0x00000000ecc00000, 0x00000000ecd00000, 0x00000000ecd00000|100%| E|CS|TAMS 0x00000000ecc00000, 0x00000000ecc00000| Complete 
| 205|0x00000000ecd00000, 0x00000000ece00000, 0x00000000ece00000|100%| E|CS|TAMS 0x00000000ecd00000, 0x00000000ecd00000| Complete 
| 206|0x00000000ece00000, 0x00000000ecf00000, 0x00000000ecf00000|100%| E|CS|TAMS 0x00000000ece00000, 0x00000000ece00000| Complete 
| 207|0x00000000ecf00000, 0x00000000ed000000, 0x00000000ed000000|100%| E|CS|TAMS 0x00000000ecf00000, 0x00000000ecf00000| Complete 
| 208|0x00000000ed000000, 0x00000000ed100000, 0x00000000ed100000|100%| E|CS|TAMS 0x00000000ed000000, 0x00000000ed000000| Complete 
| 209|0x00000000ed100000, 0x00000000ed200000, 0x00000000ed200000|100%| E|CS|TAMS 0x00000000ed100000, 0x00000000ed100000| Complete 
| 210|0x00000000ed200000, 0x00000000ed300000, 0x00000000ed300000|100%| E|CS|TAMS 0x00000000ed200000, 0x00000000ed200000| Complete 
| 211|0x00000000ed300000, 0x00000000ed400000, 0x00000000ed400000|100%| E|CS|TAMS 0x00000000ed300000, 0x00000000ed300000| Complete 
| 212|0x00000000ed400000, 0x00000000ed500000, 0x00000000ed500000|100%| E|CS|TAMS 0x00000000ed400000, 0x00000000ed400000| Complete 
| 213|0x00000000ed500000, 0x00000000ed600000, 0x00000000ed600000|100%| E|CS|TAMS 0x00000000ed500000, 0x00000000ed500000| Complete 
| 214|0x00000000ed600000, 0x00000000ed700000, 0x00000000ed700000|100%| E|CS|TAMS 0x00000000ed600000, 0x00000000ed600000| Complete 
| 215|0x00000000ed700000, 0x00000000ed800000, 0x00000000ed800000|100%| E|CS|TAMS 0x00000000ed700000, 0x00000000ed700000| Complete 
| 216|0x00000000ed800000, 0x00000000ed900000, 0x00000000ed900000|100%| E|CS|TAMS 0x00000000ed800000, 0x00000000ed800000| Complete 
| 217|0x00000000ed900000, 0x00000000eda00000, 0x00000000eda00000|100%| E|CS|TAMS 0x00000000ed900000, 0x00000000ed900000| Complete 
| 218|0x00000000eda00000, 0x00000000edb00000, 0x00000000edb00000|100%| E|CS|TAMS 0x00000000eda00000, 0x00000000eda00000| Complete 
| 219|0x00000000edb00000, 0x00000000edc00000, 0x00000000edc00000|100%| E|CS|TAMS 0x00000000edb00000, 0x00000000edb00000| Complete 
| 220|0x00000000edc00000, 0x00000000edd00000, 0x00000000edd00000|100%| E|CS|TAMS 0x00000000edc00000, 0x00000000edc00000| Complete 
| 221|0x00000000edd00000, 0x00000000ede00000, 0x00000000ede00000|100%| E|CS|TAMS 0x00000000edd00000, 0x00000000edd00000| Complete 
| 222|0x00000000ede00000, 0x00000000edf00000, 0x00000000edf00000|100%| E|CS|TAMS 0x00000000ede00000, 0x00000000ede00000| Complete 
| 223|0x00000000edf00000, 0x00000000ee000000, 0x00000000ee000000|100%| E|CS|TAMS 0x00000000edf00000, 0x00000000edf00000| Complete 
| 224|0x00000000ee000000, 0x00000000ee100000, 0x00000000ee100000|100%| E|CS|TAMS 0x00000000ee000000, 0x00000000ee000000| Complete 
| 225|0x00000000ee100000, 0x00000000ee200000, 0x00000000ee200000|100%| E|CS|TAMS 0x00000000ee100000, 0x00000000ee100000| Complete 
| 226|0x00000000ee200000, 0x00000000ee300000, 0x00000000ee300000|100%| E|CS|TAMS 0x00000000ee200000, 0x00000000ee200000| Complete 
| 227|0x00000000ee300000, 0x00000000ee400000, 0x00000000ee400000|100%| E|CS|TAMS 0x00000000ee300000, 0x00000000ee300000| Complete 
| 228|0x00000000ee400000, 0x00000000ee500000, 0x00000000ee500000|100%| E|CS|TAMS 0x00000000ee400000, 0x00000000ee400000| Complete 
| 229|0x00000000ee500000, 0x00000000ee600000, 0x00000000ee600000|100%| E|CS|TAMS 0x00000000ee500000, 0x00000000ee500000| Complete 
| 230|0x00000000ee600000, 0x00000000ee700000, 0x00000000ee700000|100%| E|CS|TAMS 0x00000000ee600000, 0x00000000ee600000| Complete 
| 231|0x00000000ee700000, 0x00000000ee800000, 0x00000000ee800000|100%| E|CS|TAMS 0x00000000ee700000, 0x00000000ee700000| Complete 
| 232|0x00000000ee800000, 0x00000000ee900000, 0x00000000ee900000|100%| E|CS|TAMS 0x00000000ee800000, 0x00000000ee800000| Complete 
| 233|0x00000000ee900000, 0x00000000eea00000, 0x00000000eea00000|100%| E|CS|TAMS 0x00000000ee900000, 0x00000000ee900000| Complete 
| 234|0x00000000eea00000, 0x00000000eeb00000, 0x00000000eeb00000|100%| E|CS|TAMS 0x00000000eea00000, 0x00000000eea00000| Complete 
| 235|0x00000000eeb00000, 0x00000000eec00000, 0x00000000eec00000|100%| E|CS|TAMS 0x00000000eeb00000, 0x00000000eeb00000| Complete 
| 236|0x00000000eec00000, 0x00000000eed00000, 0x00000000eed00000|100%| E|CS|TAMS 0x00000000eec00000, 0x00000000eec00000| Complete 
| 237|0x00000000eed00000, 0x00000000eee00000, 0x00000000eee00000|100%| E|CS|TAMS 0x00000000eed00000, 0x00000000eed00000| Complete 
| 238|0x00000000eee00000, 0x00000000eef00000, 0x00000000eef00000|100%| E|CS|TAMS 0x00000000eee00000, 0x00000000eee00000| Complete 
| 239|0x00000000eef00000, 0x00000000ef000000, 0x00000000ef000000|100%| E|CS|TAMS 0x00000000eef00000, 0x00000000eef00000| Complete 
| 240|0x00000000ef000000, 0x00000000ef100000, 0x00000000ef100000|100%| E|CS|TAMS 0x00000000ef000000, 0x00000000ef000000| Complete 
| 241|0x00000000ef100000, 0x00000000ef200000, 0x00000000ef200000|100%| E|CS|TAMS 0x00000000ef100000, 0x00000000ef100000| Complete 
| 242|0x00000000ef200000, 0x00000000ef300000, 0x00000000ef300000|100%| E|CS|TAMS 0x00000000ef200000, 0x00000000ef200000| Complete 
| 243|0x00000000ef300000, 0x00000000ef400000, 0x00000000ef400000|100%| E|CS|TAMS 0x00000000ef300000, 0x00000000ef300000| Complete 
| 244|0x00000000ef400000, 0x00000000ef500000, 0x00000000ef500000|100%| E|CS|TAMS 0x00000000ef400000, 0x00000000ef400000| Complete 
| 245|0x00000000ef500000, 0x00000000ef600000, 0x00000000ef600000|100%| E|CS|TAMS 0x00000000ef500000, 0x00000000ef500000| Complete 
| 246|0x00000000ef600000, 0x00000000ef700000, 0x00000000ef700000|100%| E|CS|TAMS 0x00000000ef600000, 0x00000000ef600000| Complete 
| 247|0x00000000ef700000, 0x00000000ef800000, 0x00000000ef800000|100%| E|CS|TAMS 0x00000000ef700000, 0x00000000ef700000| Complete 
| 248|0x00000000ef800000, 0x00000000ef900000, 0x00000000ef900000|100%| E|CS|TAMS 0x00000000ef800000, 0x00000000ef800000| Complete 
| 249|0x00000000ef900000, 0x00000000efa00000, 0x00000000efa00000|100%| E|CS|TAMS 0x00000000ef900000, 0x00000000ef900000| Complete 
| 250|0x00000000efa00000, 0x00000000efb00000, 0x00000000efb00000|100%| E|CS|TAMS 0x00000000efa00000, 0x00000000efa00000| Complete 
| 251|0x00000000efb00000, 0x00000000efc00000, 0x00000000efc00000|100%| E|CS|TAMS 0x00000000efb00000, 0x00000000efb00000| Complete 
| 252|0x00000000efc00000, 0x00000000efd00000, 0x00000000efd00000|100%| E|CS|TAMS 0x00000000efc00000, 0x00000000efc00000| Complete 
| 253|0x00000000efd00000, 0x00000000efe00000, 0x00000000efe00000|100%| E|CS|TAMS 0x00000000efd00000, 0x00000000efd00000| Complete 
| 254|0x00000000efe00000, 0x00000000eff00000, 0x00000000eff00000|100%| E|CS|TAMS 0x00000000efe00000, 0x00000000efe00000| Complete 
| 255|0x00000000eff00000, 0x00000000f0000000, 0x00000000f0000000|100%| E|CS|TAMS 0x00000000eff00000, 0x00000000eff00000| Complete 

Card table byte_map: [0x000001e7f9540000,0x000001e7f9640000] _byte_map_base: 0x000001e7f8e40000

Marking Bits (Prev, Next): (CMBitMap*) 0x000001e7f8e6c260, (CMBitMap*) 0x000001e7f8e6c220
 Prev Bits: [0x000001e7f9f40000, 0x000001e7fa740000)
 Next Bits: [0x000001e7f9740000, 0x000001e7f9f40000)

Polling page: 0x000001e7f6d50000

Metaspace:

Usage:
  Non-class:     54.65 MB used.
      Class:      8.90 MB used.
       Both:     63.56 MB used.

Virtual space:
  Non-class space:       64.00 MB reserved,      55.12 MB ( 86%) committed,  1 nodes.
      Class space:      320.00 MB reserved,       9.31 MB (  3%) committed,  1 nodes.
             Both:      384.00 MB reserved,      64.44 MB ( 17%) committed. 

Chunk freelists:
   Non-Class:  8.01 MB
       Class:  6.66 MB
        Both:  14.67 MB

MaxMetaspaceSize: 384.00 MB
CompressedClassSpaceSize: 320.00 MB
Initial GC threshold: 21.00 MB
Current GC threshold: 98.12 MB
CDS: on
MetaspaceReclaimPolicy: balanced
 - commit_granule_bytes: 65536.
 - commit_granule_words: 8192.
 - virtual_space_node_default_size: 8388608.
 - enlarge_chunks_in_place: 1.
 - new_chunks_are_fully_committed: 0.
 - uncommit_free_chunks: 1.
 - use_allocation_guard: 0.
 - handle_deallocations: 1.


Internal statistics:

num_allocs_failed_limit: 9.
num_arena_births: 1244.
num_arena_deaths: 2.
num_vsnodes_births: 2.
num_vsnodes_deaths: 0.
num_space_committed: 1031.
num_space_uncommitted: 0.
num_chunks_returned_to_freelist: 13.
num_chunks_taken_from_freelist: 4151.
num_chunk_merges: 9.
num_chunk_splits: 2612.
num_chunks_enlarged: 1616.
num_inconsistent_stats: 0.

CodeHeap 'non-profiled nmethods': size=120000Kb used=5527Kb max_used=5527Kb free=114472Kb
 bounds [0x000001e78f5a0000, 0x000001e78fb10000, 0x000001e796ad0000]
CodeHeap 'profiled nmethods': size=120000Kb used=18577Kb max_used=18577Kb free=101422Kb
 bounds [0x000001e787ad0000, 0x000001e788d00000, 0x000001e78f000000]
CodeHeap 'non-nmethods': size=5760Kb used=1680Kb max_used=1752Kb free=4079Kb
 bounds [0x000001e78f000000, 0x000001e78f270000, 0x000001e78f5a0000]
 total_blobs=10691 nmethods=9931 adapters=670
 compilation: enabled
              stopped_count=0, restarted_count=0
 full_count=0

Compilation events (20 events):
Event: 40.081 Thread 0x000001e7fd3dd060 nmethod 11635 0x000001e788cd4690 code [0x000001e788cd48a0, 0x000001e788cd5058]
Event: 40.081 Thread 0x000001e7fd3dd060 11640       3       org.gradle.api.internal.artifacts.ivyservice.DefaultCacheExpirationControl::mustRefreshModule (110 bytes)
Event: 40.082 Thread 0x000001e7fd3dd060 nmethod 11640 0x000001e788cd5290 code [0x000001e788cd5500, 0x000001e788cd6238]
Event: 40.082 Thread 0x000001e7fd3dd060 11637       3       org.gradle.api.internal.artifacts.ivyservice.modulecache.DefaultCachedMetadata::getModuleVersion (28 bytes)
Event: 40.083 Thread 0x000001e7fd3dd060 nmethod 11637 0x000001e788cd6610 code [0x000001e788cd67e0, 0x000001e788cd6c48]
Event: 40.083 Thread 0x000001e7fd3dd060 11638       3       org.gradle.api.internal.artifacts.ivyservice.DefaultCacheExpirationControl::moduleExpiry (9 bytes)
Event: 40.083 Thread 0x000001e7fd3dd060 nmethod 11638 0x000001e788cd6d90 code [0x000001e788cd6f40, 0x000001e788cd7088]
Event: 40.083 Thread 0x000001e7fd3dd060 11639       3       org.gradle.api.internal.artifacts.ivyservice.DefaultCacheExpirationControl::mustRefreshModule (24 bytes)
Event: 40.084 Thread 0x000001e7fd3dd060 nmethod 11639 0x000001e788cd7190 code [0x000001e788cd7360, 0x000001e788cd7778]
Event: 40.084 Thread 0x000001e7fd3dd060 11641       3       org.gradle.api.internal.artifacts.ivyservice.DefaultCacheExpirationControl$CachedModuleResolutionControl::<init> (16 bytes)
Event: 40.084 Thread 0x000001e7fd3dd060 nmethod 11641 0x000001e788cd7910 code [0x000001e788cd7ac0, 0x000001e788cd7df8]
Event: 40.084 Thread 0x000001e7fd3dd060 11642       3       org.gradle.api.internal.artifacts.ivyservice.resolutionstrategy.DefaultCachePolicy$$Lambda$1033/0x000001e79879ba80::execute (16 bytes)
Event: 40.085 Thread 0x000001e7fd3dd060 nmethod 11642 0x000001e788cd7f90 code [0x000001e788cd8160, 0x000001e788cd8568]
Event: 40.085 Thread 0x000001e7fd3dd060 11634       3       org.gradle.api.internal.artifacts.repositories.resolver.MetadataFetchingCost::isFast (13 bytes)
Event: 40.085 Thread 0x000001e7fd3dd060 nmethod 11634 0x000001e788cd8710 code [0x000001e788cd88a0, 0x000001e788cd8a18]
Event: 40.085 Thread 0x000001e7fd3dd060 11636       3       org.gradle.api.internal.artifacts.ivyservice.ivyresolve.RepositoryChainComponentMetaDataResolver$$Lambda$1064/0x000001e7987d5f30::call (16 bytes)
Event: 40.086 Thread 0x000001e7fd3dd060 nmethod 11636 0x000001e788cd8a90 code [0x000001e788cd8c40, 0x000001e788cd8de8]
Event: 40.086 Thread 0x000001e7fd3dd060 11643       3       org.gradle.internal.component.model.AttributeMatchingExplanationBuilder::singleMatch (1 bytes)
Event: 40.086 Thread 0x000001e7fd3dd060 nmethod 11643 0x000001e788cd8f10 code [0x000001e788cd90a0, 0x000001e788cd91b8]
Event: 40.096 Thread 0x000001e7fd3dd060 11644       1       io.spring.gradle.dependencymanagement.org.apache.maven.model.ModelBase::setProperties (6 bytes)

GC Heap History (18 events):
Event: 1.585 GC heap before
{Heap before GC invocations=0 (full 0):
 garbage-first heap   total 262144K, used 26624K [0x00000000e0000000, 0x0000000100000000)
  region size 1024K, 23 young (23552K), 0 survivors (0K)
 Metaspace       used 2664K, committed 2816K, reserved 393216K
  class space    used 310K, committed 384K, reserved 327680K
}
Event: 1.594 GC heap after
{Heap after GC invocations=1 (full 0):
 garbage-first heap   total 262144K, used 11063K [0x00000000e0000000, 0x0000000100000000)
  region size 1024K, 3 young (3072K), 3 survivors (3072K)
 Metaspace       used 2664K, committed 2816K, reserved 393216K
  class space    used 310K, committed 384K, reserved 327680K
}
Event: 2.423 GC heap before
{Heap before GC invocations=1 (full 0):
 garbage-first heap   total 262144K, used 38711K [0x00000000e0000000, 0x0000000100000000)
  region size 1024K, 30 young (30720K), 3 survivors (3072K)
 Metaspace       used 4582K, committed 4736K, reserved 393216K
  class space    used 585K, committed 640K, reserved 327680K
}
Event: 2.428 GC heap after
{Heap after GC invocations=2 (full 0):
 garbage-first heap   total 262144K, used 12419K [0x00000000e0000000, 0x0000000100000000)
  region size 1024K, 2 young (2048K), 2 survivors (2048K)
 Metaspace       used 4582K, committed 4736K, reserved 393216K
  class space    used 585K, committed 640K, reserved 327680K
}
Event: 7.322 GC heap before
{Heap before GC invocations=2 (full 0):
 garbage-first heap   total 262144K, used 106627K [0x00000000e0000000, 0x0000000100000000)
  region size 1024K, 92 young (94208K), 2 survivors (2048K)
 Metaspace       used 17340K, committed 17664K, reserved 393216K
  class space    used 2388K, committed 2560K, reserved 327680K
}
Event: 7.336 GC heap after
{Heap after GC invocations=3 (full 0):
 garbage-first heap   total 262144K, used 22387K [0x00000000e0000000, 0x0000000100000000)
  region size 1024K, 11 young (11264K), 11 survivors (11264K)
 Metaspace       used 17340K, committed 17664K, reserved 393216K
  class space    used 2388K, committed 2560K, reserved 327680K
}
Event: 8.620 GC heap before
{Heap before GC invocations=3 (full 0):
 garbage-first heap   total 262144K, used 55155K [0x00000000e0000000, 0x0000000100000000)
  region size 1024K, 44 young (45056K), 11 survivors (11264K)
 Metaspace       used 21233K, committed 21504K, reserved 393216K
  class space    used 3066K, committed 3200K, reserved 327680K
}
Event: 8.629 GC heap after
{Heap after GC invocations=4 (full 0):
 garbage-first heap   total 262144K, used 24550K [0x00000000e0000000, 0x0000000100000000)
  region size 1024K, 13 young (13312K), 13 survivors (13312K)
 Metaspace       used 21233K, committed 21504K, reserved 393216K
  class space    used 3066K, committed 3200K, reserved 327680K
}
Event: 13.424 GC heap before
{Heap before GC invocations=5 (full 0):
 garbage-first heap   total 262144K, used 146406K [0x00000000e0000000, 0x0000000100000000)
  region size 1024K, 132 young (135168K), 13 survivors (13312K)
 Metaspace       used 35554K, committed 35968K, reserved 393216K
  class space    used 4961K, committed 5184K, reserved 327680K
}
Event: 13.445 GC heap after
{Heap after GC invocations=6 (full 0):
 garbage-first heap   total 262144K, used 32941K [0x00000000e0000000, 0x0000000100000000)
  region size 1024K, 11 young (11264K), 11 survivors (11264K)
 Metaspace       used 35554K, committed 35968K, reserved 393216K
  class space    used 4961K, committed 5184K, reserved 327680K
}
Event: 19.369 GC heap before
{Heap before GC invocations=7 (full 0):
 garbage-first heap   total 262144K, used 178349K [0x00000000e0000000, 0x0000000100000000)
  region size 1024K, 153 young (156672K), 11 survivors (11264K)
 Metaspace       used 45231K, committed 45824K, reserved 393216K
  class space    used 6298K, committed 6592K, reserved 327680K
}
Event: 19.392 GC heap after
{Heap after GC invocations=8 (full 0):
 garbage-first heap   total 262144K, used 41849K [0x00000000e0000000, 0x0000000100000000)
  region size 1024K, 20 young (20480K), 20 survivors (20480K)
 Metaspace       used 45231K, committed 45824K, reserved 393216K
  class space    used 6298K, committed 6592K, reserved 327680K
}
Event: 22.454 GC heap before
{Heap before GC invocations=8 (full 0):
 garbage-first heap   total 262144K, used 178041K [0x00000000e0000000, 0x0000000100000000)
  region size 1024K, 153 young (156672K), 20 survivors (20480K)
 Metaspace       used 45884K, committed 46464K, reserved 393216K
  class space    used 6346K, committed 6656K, reserved 327680K
}
Event: 22.478 GC heap after
{Heap after GC invocations=9 (full 0):
 garbage-first heap   total 262144K, used 48523K [0x00000000e0000000, 0x0000000100000000)
  region size 1024K, 17 young (17408K), 17 survivors (17408K)
 Metaspace       used 45884K, committed 46464K, reserved 393216K
  class space    used 6346K, committed 6656K, reserved 327680K
}
Event: 27.348 GC heap before
{Heap before GC invocations=9 (full 0):
 garbage-first heap   total 262144K, used 188811K [0x00000000e0000000, 0x0000000100000000)
  region size 1024K, 153 young (156672K), 17 survivors (17408K)
 Metaspace       used 50434K, committed 51136K, reserved 393216K
  class space    used 6956K, committed 7296K, reserved 327680K
}
Event: 27.374 GC heap after
{Heap after GC invocations=10 (full 0):
 garbage-first heap   total 262144K, used 56611K [0x00000000e0000000, 0x0000000100000000)
  region size 1024K, 15 young (15360K), 15 survivors (15360K)
 Metaspace       used 50434K, committed 51136K, reserved 393216K
  class space    used 6956K, committed 7296K, reserved 327680K
}
Event: 32.292 GC heap before
{Heap before GC invocations=10 (full 0):
 garbage-first heap   total 262144K, used 160035K [0x00000000e0000000, 0x0000000100000000)
  region size 1024K, 117 young (119808K), 15 survivors (15360K)
 Metaspace       used 59335K, committed 60096K, reserved 393216K
  class space    used 8400K, committed 8768K, reserved 327680K
}
Event: 32.311 GC heap after
{Heap after GC invocations=11 (full 0):
 garbage-first heap   total 262144K, used 60595K [0x00000000e0000000, 0x0000000100000000)
  region size 1024K, 13 young (13312K), 13 survivors (13312K)
 Metaspace       used 59335K, committed 60096K, reserved 393216K
  class space    used 8400K, committed 8768K, reserved 327680K
}

Dll operation events (15 events):
Event: 0.024 Loaded shared library C:\Program Files\Eclipse Adoptium\jdk-17.0.20.101-hotspot\bin\java.dll
Event: 0.060 Loaded shared library C:\Program Files\Eclipse Adoptium\jdk-17.0.20.101-hotspot\bin\jsvml.dll
Event: 0.197 Loaded shared library C:\Program Files\Eclipse Adoptium\jdk-17.0.20.101-hotspot\bin\zip.dll
Event: 0.204 Loaded shared library C:\Program Files\Eclipse Adoptium\jdk-17.0.20.101-hotspot\bin\instrument.dll
Event: 0.215 Loaded shared library C:\Program Files\Eclipse Adoptium\jdk-17.0.20.101-hotspot\bin\net.dll
Event: 0.222 Loaded shared library C:\Program Files\Eclipse Adoptium\jdk-17.0.20.101-hotspot\bin\nio.dll
Event: 0.226 Loaded shared library C:\Program Files\Eclipse Adoptium\jdk-17.0.20.101-hotspot\bin\zip.dll
Event: 0.786 Loaded shared library C:\Program Files\Eclipse Adoptium\jdk-17.0.20.101-hotspot\bin\jimage.dll
Event: 1.345 Loaded shared library C:\Program Files\Eclipse Adoptium\jdk-17.0.20.101-hotspot\bin\verify.dll
Event: 1.430 Loaded shared library C:\Users\ASUS\.gradle\native\660c5614fbf4a5f2a75b1949f50a0caf5cd603558e7d8a26e50b933a0cfb79d1\windows-amd64\native-platform.dll
Event: 1.465 Loaded shared library C:\Users\ASUS\.gradle\native\0.2.8\x86_64-windows-gnu\gradle-fileevents.dll
Event: 3.693 Loaded shared library C:\Program Files\Eclipse Adoptium\jdk-17.0.20.101-hotspot\bin\management.dll
Event: 3.707 Loaded shared library C:\Program Files\Eclipse Adoptium\jdk-17.0.20.101-hotspot\bin\management_ext.dll
Event: 4.370 Loaded shared library C:\Program Files\Eclipse Adoptium\jdk-17.0.20.101-hotspot\bin\extnet.dll
Event: 5.002 Loaded shared library C:\Program Files\Eclipse Adoptium\jdk-17.0.20.101-hotspot\bin\sunmscapi.dll

Deoptimization events (20 events):
Event: 38.998 Thread 0x000001e7b22d69b0 DEOPT PACKING pc=0x000001e788add8a1 sp=0x000000df02ff8200
Event: 38.998 Thread 0x000001e7b22d69b0 DEOPT UNPACKING pc=0x000001e78f057143 sp=0x000000df02ff7698 mode 3
Event: 39.321 Thread 0x000001e7b22d69b0 Uncommon trap: trap_request=0xffffff45 fr.pc=0x000001e78fa9141c relative=0x0000000000000e5c
Event: 39.321 Thread 0x000001e7b22d69b0 Uncommon trap: reason=unstable_if action=reinterpret pc=0x000001e78fa9141c method=io.spring.gradle.dependencymanagement.org.codehaus.plexus.util.xml.pull.MXParser.nextImpl()I @ 280 c2
Event: 39.321 Thread 0x000001e7b22d69b0 DEOPT PACKING pc=0x000001e78fa9141c sp=0x000000df02ff8660
Event: 39.321 Thread 0x000001e7b22d69b0 DEOPT UNPACKING pc=0x000001e78f0569a3 sp=0x000000df02ff85e0 mode 2
Event: 39.479 Thread 0x000001e7b22d69b0 Uncommon trap: trap_request=0xffffff45 fr.pc=0x000001e78faddf44 relative=0x0000000000001004
Event: 39.479 Thread 0x000001e7b22d69b0 Uncommon trap: reason=unstable_if action=reinterpret pc=0x000001e78faddf44 method=io.spring.gradle.dependencymanagement.org.codehaus.plexus.util.xml.pull.MXParser.nextImpl()I @ 977 c2
Event: 39.479 Thread 0x000001e7b22d69b0 DEOPT PACKING pc=0x000001e78faddf44 sp=0x000000df02ff8540
Event: 39.479 Thread 0x000001e7b22d69b0 DEOPT UNPACKING pc=0x000001e78f0569a3 sp=0x000000df02ff84c0 mode 2
Event: 39.718 Thread 0x000001e7b22d69b0 DEOPT PACKING pc=0x000001e7888eaade sp=0x000000df02ff8460
Event: 39.718 Thread 0x000001e7b22d69b0 DEOPT UNPACKING pc=0x000001e78f057143 sp=0x000000df02ff7960 mode 0
Event: 39.994 Thread 0x000001e7b22d69b0 Uncommon trap: trap_request=0xffffff45 fr.pc=0x000001e78f5e7638 relative=0x0000000000000498
Event: 39.994 Thread 0x000001e7b22d69b0 Uncommon trap: reason=unstable_if action=reinterpret pc=0x000001e78f5e7638 method=java.lang.AbstractStringBuilder.putStringAt(ILjava/lang/String;II)V @ 8 c2
Event: 39.994 Thread 0x000001e7b22d69b0 DEOPT PACKING pc=0x000001e78f5e7638 sp=0x000000df02ff8610
Event: 39.994 Thread 0x000001e7b22d69b0 DEOPT UNPACKING pc=0x000001e78f0569a3 sp=0x000000df02ff84f0 mode 2
Event: 39.994 Thread 0x000001e7b22d69b0 Uncommon trap: trap_request=0xffffff45 fr.pc=0x000001e78f601bf0 relative=0x00000000000003d0
Event: 39.994 Thread 0x000001e7b22d69b0 Uncommon trap: reason=unstable_if action=reinterpret pc=0x000001e78f601bf0 method=java.lang.AbstractStringBuilder.isLatin1()Z @ 10 c2
Event: 39.994 Thread 0x000001e7b22d69b0 DEOPT PACKING pc=0x000001e78f601bf0 sp=0x000000df02ff8620
Event: 39.994 Thread 0x000001e7b22d69b0 DEOPT UNPACKING pc=0x000001e78f0569a3 sp=0x000000df02ff8598 mode 2

Classes loaded (20 events):
Event: 34.235 Loading class java/util/AbstractSetCustomizer
Event: 34.235 Loading class java/util/AbstractSetCustomizer done
Event: 34.236 Loading class java/util/AbstractSetCustomizer
Event: 34.236 Loading class java/util/AbstractSetCustomizer done
Event: 34.240 Loading class java/util/TreeSetCustomizer
Event: 34.240 Loading class java/util/TreeSetCustomizer done
Event: 34.240 Loading class java/util/TreeSetCustomizer
Event: 34.241 Loading class java/util/TreeSetCustomizer done
Event: 34.880 Loading class java/util/stream/ReduceOps$6
Event: 34.892 Loading class java/util/stream/ReduceOps$6 done
Event: 34.892 Loading class java/util/stream/ReduceOps$5ReducingSink
Event: 34.893 Loading class java/util/stream/ReduceOps$5ReducingSink done
Event: 35.262 Loading class java/io/FileReader
Event: 35.262 Loading class java/io/FileReader done
Event: 35.266 Loading class java/text/MessageFormat
Event: 35.268 Loading class java/text/MessageFormat done
Event: 35.370 Loading class java/lang/StringIndexOutOfBoundsException
Event: 35.371 Loading class java/lang/StringIndexOutOfBoundsException done
Event: 39.954 Loading class jdk/internal/access/foreign/MemorySegmentProxy
Event: 39.954 Loading class jdk/internal/access/foreign/MemorySegmentProxy done

Classes unloaded (3 events):
Event: 32.373 Thread 0x000001e7fd3ae860 Unloading class 0x000001e7986243e8 '_BuildScript_$_run_closure1$_closure2'
Event: 32.373 Thread 0x000001e7fd3ae860 Unloading class 0x000001e798624000 '_BuildScript_$_run_closure1'
Event: 32.373 Thread 0x000001e7fd3ae860 Unloading class 0x000001e79861c000 '_BuildScript_'

Classes redefined (0 events):
No events

Internal exceptions (20 events):
Event: 34.181 Thread 0x000001e7b22d4130 Exception <a 'java/lang/NoSuchMethodError'{0x00000000edc98d80}: static Lorg/gradle/internal/build/event/types/DefaultProjectConfigurationSuccessResult;.<clinit>()V> (0x00000000edc98d80) 
thrown [s\src\hotspot\share\prims\jni.cpp, line 1112]
Event: 34.182 Thread 0x000001e7b22d4130 Exception <a 'java/lang/NoSuchMethodError'{0x00000000edc99f00}: static Lorg/gradle/internal/build/event/types/AbstractProjectConfigurationResult;.<clinit>()V> (0x00000000edc99f00) 
thrown [s\src\hotspot\share\prims\jni.cpp, line 1112]
Event: 34.183 Thread 0x000001e7b22d4130 Exception <a 'java/lang/NoSuchMethodError'{0x00000000edca3cc0}: static Lorg/gradle/internal/build/event/types/DefaultPluginApplicationResult;.<clinit>()V> (0x00000000edca3cc0) 
thrown [s\src\hotspot\share\prims\jni.cpp, line 1112]
Event: 34.185 Thread 0x000001e7b22d4130 Exception <a 'java/lang/NoSuchMethodError'{0x00000000edcae170}: static Lorg/gradle/internal/build/event/types/DefaultBinaryPluginIdentifier;.<clinit>()V> (0x00000000edcae170) 
thrown [s\src\hotspot\share\prims\jni.cpp, line 1112]
Event: 34.189 Thread 0x000001e7b22d4130 Exception <a 'java/lang/NoSuchMethodError'{0x00000000edced438}: static Lorg/gradle/internal/build/event/types/DefaultScriptPluginIdentifier;.<clinit>()V> (0x00000000edced438) 
thrown [s\src\hotspot\share\prims\jni.cpp, line 1112]
Event: 34.193 Thread 0x000001e7b22d69b0 Exception <a 'java/lang/NoSuchMethodError'{0x00000000edb19088}: 'java.lang.Object java.lang.invoke.DelegatingMethodHandle$Holder.reinvoke_L(java.lang.Object, java.lang.Object, java.lang.Object, int, java.lang.Object, java.lang.Object)'> (0x00000000edb19088) 
thrown [s\src\hotspot\share\interpreter\linkResolver.cpp, line 759]
Event: 34.198 Thread 0x000001e7b22d69b0 Exception <a 'java/lang/NoSuchMethodError'{0x00000000edb323a8}: 'java.lang.Object java.lang.invoke.DirectMethodHandle$Holder.invokeStatic(java.lang.Object, java.lang.Object, java.lang.Object, java.lang.Object, java.lang.Object, java.lang.Object, int)'> (0x00000000edb323a8) 
thrown [s\src\hotspot\share\interpreter\linkResolver.cpp, line 759]
Event: 34.206 Thread 0x000001e7b22d69b0 Exception <a 'java/lang/NoSuchMethodError'{0x00000000edb49e40}: 'java.lang.Object java.lang.invoke.DirectMethodHandle$Holder.invokeStatic(java.lang.Object, java.lang.Object, java.lang.Object, java.lang.Object, java.lang.Object, java.lang.Object, int, java.lang.Object)'> (0x00000000edb49e40) 
thrown [s\src\hotspot\share\interpreter\linkResolver.cpp, line 759]
Event: 34.210 Thread 0x000001e7b22d69b0 Exception <a 'java/lang/NoSuchMethodError'{0x00000000edb635c8}: 'java.lang.Object java.lang.invoke.DirectMethodHandle$Holder.invokeStatic(java.lang.Object, java.lang.Object, java.lang.Object, java.lang.Object, java.lang.Object, java.lang.Object, int, java.lang.Object, java.lang.Object)'> (0x00000000edb635c8) 
thrown [s\src\hotspot\share\interpreter\linkResolver.cpp, line 759]
Event: 34.231 Thread 0x000001e7b22d69b0 Exception <a 'java/lang/ClassNotFoundException'{0x00000000edbbda88}: java/util/TreeSetBeanInfo> (0x00000000edbbda88) 
thrown [s\src\hotspot\share\classfile\systemDictionary.cpp, line 257]
Event: 34.235 Thread 0x000001e7b22d69b0 Exception <a 'java/lang/ClassNotFoundException'{0x00000000edbc4600}: java/util/AbstractSetBeanInfo> (0x00000000edbc4600) 
thrown [s\src\hotspot\share\classfile\systemDictionary.cpp, line 257]
Event: 34.236 Thread 0x000001e7b22d69b0 Exception <a 'java/lang/ClassNotFoundException'{0x00000000edbcb228}: java/util/AbstractSetCustomizer> (0x00000000edbcb228) 
thrown [s\src\hotspot\share\classfile\systemDictionary.cpp, line 257]
Event: 34.241 Thread 0x000001e7b22d69b0 Exception <a 'java/lang/ClassNotFoundException'{0x00000000edbf7ef0}: java/util/TreeSetCustomizer> (0x00000000edbf7ef0) 
thrown [s\src\hotspot\share\classfile\systemDictionary.cpp, line 257]
Event: 34.415 Thread 0x000001e7b22d69b0 Exception <a 'java/lang/IncompatibleClassChangeError'{0x00000000ed83f7e0}: Found class java.lang.Object, but interface was expected> (0x00000000ed83f7e0) 
thrown [s\src\hotspot\share\interpreter\linkResolver.cpp, line 826]
Event: 35.490 Thread 0x000001e7b22d69b0 Exception <a 'java/lang/ClassNotFoundException'{0x00000000ec02eb68}: org/gradle/features/internal/binding/ProjectFeaturesDynamicObject_DecoratedBeanInfo> (0x00000000ec02eb68) 
thrown [s\src\hotspot\share\classfile\systemDictionary.cpp, line 257]
Event: 35.491 Thread 0x000001e7b22d69b0 Exception <a 'java/lang/ClassNotFoundException'{0x00000000ec03f340}: org/gradle/features/internal/binding/ProjectFeaturesDynamicObjectBeanInfo> (0x00000000ec03f340) 
thrown [s\src\hotspot\share\classfile\systemDictionary.cpp, line 257]
Event: 35.491 Thread 0x000001e7b22d69b0 Exception <a 'java/lang/ClassNotFoundException'{0x00000000ec04f5d0}: org/gradle/internal/metaobject/AbstractDynamicObjectBeanInfo> (0x00000000ec04f5d0) 
thrown [s\src\hotspot\share\classfile\systemDictionary.cpp, line 257]
Event: 35.492 Thread 0x000001e7b22d69b0 Exception <a 'java/lang/ClassNotFoundException'{0x00000000ec05f858}: org/gradle/internal/metaobject/AbstractDynamicObjectCustomizer> (0x00000000ec05f858) 
thrown [s\src\hotspot\share\classfile\systemDictionary.cpp, line 257]
Event: 35.494 Thread 0x000001e7b22d69b0 Exception <a 'java/lang/ClassNotFoundException'{0x00000000ec07d0a8}: org/gradle/features/internal/binding/ProjectFeaturesDynamicObjectCustomizer> (0x00000000ec07d0a8) 
thrown [s\src\hotspot\share\classfile\systemDictionary.cpp, line 257]
Event: 35.496 Thread 0x000001e7b22d69b0 Exception <a 'java/lang/ClassNotFoundException'{0x00000000ec0943b0}: org/gradle/features/internal/binding/ProjectFeaturesDynamicObject_DecoratedCustomizer> (0x00000000ec0943b0) 
thrown [s\src\hotspot\share\classfile\systemDictionary.cpp, line 257]

VM Operations (20 events):
Event: 34.725 Executing VM operation: HandshakeAllThreads
Event: 34.725 Executing VM operation: HandshakeAllThreads done
Event: 35.302 Executing VM operation: ICBufferFull
Event: 35.303 Executing VM operation: ICBufferFull done
Event: 35.838 Executing VM operation: HandshakeAllThreads
Event: 35.838 Executing VM operation: HandshakeAllThreads done
Event: 35.959 Executing VM operation: ICBufferFull
Event: 35.959 Executing VM operation: ICBufferFull done
Event: 36.964 Executing VM operation: Cleanup
Event: 36.967 Executing VM operation: Cleanup done
Event: 37.980 Executing VM operation: Cleanup
Event: 37.981 Executing VM operation: Cleanup done
Event: 38.814 Executing VM operation: HandshakeAllThreads
Event: 38.814 Executing VM operation: HandshakeAllThreads done
Event: 38.998 Executing VM operation: HandshakeAllThreads
Event: 38.998 Executing VM operation: HandshakeAllThreads done
Event: 38.998 Executing VM operation: Cleanup
Event: 38.998 Executing VM operation: Cleanup done
Event: 39.344 Executing VM operation: HandshakeAllThreads
Event: 39.345 Executing VM operation: HandshakeAllThreads done

Memory protections (0 events):
No events

Nmethod flushes (20 events):
Event: 33.832 Thread 0x000001e7fd3de8f0 flushing  nmethod 0x000001e788718190
Event: 33.832 Thread 0x000001e7fd3de8f0 flushing  nmethod 0x000001e788718690
Event: 33.832 Thread 0x000001e7fd3de8f0 flushing  nmethod 0x000001e78871d890
Event: 33.832 Thread 0x000001e7fd3de8f0 flushing  nmethod 0x000001e78872b290
Event: 33.832 Thread 0x000001e7fd3de8f0 flushing  nmethod 0x000001e788734310
Event: 33.832 Thread 0x000001e7fd3de8f0 flushing  nmethod 0x000001e788759390
Event: 33.832 Thread 0x000001e7fd3de8f0 flushing  nmethod 0x000001e7887a6a10
Event: 33.832 Thread 0x000001e7fd3de8f0 flushing  nmethod 0x000001e7887b2990
Event: 33.832 Thread 0x000001e7fd3de8f0 flushing  nmethod 0x000001e7887c2390
Event: 33.832 Thread 0x000001e7fd3de8f0 flushing  nmethod 0x000001e7887cc290
Event: 33.832 Thread 0x000001e7fd3de8f0 flushing  nmethod 0x000001e7887e9790
Event: 33.833 Thread 0x000001e7fd3de8f0 flushing  nmethod 0x000001e788816f10
Event: 33.833 Thread 0x000001e7fd3de8f0 flushing  nmethod 0x000001e788817d10
Event: 33.833 Thread 0x000001e7fd3de8f0 flushing  nmethod 0x000001e78882a310
Event: 33.833 Thread 0x000001e7fd3de8f0 flushing  nmethod 0x000001e788844e10
Event: 33.833 Thread 0x000001e7fd3de8f0 flushing  nmethod 0x000001e78884ac10
Event: 33.833 Thread 0x000001e7fd3de8f0 flushing  nmethod 0x000001e788852390
Event: 33.833 Thread 0x000001e7fd3de8f0 flushing  nmethod 0x000001e788858010
Event: 33.833 Thread 0x000001e7fd3de8f0 flushing  nmethod 0x000001e788881290
Event: 33.834 Thread 0x000001e7fd3de8f0 flushing  nmethod 0x000001e7888e8a10

Events (20 events):
Event: 22.229 Thread 0x000001e7fd3dd060 Thread added: 0x000001e7b38b1610
Event: 22.875 Thread 0x000001e7b22d69b0 Thread added: 0x000001e7b33b35a0
Event: 23.198 Thread 0x000001e7b22d69b0 Thread added: 0x000001e7b33b3fc0
Event: 23.571 Thread 0x000001e7b22d69b0 Thread added: 0x000001e7b33b1230
Event: 23.904 Thread 0x000001e7b22d69b0 Thread added: 0x000001e7b33b2b80
Event: 24.206 Thread 0x000001e7b22d69b0 Thread added: 0x000001e7b33b1c50
Event: 30.457 Thread 0x000001e7b22d69b0 Thread added: 0x000001e7b33b49e0
Event: 30.458 Thread 0x000001e7b22d69b0 Thread added: 0x000001e7b33b3090
Event: 30.459 Thread 0x000001e7b22d69b0 Thread added: 0x000001e7b33b1740
Event: 30.460 Thread 0x000001e7b22d69b0 Thread added: 0x000001e7b33b2160
Event: 30.460 Thread 0x000001e7b22d69b0 Thread added: 0x000001e7b33b2670
Event: 30.461 Thread 0x000001e7b22d69b0 Thread added: 0x000001e7b515f370
Event: 30.462 Thread 0x000001e7b22d69b0 Thread added: 0x000001e7b515f880
Event: 30.462 Thread 0x000001e7b22d69b0 Thread added: 0x000001e7b51616e0
Event: 30.463 Thread 0x000001e7b22d69b0 Thread added: 0x000001e7b5161bf0
Event: 30.464 Thread 0x000001e7b22d69b0 Thread added: 0x000001e7b51607b0
Event: 30.465 Thread 0x000001e7b22d69b0 Thread added: 0x000001e7b5160cc0
Event: 30.725 Thread 0x000001e7b22d69b0 Thread added: 0x000001e7b5162100
Event: 31.933 Thread 0x000001e7b22d69b0 Thread added: 0x000001e7b5162610
Event: 37.239 Thread 0x000001e7b38b1610 Thread exited: 0x000001e7b38b1610


Dynamic libraries:
0x00007ff682b20000 - 0x00007ff682b2e000 	C:\Program Files\Eclipse Adoptium\jdk-17.0.20.101-hotspot\bin\java.exe
0x00007ffa47f60000 - 0x00007ffa481c7000 	C:\WINDOWS\SYSTEM32\ntdll.dll
0x00007ffa47da0000 - 0x00007ffa47e6b000 	C:\WINDOWS\System32\KERNEL32.DLL
0x00007ffa45550000 - 0x00007ffa45952000 	C:\WINDOWS\System32\KERNELBASE.dll
0x00007ffa45960000 - 0x00007ffa45aac000 	C:\WINDOWS\System32\ucrtbase.dll
0x00007ffa02740000 - 0x00007ffa02758000 	C:\Program Files\Eclipse Adoptium\jdk-17.0.20.101-hotspot\bin\jli.dll
0x00007ffa02760000 - 0x00007ffa0277e000 	C:\Program Files\Eclipse Adoptium\jdk-17.0.20.101-hotspot\bin\VCRUNTIME140.dll
0x00007ffa45de0000 - 0x00007ffa45faf000 	C:\WINDOWS\System32\USER32.dll
0x00007ffa45ac0000 - 0x00007ffa45ae7000 	C:\WINDOWS\System32\win32u.dll
0x00007ffa47930000 - 0x00007ffa4795b000 	C:\WINDOWS\System32\GDI32.dll
0x00007ffa233a0000 - 0x00007ffa23630000 	C:\WINDOWS\WinSxS\amd64_microsoft.windows.common-controls_6595b64144ccf1df_6.0.26100.9278_none_3e0d1ba8e3303201\COMCTL32.dll
0x00007ffa45160000 - 0x00007ffa45289000 	C:\WINDOWS\System32\gdi32full.dll
0x00007ffa45290000 - 0x00007ffa45333000 	C:\WINDOWS\System32\msvcp_win.dll
0x00007ffa47e70000 - 0x00007ffa47f19000 	C:\WINDOWS\System32\msvcrt.dll
0x00007ffa478f0000 - 0x00007ffa47921000 	C:\WINDOWS\System32\IMM32.DLL
0x00007ffa02730000 - 0x00007ffa0273c000 	C:\Program Files\Eclipse Adoptium\jdk-17.0.20.101-hotspot\bin\vcruntime140_1.dll
0x00007ff992860000 - 0x00007ff9928ed000 	C:\Program Files\Eclipse Adoptium\jdk-17.0.20.101-hotspot\bin\msvcp140.dll
0x00007ff97d990000 - 0x00007ff97e5fc000 	C:\Program Files\Eclipse Adoptium\jdk-17.0.20.101-hotspot\bin\server\jvm.dll
0x00007ffa46140000 - 0x00007ffa461fc000 	C:\WINDOWS\System32\ADVAPI32.dll
0x00007ffa463b0000 - 0x00007ffa46459000 	C:\WINDOWS\System32\sechost.dll
0x00007ffa46000000 - 0x00007ffa46118000 	C:\WINDOWS\System32\RPCRT4.dll
0x00007ffa46460000 - 0x00007ffa464e0000 	C:\WINDOWS\System32\WS2_32.dll
0x00007ffa44fc0000 - 0x00007ffa4501e000 	C:\WINDOWS\SYSTEM32\POWRPROF.dll
0x00007ffa3a580000 - 0x00007ffa3a5b6000 	C:\WINDOWS\SYSTEM32\WINMM.dll
0x00007ffa32f70000 - 0x00007ffa32f7b000 	C:\WINDOWS\SYSTEM32\VERSION.dll
0x00007ffa44fa0000 - 0x00007ffa44fb5000 	C:\WINDOWS\SYSTEM32\UMPDC.dll
0x00007ffa43e30000 - 0x00007ffa43e4b000 	C:\WINDOWS\SYSTEM32\kernel.appcore.dll
0x00007ffa02720000 - 0x00007ffa0272a000 	C:\Program Files\Eclipse Adoptium\jdk-17.0.20.101-hotspot\bin\jimage.dll
0x00007ffa42590000 - 0x00007ffa427dc000 	C:\WINDOWS\SYSTEM32\DBGHELP.DLL
0x00007ffa46590000 - 0x00007ffa46915000 	C:\WINDOWS\System32\combase.dll
0x00007ffa46970000 - 0x00007ffa46a49000 	C:\WINDOWS\System32\OLEAUT32.dll
0x00007ffa178f0000 - 0x00007ffa1792b000 	C:\WINDOWS\SYSTEM32\dbgcore.DLL
0x00007ffa453d0000 - 0x00007ffa4547c000 	C:\WINDOWS\System32\bcryptPrimitives.dll
0x00007ff9fe730000 - 0x00007ff9fe73e000 	C:\Program Files\Eclipse Adoptium\jdk-17.0.20.101-hotspot\bin\instrument.dll
0x00007ff9cafc0000 - 0x00007ff9cafe5000 	C:\Program Files\Eclipse Adoptium\jdk-17.0.20.101-hotspot\bin\java.dll
0x00007ff989280000 - 0x00007ff989357000 	C:\Program Files\Eclipse Adoptium\jdk-17.0.20.101-hotspot\bin\jsvml.dll
0x00007ffa470f0000 - 0x00007ffa47888000 	C:\WINDOWS\System32\SHELL32.dll
0x00007ffa42b60000 - 0x00007ffa4340e000 	C:\WINDOWS\SYSTEM32\windows.storage.dll
0x00007ffa47ca0000 - 0x00007ffa47d9b000 	C:\WINDOWS\System32\SHCORE.dll
0x00007ffa46520000 - 0x00007ffa46586000 	C:\WINDOWS\System32\shlwapi.dll
0x00007ffa45080000 - 0x00007ffa450a9000 	C:\WINDOWS\SYSTEM32\profapi.dll
0x00007ff9be1b0000 - 0x00007ff9be1c8000 	C:\Program Files\Eclipse Adoptium\jdk-17.0.20.101-hotspot\bin\zip.dll
0x00007ff9c2170000 - 0x00007ff9c218a000 	C:\Program Files\Eclipse Adoptium\jdk-17.0.20.101-hotspot\bin\net.dll
0x00007ffa34480000 - 0x00007ffa345aa000 	C:\WINDOWS\SYSTEM32\WINHTTP.dll
0x00007ffa443f0000 - 0x00007ffa4445c000 	C:\WINDOWS\system32\mswsock.dll
0x00007ff9bef10000 - 0x00007ff9bef26000 	C:\Program Files\Eclipse Adoptium\jdk-17.0.20.101-hotspot\bin\nio.dll
0x00007ffa00e00000 - 0x00007ffa00e10000 	C:\Program Files\Eclipse Adoptium\jdk-17.0.20.101-hotspot\bin\verify.dll
0x00007ff9b0590000 - 0x00007ff9b05b7000 	C:\Users\ASUS\.gradle\native\660c5614fbf4a5f2a75b1949f50a0caf5cd603558e7d8a26e50b933a0cfb79d1\windows-amd64\native-platform.dll
0x00007ff992f70000 - 0x00007ff992fe7000 	C:\Users\ASUS\.gradle\native\0.2.8\x86_64-windows-gnu\gradle-fileevents.dll
0x00007ffa01e60000 - 0x00007ffa01e6a000 	C:\Program Files\Eclipse Adoptium\jdk-17.0.20.101-hotspot\bin\management.dll
0x00007ffa01d90000 - 0x00007ffa01d9c000 	C:\Program Files\Eclipse Adoptium\jdk-17.0.20.101-hotspot\bin\management_ext.dll
0x00007ffa45fe0000 - 0x00007ffa45fe8000 	C:\WINDOWS\System32\PSAPI.DLL
0x00007ffa436f0000 - 0x00007ffa43723000 	C:\WINDOWS\SYSTEM32\IPHLPAPI.DLL
0x00007ffa45d10000 - 0x00007ffa45d1a000 	C:\WINDOWS\System32\NSI.dll
0x00007ffa3bd50000 - 0x00007ffa3bd6d000 	C:\WINDOWS\SYSTEM32\dhcpcsvc6.DLL
0x00007ffa3bd20000 - 0x00007ffa3bd45000 	C:\WINDOWS\SYSTEM32\dhcpcsvc.DLL
0x00007ffa43730000 - 0x00007ffa43888000 	C:\WINDOWS\SYSTEM32\DNSAPI.dll
0x00007ffa44180000 - 0x00007ffa4418d000 	C:\WINDOWS\SYSTEM32\DSPARSE.dll
0x00007ffa00cd0000 - 0x00007ffa00cd9000 	C:\Program Files\Eclipse Adoptium\jdk-17.0.20.101-hotspot\bin\extnet.dll
0x00007ffa446e0000 - 0x00007ffa446fb000 	C:\WINDOWS\SYSTEM32\CRYPTSP.dll
0x00007ffa43d90000 - 0x00007ffa43dc9000 	C:\WINDOWS\system32\rsaenh.dll
0x00007ffa444a0000 - 0x00007ffa444d4000 	C:\WINDOWS\SYSTEM32\USERENV.dll
0x00007ffa45050000 - 0x00007ffa4507a000 	C:\WINDOWS\SYSTEM32\bcrypt.dll
0x00007ffa44700000 - 0x00007ffa4470c000 	C:\WINDOWS\SYSTEM32\CRYPTBASE.dll
0x00007ff9f9600000 - 0x00007ff9f960e000 	C:\Program Files\Eclipse Adoptium\jdk-17.0.20.101-hotspot\bin\sunmscapi.dll
0x00007ffa45af0000 - 0x00007ffa45c6e000 	C:\WINDOWS\System32\CRYPT32.dll
0x00007ffa44920000 - 0x00007ffa44950000 	C:\WINDOWS\SYSTEM32\ncrypt.dll
0x00007ffa448d0000 - 0x00007ffa4490f000 	C:\WINDOWS\SYSTEM32\NTASN1.dll
0x00007ffa1ed40000 - 0x00007ffa1ed48000 	C:\WINDOWS\system32\wshunix.dll
0x00007ffa43f60000 - 0x00007ffa43f96000 	C:\WINDOWS\SYSTEM32\ntmarta.dll

dbghelp: loaded successfully - version: 4.0.5 - missing functions: none
symbol engine: initialized successfully - sym options: 0x614 - pdb path: .;C:\Program Files\Eclipse Adoptium\jdk-17.0.20.101-hotspot\bin;C:\WINDOWS\SYSTEM32;C:\WINDOWS\WinSxS\amd64_microsoft.windows.common-controls_6595b64144ccf1df_6.0.26100.9278_none_3e0d1ba8e3303201;C:\Program Files\Eclipse Adoptium\jdk-17.0.20.101-hotspot\bin\server;C:\Users\ASUS\.gradle\native\660c5614fbf4a5f2a75b1949f50a0caf5cd603558e7d8a26e50b933a0cfb79d1\windows-amd64;C:\Users\ASUS\.gradle\native\0.2.8\x86_64-windows-gnu

VM Arguments:
jvm_args: --add-opens=java.base/java.lang=ALL-UNNAMED --add-opens=java.base/java.lang.invoke=ALL-UNNAMED --add-opens=java.base/java.util=ALL-UNNAMED --add-opens=java.prefs/java.util.prefs=ALL-UNNAMED --add-exports=jdk.compiler/com.sun.tools.javac.api=ALL-UNNAMED --add-exports=jdk.compiler/com.sun.tools.javac.util=ALL-UNNAMED --add-opens=java.base/java.nio.charset=ALL-UNNAMED --add-opens=java.base/java.net=ALL-UNNAMED --add-opens=java.base/java.util.concurrent=ALL-UNNAMED --add-opens=java.base/java.util.concurrent.atomic=ALL-UNNAMED --add-opens=java.xml/javax.xml.namespace=ALL-UNNAMED --add-opens=java.base/java.time=ALL-UNNAMED -XX:MaxMetaspaceSize=384m -XX:+HeapDumpOnOutOfMemoryError -Xms256m -Xmx512m -Dfile.encoding=UTF-8 -Duser.country=IN -Duser.language=en -Duser.variant -javaagent:C:\Users\ASUS\.gradle\wrapper\dists\gradle-9.7.1-bin\1w1c7tv4s851m17nbqdsro2tv\gradle-9.7.1\lib\agents\gradle-instrumentation-agent-9.7.1.jar 
java_command: org.gradle.launcher.daemon.bootstrap.GradleDaemon 9.7.1
java_class_path (initial): C:\Users\ASUS\.gradle\wrapper\dists\gradle-9.7.1-bin\1w1c7tv4s851m17nbqdsro2tv\gradle-9.7.1\lib\gradle-daemon-main-9.7.1.jar
Launcher Type: SUN_STANDARD

[Global flags]
     intx CICompilerCount                          = 4                                         {product} {ergonomic}
   size_t CompressedClassSpaceSize                 = 335544320                                 {product} {ergonomic}
     uint ConcGCThreads                            = 3                                         {product} {ergonomic}
     uint G1ConcRefinementThreads                  = 10                                        {product} {ergonomic}
   size_t G1HeapRegionSize                         = 1048576                                   {product} {ergonomic}
    uintx GCDrainStackTargetSize                   = 64                                        {product} {ergonomic}
     bool HeapDumpOnOutOfMemoryError               = true                                   {manageable} {command line}
   size_t InitialHeapSize                          = 268435456                                 {product} {command line}
   size_t MarkStackSize                            = 4194304                                   {product} {ergonomic}
   size_t MaxHeapSize                              = 536870912                                 {product} {command line}
   size_t MaxMetaspaceSize                         = 402653184                                 {product} {command line}
   size_t MaxNewSize                               = 321912832                                 {product} {ergonomic}
   size_t MinHeapDeltaBytes                        = 1048576                                   {product} {ergonomic}
   size_t MinHeapSize                              = 268435456                                 {product} {command line}
    uintx NonNMethodCodeHeapSize                   = 5839372                                {pd product} {ergonomic}
    uintx NonProfiledCodeHeapSize                  = 122909434                              {pd product} {ergonomic}
    uintx ProfiledCodeHeapSize                     = 122909434                              {pd product} {ergonomic}
    uintx ReservedCodeCacheSize                    = 251658240                              {pd product} {ergonomic}
     bool SegmentedCodeCache                       = true                                      {product} {ergonomic}
   size_t SoftMaxHeapSize                          = 536870912                              {manageable} {ergonomic}
     bool UseCompressedClassPointers               = true                           {product lp64_product} {ergonomic}
     bool UseCompressedOops                        = true                           {product lp64_product} {ergonomic}
     bool UseG1GC                                  = true                                      {product} {ergonomic}
     bool UseLargePagesIndividualAllocation        = false                                  {pd product} {ergonomic}

Logging:
Log output configuration:
 #0: stdout all=warning uptime,level,tags
 #1: stderr all=off uptime,level,tags

Environment Variables:
PATH=C:\Program Files\Eclipse Adoptium\jdk-17.0.20.101-hotspot\bin;C:\Python314\Scripts\;C:\Python314\;C:\WINDOWS\system32;C:\WINDOWS;C:\WINDOWS\System32\Wbem;C:\WINDOWS\System32\WindowsPowerShell\v1.0\;C:\WINDOWS\System32\OpenSSH\;C:\MinGW\bin;C:\Program Files (x86)\Windows Kits\10\Windows Performance Toolkit\;C:\Program Files\dotnet\;C:\Program Files\nodejs\;C:\ProgramData\chocolatey\bin;C:\Program Files\Git\cmd;E:\Microsoft VS Code\bin;C:\Program Files\MySQL\MySQL Shell 8.0\bin\;C:\Users\ASUS\AppData\Local\Microsoft\WindowsApps;C:\MinGW\bin;C:\Users\ASUS\AppData\Roaming\npm;C:\ProgramData\ASUS\GitHubDesktop\bin;C:\Users\ASUS\AppData\Local\GitHubDesktop\bin;C:\Users\ASUS\.bun\bin;E:\Development\maven\apache-maven-3.9.16\bin;
USERNAME=ASUS
OS=Windows_NT
PROCESSOR_IDENTIFIER=Intel64 Family 6 Model 186 Stepping 3, GenuineIntel
TMP=C:\Users\ASUS\AppData\Local\Temp
TEMP=C:\Users\ASUS\AppData\Local\Temp



Periodic native trim disabled


---------------  S Y S T E M  ---------------

OS:
 Windows 11 , 64 bit Build 26100 (10.0.26100.9444)
OS uptime: 0 days 1:05 hours
Hyper-V role detected

CPU: total 12 (initial active 12) (6 cores per cpu, 2 threads per core) family 6 model 186 stepping 3 microcode 0x4129, cx8, cmov, fxsr, ht, mmx, 3dnowpref, sse, sse2, sse3, ssse3, sse4.1, sse4.2, popcnt, lzcnt, tsc, tscinvbit, avx, avx2, aes, erms, clmul, bmi1, bmi2, adx, sha, fma, vzeroupper, clflush, clflushopt, clwb, hv
Processor Information for processor 0
  Max Mhz: 1300, Current Mhz: 1300, Mhz Limit: 1300
Processor Information for processor 1
  Max Mhz: 1300, Current Mhz: 1300, Mhz Limit: 1300
Processor Information for processor 2
  Max Mhz: 1300, Current Mhz: 1300, Mhz Limit: 1300
Processor Information for processor 3
  Max Mhz: 1300, Current Mhz: 1300, Mhz Limit: 1300
Processor Information for processor 4
  Max Mhz: 1300, Current Mhz: 900, Mhz Limit: 897
Processor Information for processor 5
  Max Mhz: 1300, Current Mhz: 900, Mhz Limit: 897
Processor Information for processor 6
  Max Mhz: 1300, Current Mhz: 900, Mhz Limit: 897
Processor Information for processor 7
  Max Mhz: 1300, Current Mhz: 900, Mhz Limit: 897
Processor Information for processor 8
  Max Mhz: 1300, Current Mhz: 900, Mhz Limit: 897
Processor Information for processor 9
  Max Mhz: 1300, Current Mhz: 900, Mhz Limit: 897
Processor Information for processor 10
  Max Mhz: 1300, Current Mhz: 900, Mhz Limit: 897
Processor Information for processor 11
  Max Mhz: 1300, Current Mhz: 900, Mhz Limit: 897

Memory: 4k page, system-wide physical 7817M (181M free)
TotalPageFile size 18479M (AvailPageFile size 2M)
current process WorkingSet (physical memory assigned to process): 411M, peak: 430M
current process commit charge ("private bytes"): 529M, peak: 530M

vm_info: OpenJDK 64-Bit Server VM (17.0.20.1+1) for windows-amd64 JRE (17.0.20.1+1), built on Aug 18 2026 20:44:09 by "admin" with MS VC++ 17.12 (VS2022)

END.
